Archive member included to satisfy reference by file (symbol)

../libopencm3/lib\libopencm3_stm32f1.a(gpio.o)
                              src/firmware.o (gpio_set_mode)
../libopencm3/lib\libopencm3_stm32f1.a(gpio_common_all.o)
                              src/firmware.o (gpio_toggle)
../libopencm3/lib\libopencm3_stm32f1.a(rcc.o)
                              src/core/system.o (rcc_clock_setup_pll)
../libopencm3/lib\libopencm3_stm32f1.a(rcc_common_all.o)
                              src/firmware.o (rcc_periph_clock_enable)
../libopencm3/lib\libopencm3_stm32f1.a(vector.o)
                              (reset_handler)
../libopencm3/lib\libopencm3_stm32f1.a(systick.o)
                              src/core/system.o (systick_set_reload)
../libopencm3/lib\libopencm3_stm32f1.a(assert.o)
                              ../libopencm3/lib\libopencm3_stm32f1.a(rcc.o) (cm3_assert_failed)
../libopencm3/lib\libopencm3_stm32f1.a(flash_common_all.o)
                              ../libopencm3/lib\libopencm3_stm32f1.a(rcc.o) (flash_set_ws)

Discarded input sections

 .group         0x00000000        0xc src/firmware.o
 .group         0x00000000        0xc src/firmware.o
 .group         0x00000000        0xc src/firmware.o
 .group         0x00000000        0xc src/firmware.o
 .group         0x00000000        0xc src/firmware.o
 .group         0x00000000        0xc src/firmware.o
 .group         0x00000000        0xc src/firmware.o
 .group         0x00000000        0xc src/firmware.o
 .group         0x00000000        0xc src/firmware.o
 .group         0x00000000        0xc src/firmware.o
 .group         0x00000000        0xc src/firmware.o
 .group         0x00000000        0xc src/firmware.o
 .group         0x00000000        0xc src/firmware.o
 .group         0x00000000        0xc src/firmware.o
 .group         0x00000000        0xc src/firmware.o
 .text          0x00000000        0x0 src/firmware.o
 .data          0x00000000        0x0 src/firmware.o
 .bss           0x00000000        0x0 src/firmware.o
 .group         0x00000000        0xc src/core/system.o
 .group         0x00000000        0xc src/core/system.o
 .group         0x00000000        0xc src/core/system.o
 .group         0x00000000        0xc src/core/system.o
 .group         0x00000000        0xc src/core/system.o
 .group         0x00000000        0xc src/core/system.o
 .group         0x00000000        0xc src/core/system.o
 .group         0x00000000        0xc src/core/system.o
 .group         0x00000000        0xc src/core/system.o
 .group         0x00000000        0xc src/core/system.o
 .group         0x00000000        0xc src/core/system.o
 .group         0x00000000        0xc src/core/system.o
 .group         0x00000000        0xc src/core/system.o
 .group         0x00000000        0xc src/core/system.o
 .text          0x00000000        0x0 src/core/system.o
 .data          0x00000000        0x0 src/core/system.o
 .bss           0x00000000        0x0 src/core/system.o
 .debug_macro   0x00000000      0xad2 src/core/system.o
 .debug_macro   0x00000000       0x1c src/core/system.o
 .debug_macro   0x00000000       0x22 src/core/system.o
 .debug_macro   0x00000000       0x56 src/core/system.o
 .debug_macro   0x00000000       0x6d src/core/system.o
 .debug_macro   0x00000000      0x103 src/core/system.o
 .debug_macro   0x00000000       0x6a src/core/system.o
 .debug_macro   0x00000000      0x1d0 src/core/system.o
 .debug_macro   0x00000000       0x22 src/core/system.o
 .debug_macro   0x00000000       0xe8 src/core/system.o
 .debug_macro   0x00000000       0x76 src/core/system.o
 .debug_macro   0x00000000      0x1b4 src/core/system.o
 .debug_macro   0x00000000      0x8c6 src/core/system.o
 .group         0x00000000        0xc ../libopencm3/lib\libopencm3_stm32f1.a(gpio.o)
 .group         0x00000000        0xc ../libopencm3/lib\libopencm3_stm32f1.a(gpio.o)
 .group         0x00000000        0xc ../libopencm3/lib\libopencm3_stm32f1.a(gpio.o)
 .group         0x00000000        0xc ../libopencm3/lib\libopencm3_stm32f1.a(gpio.o)
 .group         0x00000000        0xc ../libopencm3/lib\libopencm3_stm32f1.a(gpio.o)
 .group         0x00000000        0xc ../libopencm3/lib\libopencm3_stm32f1.a(gpio.o)
 .group         0x00000000        0xc ../libopencm3/lib\libopencm3_stm32f1.a(gpio.o)
 .group         0x00000000        0xc ../libopencm3/lib\libopencm3_stm32f1.a(gpio.o)
 .group         0x00000000        0xc ../libopencm3/lib\libopencm3_stm32f1.a(gpio.o)
 .group         0x00000000        0xc ../libopencm3/lib\libopencm3_stm32f1.a(gpio.o)
 .group         0x00000000        0xc ../libopencm3/lib\libopencm3_stm32f1.a(gpio.o)
 .group         0x00000000        0xc ../libopencm3/lib\libopencm3_stm32f1.a(gpio.o)
 .group         0x00000000        0xc ../libopencm3/lib\libopencm3_stm32f1.a(gpio.o)
 .group         0x00000000        0xc ../libopencm3/lib\libopencm3_stm32f1.a(gpio.o)
 .text          0x00000000        0x0 ../libopencm3/lib\libopencm3_stm32f1.a(gpio.o)
 .data          0x00000000        0x0 ../libopencm3/lib\libopencm3_stm32f1.a(gpio.o)
 .bss           0x00000000        0x0 ../libopencm3/lib\libopencm3_stm32f1.a(gpio.o)
 .text.gpio_set_eventout
                0x00000000       0x10 ../libopencm3/lib\libopencm3_stm32f1.a(gpio.o)
 .text.gpio_primary_remap
                0x00000000       0x14 ../libopencm3/lib\libopencm3_stm32f1.a(gpio.o)
 .text.gpio_secondary_remap
                0x00000000       0x10 ../libopencm3/lib\libopencm3_stm32f1.a(gpio.o)
 .debug_macro   0x00000000      0xad2 ../libopencm3/lib\libopencm3_stm32f1.a(gpio.o)
 .debug_macro   0x00000000       0x1c ../libopencm3/lib\libopencm3_stm32f1.a(gpio.o)
 .debug_macro   0x00000000       0x22 ../libopencm3/lib\libopencm3_stm32f1.a(gpio.o)
 .debug_macro   0x00000000       0x56 ../libopencm3/lib\libopencm3_stm32f1.a(gpio.o)
 .debug_macro   0x00000000       0x6d ../libopencm3/lib\libopencm3_stm32f1.a(gpio.o)
 .debug_macro   0x00000000      0x103 ../libopencm3/lib\libopencm3_stm32f1.a(gpio.o)
 .debug_macro   0x00000000       0x6a ../libopencm3/lib\libopencm3_stm32f1.a(gpio.o)
 .debug_macro   0x00000000      0x1d0 ../libopencm3/lib\libopencm3_stm32f1.a(gpio.o)
 .debug_macro   0x00000000       0x22 ../libopencm3/lib\libopencm3_stm32f1.a(gpio.o)
 .debug_macro   0x00000000       0xe8 ../libopencm3/lib\libopencm3_stm32f1.a(gpio.o)
 .debug_macro   0x00000000       0x76 ../libopencm3/lib\libopencm3_stm32f1.a(gpio.o)
 .debug_macro   0x00000000      0x1b4 ../libopencm3/lib\libopencm3_stm32f1.a(gpio.o)
 .debug_macro   0x00000000       0x76 ../libopencm3/lib\libopencm3_stm32f1.a(gpio.o)
 .debug_macro   0x00000000      0xe2e ../libopencm3/lib\libopencm3_stm32f1.a(gpio.o)
 .group         0x00000000        0xc ../libopencm3/lib\libopencm3_stm32f1.a(gpio_common_all.o)
 .group         0x00000000        0xc ../libopencm3/lib\libopencm3_stm32f1.a(gpio_common_all.o)
 .group         0x00000000        0xc ../libopencm3/lib\libopencm3_stm32f1.a(gpio_common_all.o)
 .group         0x00000000        0xc ../libopencm3/lib\libopencm3_stm32f1.a(gpio_common_all.o)
 .group         0x00000000        0xc ../libopencm3/lib\libopencm3_stm32f1.a(gpio_common_all.o)
 .group         0x00000000        0xc ../libopencm3/lib\libopencm3_stm32f1.a(gpio_common_all.o)
 .group         0x00000000        0xc ../libopencm3/lib\libopencm3_stm32f1.a(gpio_common_all.o)
 .group         0x00000000        0xc ../libopencm3/lib\libopencm3_stm32f1.a(gpio_common_all.o)
 .group         0x00000000        0xc ../libopencm3/lib\libopencm3_stm32f1.a(gpio_common_all.o)
 .group         0x00000000        0xc ../libopencm3/lib\libopencm3_stm32f1.a(gpio_common_all.o)
 .group         0x00000000        0xc ../libopencm3/lib\libopencm3_stm32f1.a(gpio_common_all.o)
 .group         0x00000000        0xc ../libopencm3/lib\libopencm3_stm32f1.a(gpio_common_all.o)
 .group         0x00000000        0xc ../libopencm3/lib\libopencm3_stm32f1.a(gpio_common_all.o)
 .group         0x00000000        0xc ../libopencm3/lib\libopencm3_stm32f1.a(gpio_common_all.o)
 .text          0x00000000        0x0 ../libopencm3/lib\libopencm3_stm32f1.a(gpio_common_all.o)
 .data          0x00000000        0x0 ../libopencm3/lib\libopencm3_stm32f1.a(gpio_common_all.o)
 .bss           0x00000000        0x0 ../libopencm3/lib\libopencm3_stm32f1.a(gpio_common_all.o)
 .text.gpio_set
                0x00000000        0x4 ../libopencm3/lib\libopencm3_stm32f1.a(gpio_common_all.o)
 .text.gpio_clear
                0x00000000        0x6 ../libopencm3/lib\libopencm3_stm32f1.a(gpio_common_all.o)
 .text.gpio_get
                0x00000000        0x6 ../libopencm3/lib\libopencm3_stm32f1.a(gpio_common_all.o)
 .text.gpio_port_read
                0x00000000        0x6 ../libopencm3/lib\libopencm3_stm32f1.a(gpio_common_all.o)
 .text.gpio_port_write
                0x00000000        0x4 ../libopencm3/lib\libopencm3_stm32f1.a(gpio_common_all.o)
 .text.gpio_port_config_lock
                0x00000000       0x10 ../libopencm3/lib\libopencm3_stm32f1.a(gpio_common_all.o)
 .debug_macro   0x00000000      0xad2 ../libopencm3/lib\libopencm3_stm32f1.a(gpio_common_all.o)
 .debug_macro   0x00000000       0x1c ../libopencm3/lib\libopencm3_stm32f1.a(gpio_common_all.o)
 .debug_macro   0x00000000       0x22 ../libopencm3/lib\libopencm3_stm32f1.a(gpio_common_all.o)
 .debug_macro   0x00000000       0x56 ../libopencm3/lib\libopencm3_stm32f1.a(gpio_common_all.o)
 .debug_macro   0x00000000       0x6d ../libopencm3/lib\libopencm3_stm32f1.a(gpio_common_all.o)
 .debug_macro   0x00000000      0x103 ../libopencm3/lib\libopencm3_stm32f1.a(gpio_common_all.o)
 .debug_macro   0x00000000       0x6a ../libopencm3/lib\libopencm3_stm32f1.a(gpio_common_all.o)
 .debug_macro   0x00000000      0x1d0 ../libopencm3/lib\libopencm3_stm32f1.a(gpio_common_all.o)
 .debug_macro   0x00000000       0x22 ../libopencm3/lib\libopencm3_stm32f1.a(gpio_common_all.o)
 .debug_macro   0x00000000       0xe8 ../libopencm3/lib\libopencm3_stm32f1.a(gpio_common_all.o)
 .debug_macro   0x00000000       0x76 ../libopencm3/lib\libopencm3_stm32f1.a(gpio_common_all.o)
 .debug_macro   0x00000000      0x1b4 ../libopencm3/lib\libopencm3_stm32f1.a(gpio_common_all.o)
 .debug_macro   0x00000000       0x76 ../libopencm3/lib\libopencm3_stm32f1.a(gpio_common_all.o)
 .debug_macro   0x00000000      0xe2e ../libopencm3/lib\libopencm3_stm32f1.a(gpio_common_all.o)
 .group         0x00000000        0xc ../libopencm3/lib\libopencm3_stm32f1.a(rcc.o)
 .group         0x00000000        0xc ../libopencm3/lib\libopencm3_stm32f1.a(rcc.o)
 .group         0x00000000        0xc ../libopencm3/lib\libopencm3_stm32f1.a(rcc.o)
 .group         0x00000000        0xc ../libopencm3/lib\libopencm3_stm32f1.a(rcc.o)
 .group         0x00000000        0xc ../libopencm3/lib\libopencm3_stm32f1.a(rcc.o)
 .group         0x00000000        0xc ../libopencm3/lib\libopencm3_stm32f1.a(rcc.o)
 .group         0x00000000        0xc ../libopencm3/lib\libopencm3_stm32f1.a(rcc.o)
 .group         0x00000000        0xc ../libopencm3/lib\libopencm3_stm32f1.a(rcc.o)
 .group         0x00000000        0xc ../libopencm3/lib\libopencm3_stm32f1.a(rcc.o)
 .group         0x00000000        0xc ../libopencm3/lib\libopencm3_stm32f1.a(rcc.o)
 .group         0x00000000        0xc ../libopencm3/lib\libopencm3_stm32f1.a(rcc.o)
 .group         0x00000000        0xc ../libopencm3/lib\libopencm3_stm32f1.a(rcc.o)
 .group         0x00000000        0xc ../libopencm3/lib\libopencm3_stm32f1.a(rcc.o)
 .group         0x00000000        0xc ../libopencm3/lib\libopencm3_stm32f1.a(rcc.o)
 .group         0x00000000        0xc ../libopencm3/lib\libopencm3_stm32f1.a(rcc.o)
 .group         0x00000000        0xc ../libopencm3/lib\libopencm3_stm32f1.a(rcc.o)
 .text          0x00000000        0x0 ../libopencm3/lib\libopencm3_stm32f1.a(rcc.o)
 .data          0x00000000        0x0 ../libopencm3/lib\libopencm3_stm32f1.a(rcc.o)
 .bss           0x00000000        0x0 ../libopencm3/lib\libopencm3_stm32f1.a(rcc.o)
 .text.rcc_osc_ready_int_clear
                0x00000000       0x5c ../libopencm3/lib\libopencm3_stm32f1.a(rcc.o)
 .text.rcc_osc_ready_int_enable
                0x00000000       0x5c ../libopencm3/lib\libopencm3_stm32f1.a(rcc.o)
 .text.rcc_osc_ready_int_disable
                0x00000000       0x5c ../libopencm3/lib\libopencm3_stm32f1.a(rcc.o)
 .text.rcc_osc_ready_int_flag
                0x00000000       0x54 ../libopencm3/lib\libopencm3_stm32f1.a(rcc.o)
 .text.rcc_css_int_clear
                0x00000000       0x10 ../libopencm3/lib\libopencm3_stm32f1.a(rcc.o)
 .text.rcc_css_int_flag
                0x00000000       0x10 ../libopencm3/lib\libopencm3_stm32f1.a(rcc.o)
 .text.rcc_osc_off
                0x00000000       0x60 ../libopencm3/lib\libopencm3_stm32f1.a(rcc.o)
 .text.rcc_css_enable
                0x00000000       0x10 ../libopencm3/lib\libopencm3_stm32f1.a(rcc.o)
 .text.rcc_css_disable
                0x00000000       0x10 ../libopencm3/lib\libopencm3_stm32f1.a(rcc.o)
 .text.rcc_rtc_clock_enabled_flag
                0x00000000       0x10 ../libopencm3/lib\libopencm3_stm32f1.a(rcc.o)
 .text.rcc_enable_rtc_clock
                0x00000000       0x10 ../libopencm3/lib\libopencm3_stm32f1.a(rcc.o)
 .text.rcc_set_rtc_clock_source
                0x00000000       0x84 ../libopencm3/lib\libopencm3_stm32f1.a(rcc.o)
 .text.rcc_system_clock_source
                0x00000000       0x10 ../libopencm3/lib\libopencm3_stm32f1.a(rcc.o)
 .text.rcc_clock_setup_in_hsi_out_64mhz
                0x00000000       0x70 ../libopencm3/lib\libopencm3_stm32f1.a(rcc.o)
 .text.rcc_clock_setup_in_hsi_out_48mhz
                0x00000000       0x7c ../libopencm3/lib\libopencm3_stm32f1.a(rcc.o)
 .text.rcc_clock_setup_in_hsi_out_24mhz
                0x00000000       0x60 ../libopencm3/lib\libopencm3_stm32f1.a(rcc.o)
 .text.rcc_clock_setup_in_hse_8mhz_out_24mhz
                0x00000000       0x78 ../libopencm3/lib\libopencm3_stm32f1.a(rcc.o)
 .text.rcc_clock_setup_in_hse_8mhz_out_72mhz
                0x00000000       0x88 ../libopencm3/lib\libopencm3_stm32f1.a(rcc.o)
 .text.rcc_clock_setup_in_hse_12mhz_out_72mhz
                0x00000000       0x88 ../libopencm3/lib\libopencm3_stm32f1.a(rcc.o)
 .text.rcc_clock_setup_in_hse_16mhz_out_72mhz
                0x00000000       0x88 ../libopencm3/lib\libopencm3_stm32f1.a(rcc.o)
 .text.rcc_clock_setup_in_hse_25mhz_out_72mhz
                0x00000000       0xa8 ../libopencm3/lib\libopencm3_stm32f1.a(rcc.o)
 .text.rcc_backupdomain_reset
                0x00000000       0x18 ../libopencm3/lib\libopencm3_stm32f1.a(rcc.o)
 .text.rcc_get_usart_clk_freq
                0x00000000       0x1c ../libopencm3/lib\libopencm3_stm32f1.a(rcc.o)
 .text.rcc_get_timer_clk_freq
                0x00000000       0x34 ../libopencm3/lib\libopencm3_stm32f1.a(rcc.o)
 .text.rcc_get_i2c_clk_freq
                0x00000000        0xc ../libopencm3/lib\libopencm3_stm32f1.a(rcc.o)
 .rodata.rcc_hsi_configs
                0x00000000       0x54 ../libopencm3/lib\libopencm3_stm32f1.a(rcc.o)
 .debug_macro   0x00000000      0xad2 ../libopencm3/lib\libopencm3_stm32f1.a(rcc.o)
 .debug_macro   0x00000000       0x1c ../libopencm3/lib\libopencm3_stm32f1.a(rcc.o)
 .debug_macro   0x00000000       0x22 ../libopencm3/lib\libopencm3_stm32f1.a(rcc.o)
 .debug_macro   0x00000000       0x56 ../libopencm3/lib\libopencm3_stm32f1.a(rcc.o)
 .debug_macro   0x00000000       0x6d ../libopencm3/lib\libopencm3_stm32f1.a(rcc.o)
 .debug_macro   0x00000000      0x103 ../libopencm3/lib\libopencm3_stm32f1.a(rcc.o)
 .debug_macro   0x00000000       0x6a ../libopencm3/lib\libopencm3_stm32f1.a(rcc.o)
 .debug_macro   0x00000000      0x1d0 ../libopencm3/lib\libopencm3_stm32f1.a(rcc.o)
 .debug_macro   0x00000000       0x22 ../libopencm3/lib\libopencm3_stm32f1.a(rcc.o)
 .debug_macro   0x00000000       0xe8 ../libopencm3/lib\libopencm3_stm32f1.a(rcc.o)
 .debug_macro   0x00000000       0x76 ../libopencm3/lib\libopencm3_stm32f1.a(rcc.o)
 .debug_macro   0x00000000      0x1b4 ../libopencm3/lib\libopencm3_stm32f1.a(rcc.o)
 .debug_macro   0x00000000      0x8c6 ../libopencm3/lib\libopencm3_stm32f1.a(rcc.o)
 .group         0x00000000        0xc ../libopencm3/lib\libopencm3_stm32f1.a(rcc_common_all.o)
 .group         0x00000000        0xc ../libopencm3/lib\libopencm3_stm32f1.a(rcc_common_all.o)
 .group         0x00000000        0xc ../libopencm3/lib\libopencm3_stm32f1.a(rcc_common_all.o)
 .group         0x00000000        0xc ../libopencm3/lib\libopencm3_stm32f1.a(rcc_common_all.o)
 .group         0x00000000        0xc ../libopencm3/lib\libopencm3_stm32f1.a(rcc_common_all.o)
 .group         0x00000000        0xc ../libopencm3/lib\libopencm3_stm32f1.a(rcc_common_all.o)
 .group         0x00000000        0xc ../libopencm3/lib\libopencm3_stm32f1.a(rcc_common_all.o)
 .group         0x00000000        0xc ../libopencm3/lib\libopencm3_stm32f1.a(rcc_common_all.o)
 .group         0x00000000        0xc ../libopencm3/lib\libopencm3_stm32f1.a(rcc_common_all.o)
 .group         0x00000000        0xc ../libopencm3/lib\libopencm3_stm32f1.a(rcc_common_all.o)
 .group         0x00000000        0xc ../libopencm3/lib\libopencm3_stm32f1.a(rcc_common_all.o)
 .group         0x00000000        0xc ../libopencm3/lib\libopencm3_stm32f1.a(rcc_common_all.o)
 .group         0x00000000        0xc ../libopencm3/lib\libopencm3_stm32f1.a(rcc_common_all.o)
 .text          0x00000000        0x0 ../libopencm3/lib\libopencm3_stm32f1.a(rcc_common_all.o)
 .data          0x00000000        0x0 ../libopencm3/lib\libopencm3_stm32f1.a(rcc_common_all.o)
 .bss           0x00000000        0x0 ../libopencm3/lib\libopencm3_stm32f1.a(rcc_common_all.o)
 .text.rcc_peripheral_enable_clock
                0x00000000        0x8 ../libopencm3/lib\libopencm3_stm32f1.a(rcc_common_all.o)
 .text.rcc_peripheral_disable_clock
                0x00000000        0xa ../libopencm3/lib\libopencm3_stm32f1.a(rcc_common_all.o)
 .text.rcc_peripheral_reset
                0x00000000        0x8 ../libopencm3/lib\libopencm3_stm32f1.a(rcc_common_all.o)
 .text.rcc_peripheral_clear_reset
                0x00000000        0xa ../libopencm3/lib\libopencm3_stm32f1.a(rcc_common_all.o)
 .text.rcc_periph_clock_disable
                0x00000000       0x1c ../libopencm3/lib\libopencm3_stm32f1.a(rcc_common_all.o)
 .text.rcc_periph_reset_pulse
                0x00000000       0x22 ../libopencm3/lib\libopencm3_stm32f1.a(rcc_common_all.o)
 .text.rcc_periph_reset_hold
                0x00000000        0x4 ../libopencm3/lib\libopencm3_stm32f1.a(rcc_common_all.o)
 .text.rcc_periph_reset_release
                0x00000000        0x4 ../libopencm3/lib\libopencm3_stm32f1.a(rcc_common_all.o)
 .text.rcc_set_mco
                0x00000000       0x14 ../libopencm3/lib\libopencm3_stm32f1.a(rcc_common_all.o)
 .text.rcc_osc_bypass_enable
                0x00000000       0x28 ../libopencm3/lib\libopencm3_stm32f1.a(rcc_common_all.o)
 .text.rcc_osc_bypass_disable
                0x00000000       0x28 ../libopencm3/lib\libopencm3_stm32f1.a(rcc_common_all.o)
 .text.rcc_get_div_from_hpre
                0x00000000       0x1a ../libopencm3/lib\libopencm3_stm32f1.a(rcc_common_all.o)
 .debug_macro   0x00000000      0xad2 ../libopencm3/lib\libopencm3_stm32f1.a(rcc_common_all.o)
 .debug_macro   0x00000000       0x1c ../libopencm3/lib\libopencm3_stm32f1.a(rcc_common_all.o)
 .debug_macro   0x00000000       0x22 ../libopencm3/lib\libopencm3_stm32f1.a(rcc_common_all.o)
 .debug_macro   0x00000000       0x56 ../libopencm3/lib\libopencm3_stm32f1.a(rcc_common_all.o)
 .debug_macro   0x00000000       0x6d ../libopencm3/lib\libopencm3_stm32f1.a(rcc_common_all.o)
 .debug_macro   0x00000000      0x103 ../libopencm3/lib\libopencm3_stm32f1.a(rcc_common_all.o)
 .debug_macro   0x00000000       0x6a ../libopencm3/lib\libopencm3_stm32f1.a(rcc_common_all.o)
 .debug_macro   0x00000000      0x1d0 ../libopencm3/lib\libopencm3_stm32f1.a(rcc_common_all.o)
 .debug_macro   0x00000000       0x22 ../libopencm3/lib\libopencm3_stm32f1.a(rcc_common_all.o)
 .debug_macro   0x00000000       0xe8 ../libopencm3/lib\libopencm3_stm32f1.a(rcc_common_all.o)
 .debug_macro   0x00000000       0x76 ../libopencm3/lib\libopencm3_stm32f1.a(rcc_common_all.o)
 .debug_macro   0x00000000      0x1b4 ../libopencm3/lib\libopencm3_stm32f1.a(rcc_common_all.o)
 .debug_macro   0x00000000      0x8c6 ../libopencm3/lib\libopencm3_stm32f1.a(rcc_common_all.o)
 .group         0x00000000        0xc ../libopencm3/lib\libopencm3_stm32f1.a(vector.o)
 .group         0x00000000        0xc ../libopencm3/lib\libopencm3_stm32f1.a(vector.o)
 .group         0x00000000        0xc ../libopencm3/lib\libopencm3_stm32f1.a(vector.o)
 .group         0x00000000        0xc ../libopencm3/lib\libopencm3_stm32f1.a(vector.o)
 .group         0x00000000        0xc ../libopencm3/lib\libopencm3_stm32f1.a(vector.o)
 .group         0x00000000        0xc ../libopencm3/lib\libopencm3_stm32f1.a(vector.o)
 .group         0x00000000        0xc ../libopencm3/lib\libopencm3_stm32f1.a(vector.o)
 .group         0x00000000        0xc ../libopencm3/lib\libopencm3_stm32f1.a(vector.o)
 .group         0x00000000        0xc ../libopencm3/lib\libopencm3_stm32f1.a(vector.o)
 .group         0x00000000        0xc ../libopencm3/lib\libopencm3_stm32f1.a(vector.o)
 .group         0x00000000        0xc ../libopencm3/lib\libopencm3_stm32f1.a(vector.o)
 .group         0x00000000        0xc ../libopencm3/lib\libopencm3_stm32f1.a(vector.o)
 .group         0x00000000        0xc ../libopencm3/lib\libopencm3_stm32f1.a(vector.o)
 .group         0x00000000        0xc ../libopencm3/lib\libopencm3_stm32f1.a(vector.o)
 .text          0x00000000        0x0 ../libopencm3/lib\libopencm3_stm32f1.a(vector.o)
 .data          0x00000000        0x0 ../libopencm3/lib\libopencm3_stm32f1.a(vector.o)
 .bss           0x00000000        0x0 ../libopencm3/lib\libopencm3_stm32f1.a(vector.o)
 .debug_macro   0x00000000      0xad2 ../libopencm3/lib\libopencm3_stm32f1.a(vector.o)
 .debug_macro   0x00000000       0x76 ../libopencm3/lib\libopencm3_stm32f1.a(vector.o)
 .debug_macro   0x00000000       0x1c ../libopencm3/lib\libopencm3_stm32f1.a(vector.o)
 .debug_macro   0x00000000       0x22 ../libopencm3/lib\libopencm3_stm32f1.a(vector.o)
 .debug_macro   0x00000000       0x56 ../libopencm3/lib\libopencm3_stm32f1.a(vector.o)
 .debug_macro   0x00000000       0x6d ../libopencm3/lib\libopencm3_stm32f1.a(vector.o)
 .debug_macro   0x00000000      0x103 ../libopencm3/lib\libopencm3_stm32f1.a(vector.o)
 .debug_macro   0x00000000       0x6a ../libopencm3/lib\libopencm3_stm32f1.a(vector.o)
 .debug_macro   0x00000000      0x1d0 ../libopencm3/lib\libopencm3_stm32f1.a(vector.o)
 .debug_macro   0x00000000       0x22 ../libopencm3/lib\libopencm3_stm32f1.a(vector.o)
 .debug_macro   0x00000000       0xe8 ../libopencm3/lib\libopencm3_stm32f1.a(vector.o)
 .group         0x00000000        0xc ../libopencm3/lib\libopencm3_stm32f1.a(systick.o)
 .group         0x00000000        0xc ../libopencm3/lib\libopencm3_stm32f1.a(systick.o)
 .group         0x00000000        0xc ../libopencm3/lib\libopencm3_stm32f1.a(systick.o)
 .group         0x00000000        0xc ../libopencm3/lib\libopencm3_stm32f1.a(systick.o)
 .group         0x00000000        0xc ../libopencm3/lib\libopencm3_stm32f1.a(systick.o)
 .group         0x00000000        0xc ../libopencm3/lib\libopencm3_stm32f1.a(systick.o)
 .group         0x00000000        0xc ../libopencm3/lib\libopencm3_stm32f1.a(systick.o)
 .group         0x00000000        0xc ../libopencm3/lib\libopencm3_stm32f1.a(systick.o)
 .group         0x00000000        0xc ../libopencm3/lib\libopencm3_stm32f1.a(systick.o)
 .group         0x00000000        0xc ../libopencm3/lib\libopencm3_stm32f1.a(systick.o)
 .group         0x00000000        0xc ../libopencm3/lib\libopencm3_stm32f1.a(systick.o)
 .group         0x00000000        0xc ../libopencm3/lib\libopencm3_stm32f1.a(systick.o)
 .text          0x00000000        0x0 ../libopencm3/lib\libopencm3_stm32f1.a(systick.o)
 .data          0x00000000        0x0 ../libopencm3/lib\libopencm3_stm32f1.a(systick.o)
 .bss           0x00000000        0x0 ../libopencm3/lib\libopencm3_stm32f1.a(systick.o)
 .text.systick_get_reload
                0x00000000        0xc ../libopencm3/lib\libopencm3_stm32f1.a(systick.o)
 .text.systick_get_value
                0x00000000        0xc ../libopencm3/lib\libopencm3_stm32f1.a(systick.o)
 .text.systick_set_frequency
                0x00000000       0x38 ../libopencm3/lib\libopencm3_stm32f1.a(systick.o)
 .text.systick_interrupt_disable
                0x00000000        0xe ../libopencm3/lib\libopencm3_stm32f1.a(systick.o)
 .text.systick_counter_disable
                0x00000000        0xe ../libopencm3/lib\libopencm3_stm32f1.a(systick.o)
 .text.systick_get_countflag
                0x00000000        0xc ../libopencm3/lib\libopencm3_stm32f1.a(systick.o)
 .text.systick_get_calib
                0x00000000        0xc ../libopencm3/lib\libopencm3_stm32f1.a(systick.o)
 .debug_macro   0x00000000      0xad2 ../libopencm3/lib\libopencm3_stm32f1.a(systick.o)
 .debug_macro   0x00000000       0x76 ../libopencm3/lib\libopencm3_stm32f1.a(systick.o)
 .debug_macro   0x00000000       0x1c ../libopencm3/lib\libopencm3_stm32f1.a(systick.o)
 .debug_macro   0x00000000       0x22 ../libopencm3/lib\libopencm3_stm32f1.a(systick.o)
 .debug_macro   0x00000000       0x56 ../libopencm3/lib\libopencm3_stm32f1.a(systick.o)
 .debug_macro   0x00000000       0x6d ../libopencm3/lib\libopencm3_stm32f1.a(systick.o)
 .debug_macro   0x00000000      0x103 ../libopencm3/lib\libopencm3_stm32f1.a(systick.o)
 .debug_macro   0x00000000       0x6a ../libopencm3/lib\libopencm3_stm32f1.a(systick.o)
 .debug_macro   0x00000000      0x1d0 ../libopencm3/lib\libopencm3_stm32f1.a(systick.o)
 .debug_macro   0x00000000       0x22 ../libopencm3/lib\libopencm3_stm32f1.a(systick.o)
 .debug_macro   0x00000000       0xe8 ../libopencm3/lib\libopencm3_stm32f1.a(systick.o)
 .group         0x00000000        0xc ../libopencm3/lib\libopencm3_stm32f1.a(assert.o)
 .group         0x00000000        0xc ../libopencm3/lib\libopencm3_stm32f1.a(assert.o)
 .group         0x00000000        0xc ../libopencm3/lib\libopencm3_stm32f1.a(assert.o)
 .group         0x00000000        0xc ../libopencm3/lib\libopencm3_stm32f1.a(assert.o)
 .group         0x00000000        0xc ../libopencm3/lib\libopencm3_stm32f1.a(assert.o)
 .group         0x00000000        0xc ../libopencm3/lib\libopencm3_stm32f1.a(assert.o)
 .group         0x00000000        0xc ../libopencm3/lib\libopencm3_stm32f1.a(assert.o)
 .group         0x00000000        0xc ../libopencm3/lib\libopencm3_stm32f1.a(assert.o)
 .group         0x00000000        0xc ../libopencm3/lib\libopencm3_stm32f1.a(assert.o)
 .group         0x00000000        0xc ../libopencm3/lib\libopencm3_stm32f1.a(assert.o)
 .group         0x00000000        0xc ../libopencm3/lib\libopencm3_stm32f1.a(assert.o)
 .text          0x00000000        0x0 ../libopencm3/lib\libopencm3_stm32f1.a(assert.o)
 .data          0x00000000        0x0 ../libopencm3/lib\libopencm3_stm32f1.a(assert.o)
 .bss           0x00000000        0x0 ../libopencm3/lib\libopencm3_stm32f1.a(assert.o)
 .text.cm3_assert_failed
                0x00000000        0x2 ../libopencm3/lib\libopencm3_stm32f1.a(assert.o)
 .text.cm3_assert_failed_verbose
                0x00000000        0x6 ../libopencm3/lib\libopencm3_stm32f1.a(assert.o)
 .debug_info    0x00000000      0x101 ../libopencm3/lib\libopencm3_stm32f1.a(assert.o)
 .debug_abbrev  0x00000000       0x94 ../libopencm3/lib\libopencm3_stm32f1.a(assert.o)
 .debug_loclists
                0x00000000       0x80 ../libopencm3/lib\libopencm3_stm32f1.a(assert.o)
 .debug_aranges
                0x00000000       0x28 ../libopencm3/lib\libopencm3_stm32f1.a(assert.o)
 .debug_rnglists
                0x00000000       0x19 ../libopencm3/lib\libopencm3_stm32f1.a(assert.o)
 .debug_macro   0x00000000       0x89 ../libopencm3/lib\libopencm3_stm32f1.a(assert.o)
 .debug_macro   0x00000000      0xad2 ../libopencm3/lib\libopencm3_stm32f1.a(assert.o)
 .debug_macro   0x00000000       0x1c ../libopencm3/lib\libopencm3_stm32f1.a(assert.o)
 .debug_macro   0x00000000       0x22 ../libopencm3/lib\libopencm3_stm32f1.a(assert.o)
 .debug_macro   0x00000000       0x56 ../libopencm3/lib\libopencm3_stm32f1.a(assert.o)
 .debug_macro   0x00000000       0x6d ../libopencm3/lib\libopencm3_stm32f1.a(assert.o)
 .debug_macro   0x00000000      0x103 ../libopencm3/lib\libopencm3_stm32f1.a(assert.o)
 .debug_macro   0x00000000       0x6a ../libopencm3/lib\libopencm3_stm32f1.a(assert.o)
 .debug_macro   0x00000000      0x1d0 ../libopencm3/lib\libopencm3_stm32f1.a(assert.o)
 .debug_macro   0x00000000       0x22 ../libopencm3/lib\libopencm3_stm32f1.a(assert.o)
 .debug_macro   0x00000000       0xe8 ../libopencm3/lib\libopencm3_stm32f1.a(assert.o)
 .debug_macro   0x00000000       0x16 ../libopencm3/lib\libopencm3_stm32f1.a(assert.o)
 .debug_line    0x00000000      0x191 ../libopencm3/lib\libopencm3_stm32f1.a(assert.o)
 .debug_str     0x00000000     0x4283 ../libopencm3/lib\libopencm3_stm32f1.a(assert.o)
 .comment       0x00000000       0x47 ../libopencm3/lib\libopencm3_stm32f1.a(assert.o)
 .debug_frame   0x00000000       0x38 ../libopencm3/lib\libopencm3_stm32f1.a(assert.o)
 .ARM.attributes
                0x00000000       0x2d ../libopencm3/lib\libopencm3_stm32f1.a(assert.o)
 .group         0x00000000        0xc ../libopencm3/lib\libopencm3_stm32f1.a(flash_common_all.o)
 .group         0x00000000        0xc ../libopencm3/lib\libopencm3_stm32f1.a(flash_common_all.o)
 .group         0x00000000        0xc ../libopencm3/lib\libopencm3_stm32f1.a(flash_common_all.o)
 .group         0x00000000        0xc ../libopencm3/lib\libopencm3_stm32f1.a(flash_common_all.o)
 .group         0x00000000        0xc ../libopencm3/lib\libopencm3_stm32f1.a(flash_common_all.o)
 .group         0x00000000        0xc ../libopencm3/lib\libopencm3_stm32f1.a(flash_common_all.o)
 .group         0x00000000        0xc ../libopencm3/lib\libopencm3_stm32f1.a(flash_common_all.o)
 .group         0x00000000        0xc ../libopencm3/lib\libopencm3_stm32f1.a(flash_common_all.o)
 .group         0x00000000        0xc ../libopencm3/lib\libopencm3_stm32f1.a(flash_common_all.o)
 .group         0x00000000        0xc ../libopencm3/lib\libopencm3_stm32f1.a(flash_common_all.o)
 .group         0x00000000        0xc ../libopencm3/lib\libopencm3_stm32f1.a(flash_common_all.o)
 .group         0x00000000        0xc ../libopencm3/lib\libopencm3_stm32f1.a(flash_common_all.o)
 .group         0x00000000        0xc ../libopencm3/lib\libopencm3_stm32f1.a(flash_common_all.o)
 .group         0x00000000        0xc ../libopencm3/lib\libopencm3_stm32f1.a(flash_common_all.o)
 .text          0x00000000        0x0 ../libopencm3/lib\libopencm3_stm32f1.a(flash_common_all.o)
 .data          0x00000000        0x0 ../libopencm3/lib\libopencm3_stm32f1.a(flash_common_all.o)
 .bss           0x00000000        0x0 ../libopencm3/lib\libopencm3_stm32f1.a(flash_common_all.o)
 .text.flash_prefetch_enable
                0x00000000       0x10 ../libopencm3/lib\libopencm3_stm32f1.a(flash_common_all.o)
 .text.flash_prefetch_disable
                0x00000000       0x10 ../libopencm3/lib\libopencm3_stm32f1.a(flash_common_all.o)
 .text.flash_unlock_option_bytes
                0x00000000       0x18 ../libopencm3/lib\libopencm3_stm32f1.a(flash_common_all.o)
 .debug_macro   0x00000000      0xad2 ../libopencm3/lib\libopencm3_stm32f1.a(flash_common_all.o)
 .debug_macro   0x00000000       0x1c ../libopencm3/lib\libopencm3_stm32f1.a(flash_common_all.o)
 .debug_macro   0x00000000       0x22 ../libopencm3/lib\libopencm3_stm32f1.a(flash_common_all.o)
 .debug_macro   0x00000000       0x56 ../libopencm3/lib\libopencm3_stm32f1.a(flash_common_all.o)
 .debug_macro   0x00000000       0x6d ../libopencm3/lib\libopencm3_stm32f1.a(flash_common_all.o)
 .debug_macro   0x00000000      0x103 ../libopencm3/lib\libopencm3_stm32f1.a(flash_common_all.o)
 .debug_macro   0x00000000       0x6a ../libopencm3/lib\libopencm3_stm32f1.a(flash_common_all.o)
 .debug_macro   0x00000000      0x1d0 ../libopencm3/lib\libopencm3_stm32f1.a(flash_common_all.o)
 .debug_macro   0x00000000       0x22 ../libopencm3/lib\libopencm3_stm32f1.a(flash_common_all.o)
 .debug_macro   0x00000000       0xe8 ../libopencm3/lib\libopencm3_stm32f1.a(flash_common_all.o)
 .debug_macro   0x00000000       0x76 ../libopencm3/lib\libopencm3_stm32f1.a(flash_common_all.o)
 .debug_macro   0x00000000      0x1b4 ../libopencm3/lib\libopencm3_stm32f1.a(flash_common_all.o)
 .debug_macro   0x00000000       0xee ../libopencm3/lib\libopencm3_stm32f1.a(flash_common_all.o)
 .debug_macro   0x00000000       0x82 ../libopencm3/lib\libopencm3_stm32f1.a(flash_common_all.o)

Memory Configuration

Name             Origin             Length             Attributes
ram              0x20000000         0x00005000         xrw
rom              0x08000000         0x00010000         xr
*default*        0x00000000         0xffffffff

Linker script and memory map

LOAD src/firmware.o
LOAD src/core/system.o
LOAD ../libopencm3/lib\libopencm3_stm32f1.a
START GROUP
LOAD D:/bin/../lib/gcc/arm-none-eabi/15.3.1/../../../../arm-none-eabi/lib/thumb/v7-m/nofp\libc.a
LOAD D:/bin/../lib/gcc/arm-none-eabi/15.3.1/thumb/v7-m/nofp\libgcc.a
LOAD D:/bin/../lib/gcc/arm-none-eabi/15.3.1/../../../../arm-none-eabi/lib/thumb/v7-m/nofp\libnosys.a
END GROUP
START GROUP
LOAD D:/bin/../lib/gcc/arm-none-eabi/15.3.1/thumb/v7-m/nofp\libgcc.a
LOAD D:/bin/../lib/gcc/arm-none-eabi/15.3.1/../../../../arm-none-eabi/lib/thumb/v7-m/nofp\libg.a
LOAD D:/bin/../lib/gcc/arm-none-eabi/15.3.1/../../../../arm-none-eabi/lib/thumb/v7-m/nofp\libc.a
END GROUP

.text           0x08000000      0x694
 *(.vectors)
 .vectors       0x08000000      0x150 ../libopencm3/lib\libopencm3_stm32f1.a(vector.o)
                0x08000000                vector_table
 *(.text*)
 .text.startup.main
                0x08000150       0x40 src/firmware.o
                0x08000150                main
 .text.system_setup
                0x08000190       0x2c src/core/system.o
                0x08000190                system_setup
 .text.sys_tick_handler
                0x080001bc       0x10 src/core/system.o
                0x080001bc                sys_tick_handler
 .text.system_get_ticks
                0x080001cc        0xc src/core/system.o
                0x080001cc                system_get_ticks
 .text.gpio_set_mode
                0x080001d8       0x6a ../libopencm3/lib\libopencm3_stm32f1.a(gpio.o)
                0x080001d8                gpio_set_mode
 .text.gpio_toggle
                0x08000242       0x12 ../libopencm3/lib\libopencm3_stm32f1.a(gpio_common_all.o)
                0x08000242                gpio_toggle
 .text.rcc_is_osc_ready
                0x08000254       0x58 ../libopencm3/lib\libopencm3_stm32f1.a(rcc.o)
                0x08000254                rcc_is_osc_ready
 .text.rcc_wait_for_osc_ready
                0x080002ac       0x10 ../libopencm3/lib\libopencm3_stm32f1.a(rcc.o)
                0x080002ac                rcc_wait_for_osc_ready
 .text.rcc_osc_on
                0x080002bc       0x60 ../libopencm3/lib\libopencm3_stm32f1.a(rcc.o)
                0x080002bc                rcc_osc_on
 .text.rcc_set_sysclk_source
                0x0800031c       0x14 ../libopencm3/lib\libopencm3_stm32f1.a(rcc.o)
                0x0800031c                rcc_set_sysclk_source
 .text.rcc_set_pll_multiplication_factor
                0x08000330       0x14 ../libopencm3/lib\libopencm3_stm32f1.a(rcc.o)
                0x08000330                rcc_set_pll_multiplication_factor
 .text.rcc_set_pll2_multiplication_factor
                0x08000344       0x14 ../libopencm3/lib\libopencm3_stm32f1.a(rcc.o)
                0x08000344                rcc_set_pll2_multiplication_factor
 .text.rcc_set_pll3_multiplication_factor
                0x08000358       0x14 ../libopencm3/lib\libopencm3_stm32f1.a(rcc.o)
                0x08000358                rcc_set_pll3_multiplication_factor
 .text.rcc_set_pll_source
                0x0800036c       0x14 ../libopencm3/lib\libopencm3_stm32f1.a(rcc.o)
                0x0800036c                rcc_set_pll_source
 .text.rcc_set_pllxtpre
                0x08000380       0x14 ../libopencm3/lib\libopencm3_stm32f1.a(rcc.o)
                0x08000380                rcc_set_pllxtpre
 .text.rcc_set_adcpre
                0x08000394       0x14 ../libopencm3/lib\libopencm3_stm32f1.a(rcc.o)
                0x08000394                rcc_set_adcpre
 .text.rcc_set_ppre2
                0x080003a8       0x14 ../libopencm3/lib\libopencm3_stm32f1.a(rcc.o)
                0x080003a8                rcc_set_ppre2
 .text.rcc_set_ppre1
                0x080003bc       0x14 ../libopencm3/lib\libopencm3_stm32f1.a(rcc.o)
                0x080003bc                rcc_set_ppre1
 .text.rcc_set_hpre
                0x080003d0       0x14 ../libopencm3/lib\libopencm3_stm32f1.a(rcc.o)
                0x080003d0                rcc_set_hpre
 .text.rcc_set_usbpre
                0x080003e4       0x18 ../libopencm3/lib\libopencm3_stm32f1.a(rcc.o)
                0x080003e4                rcc_set_usbpre
 .text.rcc_set_prediv1
                0x080003fc       0x14 ../libopencm3/lib\libopencm3_stm32f1.a(rcc.o)
                0x080003fc                rcc_set_prediv1
 .text.rcc_set_prediv2
                0x08000410       0x14 ../libopencm3/lib\libopencm3_stm32f1.a(rcc.o)
                0x08000410                rcc_set_prediv2
 .text.rcc_set_prediv1_source
                0x08000424       0x18 ../libopencm3/lib\libopencm3_stm32f1.a(rcc.o)
                0x08000424                rcc_set_prediv1_source
 .text.rcc_clock_setup_pll
                0x0800043c       0xbc ../libopencm3/lib\libopencm3_stm32f1.a(rcc.o)
                0x0800043c                rcc_clock_setup_pll
 .text.rcc_periph_clock_enable
                0x080004f8       0x1a ../libopencm3/lib\libopencm3_stm32f1.a(rcc_common_all.o)
                0x080004f8                rcc_periph_clock_enable
 .text.blocking_handler
                0x08000512        0x2 ../libopencm3/lib\libopencm3_stm32f1.a(vector.o)
                0x08000512                usart3_isr
                0x08000512                rtc_isr
                0x08000512                tim7_isr
                0x08000512                adc1_2_isr
                0x08000512                tim1_trg_com_isr
                0x08000512                usb_hp_can_tx_isr
                0x08000512                tim6_isr
                0x08000512                usb_wakeup_isr
                0x08000512                blocking_handler
                0x08000512                tim5_isr
                0x08000512                otg_fs_isr
                0x08000512                spi1_isr
                0x08000512                exti2_isr
                0x08000512                dma1_channel6_isr
                0x08000512                can_rx1_isr
                0x08000512                dma1_channel5_isr
                0x08000512                dma2_channel5_isr
                0x08000512                usart1_isr
                0x08000512                usage_fault_handler
                0x08000512                tim8_trg_com_isr
                0x08000512                can2_rx0_isr
                0x08000512                tim1_brk_isr
                0x08000512                can2_rx1_isr
                0x08000512                tim1_cc_isr
                0x08000512                sdio_isr
                0x08000512                eth_isr
                0x08000512                dma1_channel4_isr
                0x08000512                tim8_brk_isr
                0x08000512                dma2_channel4_5_isr
                0x08000512                pvd_isr
                0x08000512                rcc_isr
                0x08000512                flash_isr
                0x08000512                uart4_isr
                0x08000512                rtc_alarm_isr
                0x08000512                exti15_10_isr
                0x08000512                hard_fault_handler
                0x08000512                exti1_isr
                0x08000512                i2c1_ev_isr
                0x08000512                dma2_channel1_isr
                0x08000512                spi2_isr
                0x08000512                tim8_up_isr
                0x08000512                dma2_channel2_isr
                0x08000512                exti3_isr
                0x08000512                adc3_isr
                0x08000512                tim3_isr
                0x08000512                usart2_isr
                0x08000512                usb_lp_can_rx0_isr
                0x08000512                i2c2_er_isr
                0x08000512                i2c2_ev_isr
                0x08000512                uart5_isr
                0x08000512                fsmc_isr
                0x08000512                dma1_channel1_isr
                0x08000512                exti4_isr
                0x08000512                mem_manage_handler
                0x08000512                can2_tx_isr
                0x08000512                exti9_5_isr
                0x08000512                dma2_channel3_isr
                0x08000512                dma1_channel7_isr
                0x08000512                tim1_up_isr
                0x08000512                can2_sce_isr
                0x08000512                tim4_isr
                0x08000512                dma1_channel2_isr
                0x08000512                i2c1_er_isr
                0x08000512                can_sce_isr
                0x08000512                tim8_cc_isr
                0x08000512                tamper_isr
                0x08000512                eth_wkup_isr
                0x08000512                bus_fault_handler
                0x08000512                wwdg_isr
                0x08000512                dma1_channel3_isr
                0x08000512                spi3_isr
                0x08000512                tim2_isr
                0x08000512                exti0_isr
 .text.null_handler
                0x08000514        0x2 ../libopencm3/lib\libopencm3_stm32f1.a(vector.o)
                0x08000514                sv_call_handler
                0x08000514                pend_sv_handler
                0x08000514                debug_monitor_handler
                0x08000514                nmi_handler
                0x08000514                null_handler
 *fill*         0x08000516        0x2 
 .text.reset_handler
                0x08000518       0x94 ../libopencm3/lib\libopencm3_stm32f1.a(vector.o)
                0x08000518                reset_handler
 .text.systick_set_reload
                0x080005ac        0xc ../libopencm3/lib\libopencm3_stm32f1.a(systick.o)
                0x080005ac                systick_set_reload
 .text.systick_set_clocksource
                0x080005b8       0x14 ../libopencm3/lib\libopencm3_stm32f1.a(systick.o)
                0x080005b8                systick_set_clocksource
 .text.systick_interrupt_enable
                0x080005cc        0xe ../libopencm3/lib\libopencm3_stm32f1.a(systick.o)
                0x080005cc                systick_interrupt_enable
 .text.systick_counter_enable
                0x080005da        0xe ../libopencm3/lib\libopencm3_stm32f1.a(systick.o)
                0x080005da                systick_counter_enable
 .text.systick_clear
                0x080005e8        0xa ../libopencm3/lib\libopencm3_stm32f1.a(systick.o)
                0x080005e8                systick_clear
 *fill*         0x080005f2        0x2 
 .text.flash_set_ws
                0x080005f4       0x14 ../libopencm3/lib\libopencm3_stm32f1.a(flash_common_all.o)
                0x080005f4                flash_set_ws
                0x08000608                        . = ALIGN (0x4)
 *(.rodata*)
 .rodata.rcc_hse_configs
                0x08000608       0x8c ../libopencm3/lib\libopencm3_stm32f1.a(rcc.o)
                0x08000608                rcc_hse_configs
                0x08000694                        . = ALIGN (0x4)

.glue_7         0x08000694        0x0
 .glue_7        0x08000694        0x0 linker stubs

.glue_7t        0x08000694        0x0
 .glue_7t       0x08000694        0x0 linker stubs

.vfp11_veneer   0x08000694        0x0
 .vfp11_veneer  0x08000694        0x0 linker stubs

.v4_bx          0x08000694        0x0
 .v4_bx         0x08000694        0x0 linker stubs

.iplt           0x08000694        0x0
 .iplt          0x08000694        0x0 src/firmware.o

.rel.dyn        0x08000694        0x0
 .rel.iplt      0x08000694        0x0 src/firmware.o

.preinit_array  0x08000694        0x0
                0x08000694                        . = ALIGN (0x4)
                0x08000694                        __preinit_array_start = .
 *(.preinit_array)
                0x08000694                        __preinit_array_end = .

.init_array     0x08000694        0x0
                0x08000694                        . = ALIGN (0x4)
                0x08000694                        __init_array_start = .
 *(SORT_BY_NAME(.init_array.*))
 *(.init_array)
                0x08000694                        __init_array_end = .

.fini_array     0x08000694        0x0
                0x08000694                        . = ALIGN (0x4)
                0x08000694                        __fini_array_start = .
 *(.fini_array)
 *(SORT_BY_NAME(.fini_array.*))
                0x08000694                        __fini_array_end = .

.ARM.extab
 *(.ARM.extab*)

.ARM.exidx      0x08000694        0x0
                0x08000694                        __exidx_start = .
 *(.ARM.exidx*)
                0x08000694                        __exidx_end = .
                0x08000694                        . = ALIGN (0x4)
                0x08000694                        _etext = .

.noinit
 *(.noinit*)
                0x08000694                        . = ALIGN (0x4)

.data           0x20000000        0xc load address 0x08000694
                0x20000000                        _data = .
 *(.data*)
 .data.rcc_ahb_frequency
                0x20000000        0x4 ../libopencm3/lib\libopencm3_stm32f1.a(rcc.o)
                0x20000000                rcc_ahb_frequency
 .data.rcc_apb2_frequency
                0x20000004        0x4 ../libopencm3/lib\libopencm3_stm32f1.a(rcc.o)
                0x20000004                rcc_apb2_frequency
 .data.rcc_apb1_frequency
                0x20000008        0x4 ../libopencm3/lib\libopencm3_stm32f1.a(rcc.o)
                0x20000008                rcc_apb1_frequency
 *(.ramtext*)
                0x2000000c                        . = ALIGN (0x4)
                0x2000000c                        _edata = .
                0x08000694                        _data_loadaddr = LOADADDR (.data)

.igot.plt       0x2000000c        0x0 load address 0x080006a0
 .igot.plt      0x2000000c        0x0 src/firmware.o

.bss            0x2000000c        0x4 load address 0x080006a0
 *(.bss*)
 .bss.ms_ticks  0x2000000c        0x4 src/core/system.o
 *(COMMON)
                0x20000010                        . = ALIGN (0x4)
                0x20000010                        _ebss = .

/DISCARD/
 *(.eh_frame)
                0x20000010                        . = ALIGN (0x4)
                0x20000010                        end = .
                0x20005000                        PROVIDE (_stack = (ORIGIN (ram) + LENGTH (ram)))
OUTPUT(firmware.elf elf32-littlearm)
LOAD linker stubs

.debug_info     0x00000000     0x2c38
 .debug_info    0x00000000      0x399 src/firmware.o
 .debug_info    0x00000399      0x326 src/core/system.o
 .debug_info    0x000006bf      0x1fd ../libopencm3/lib\libopencm3_stm32f1.a(gpio.o)
 .debug_info    0x000008bc      0x256 ../libopencm3/lib\libopencm3_stm32f1.a(gpio_common_all.o)
 .debug_info    0x00000b12     0x14d0 ../libopencm3/lib\libopencm3_stm32f1.a(rcc.o)
 .debug_info    0x00001fe2      0x60d ../libopencm3/lib\libopencm3_stm32f1.a(rcc_common_all.o)
 .debug_info    0x000025ef      0x2c4 ../libopencm3/lib\libopencm3_stm32f1.a(vector.o)
 .debug_info    0x000028b3      0x28f ../libopencm3/lib\libopencm3_stm32f1.a(systick.o)
 .debug_info    0x00002b42       0xf6 ../libopencm3/lib\libopencm3_stm32f1.a(flash_common_all.o)

.debug_abbrev   0x00000000      0xc7c
 .debug_abbrev  0x00000000      0x152 src/firmware.o
 .debug_abbrev  0x00000152      0x1cb src/core/system.o
 .debug_abbrev  0x0000031d       0xd3 ../libopencm3/lib\libopencm3_stm32f1.a(gpio.o)
 .debug_abbrev  0x000003f0      0x115 ../libopencm3/lib\libopencm3_stm32f1.a(gpio_common_all.o)
 .debug_abbrev  0x00000505      0x2be ../libopencm3/lib\libopencm3_stm32f1.a(rcc.o)
 .debug_abbrev  0x000007c3      0x185 ../libopencm3/lib\libopencm3_stm32f1.a(rcc_common_all.o)
 .debug_abbrev  0x00000948      0x149 ../libopencm3/lib\libopencm3_stm32f1.a(vector.o)
 .debug_abbrev  0x00000a91      0x14e ../libopencm3/lib\libopencm3_stm32f1.a(systick.o)
 .debug_abbrev  0x00000bdf       0x9d ../libopencm3/lib\libopencm3_stm32f1.a(flash_common_all.o)

.debug_loclists
                0x00000000      0x79a
 .debug_loclists
                0x00000000       0x3c src/firmware.o
 .debug_loclists
                0x0000003c      0x107 ../libopencm3/lib\libopencm3_stm32f1.a(gpio.o)
 .debug_loclists
                0x00000143       0x96 ../libopencm3/lib\libopencm3_stm32f1.a(gpio_common_all.o)
 .debug_loclists
                0x000001d9      0x2cb ../libopencm3/lib\libopencm3_stm32f1.a(rcc.o)
 .debug_loclists
                0x000004a4       0x97 ../libopencm3/lib\libopencm3_stm32f1.a(rcc_common_all.o)
 .debug_loclists
                0x0000053b       0xa8 ../libopencm3/lib\libopencm3_stm32f1.a(vector.o)
 .debug_loclists
                0x000005e3      0x192 ../libopencm3/lib\libopencm3_stm32f1.a(systick.o)
 .debug_loclists
                0x00000775       0x25 ../libopencm3/lib\libopencm3_stm32f1.a(flash_common_all.o)

.debug_aranges  0x00000000      0x3a8
 .debug_aranges
                0x00000000       0x20 src/firmware.o
 .debug_aranges
                0x00000020       0x30 src/core/system.o
 .debug_aranges
                0x00000050       0x38 ../libopencm3/lib\libopencm3_stm32f1.a(gpio.o)
 .debug_aranges
                0x00000088       0x50 ../libopencm3/lib\libopencm3_stm32f1.a(gpio_common_all.o)
 .debug_aranges
                0x000000d8      0x170 ../libopencm3/lib\libopencm3_stm32f1.a(rcc.o)
 .debug_aranges
                0x00000248       0x80 ../libopencm3/lib\libopencm3_stm32f1.a(rcc_common_all.o)
 .debug_aranges
                0x000002c8       0x30 ../libopencm3/lib\libopencm3_stm32f1.a(vector.o)
 .debug_aranges
                0x000002f8       0x78 ../libopencm3/lib\libopencm3_stm32f1.a(systick.o)
 .debug_aranges
                0x00000370       0x38 ../libopencm3/lib\libopencm3_stm32f1.a(flash_common_all.o)

.debug_rnglists
                0x00000000      0x307
 .debug_rnglists
                0x00000000       0x13 src/firmware.o
 .debug_rnglists
                0x00000013       0x37 src/core/system.o
 .debug_rnglists
                0x0000004a       0x25 ../libopencm3/lib\libopencm3_stm32f1.a(gpio.o)
 .debug_rnglists
                0x0000006f       0x37 ../libopencm3/lib\libopencm3_stm32f1.a(gpio_common_all.o)
 .debug_rnglists
                0x000000a6      0x160 ../libopencm3/lib\libopencm3_stm32f1.a(rcc.o)
 .debug_rnglists
                0x00000206       0x5b ../libopencm3/lib\libopencm3_stm32f1.a(rcc_common_all.o)
 .debug_rnglists
                0x00000261       0x20 ../libopencm3/lib\libopencm3_stm32f1.a(vector.o)
 .debug_rnglists
                0x00000281       0x61 ../libopencm3/lib\libopencm3_stm32f1.a(systick.o)
 .debug_rnglists
                0x000002e2       0x25 ../libopencm3/lib\libopencm3_stm32f1.a(flash_common_all.o)

.debug_macro    0x00000000     0x38d2
 .debug_macro   0x00000000       0xf6 src/firmware.o
 .debug_macro   0x000000f6      0xad2 src/firmware.o
 .debug_macro   0x00000bc8       0x1c src/firmware.o
 .debug_macro   0x00000be4       0x22 src/firmware.o
 .debug_macro   0x00000c06       0x56 src/firmware.o
 .debug_macro   0x00000c5c       0x6d src/firmware.o
 .debug_macro   0x00000cc9      0x103 src/firmware.o
 .debug_macro   0x00000dcc       0x6a src/firmware.o
 .debug_macro   0x00000e36      0x1d0 src/firmware.o
 .debug_macro   0x00001006       0x22 src/firmware.o
 .debug_macro   0x00001028       0xe8 src/firmware.o
 .debug_macro   0x00001110       0x76 src/firmware.o
 .debug_macro   0x00001186      0x1b4 src/firmware.o
 .debug_macro   0x0000133a      0x8c6 src/firmware.o
 .debug_macro   0x00001c00       0x76 src/firmware.o
 .debug_macro   0x00001c76      0xe2e src/firmware.o
 .debug_macro   0x00002aa4       0xd7 src/core/system.o
 .debug_macro   0x00002b7b       0x6f src/core/system.o
 .debug_macro   0x00002bea       0xb8 ../libopencm3/lib\libopencm3_stm32f1.a(gpio.o)
 .debug_macro   0x00002ca2       0xb8 ../libopencm3/lib\libopencm3_stm32f1.a(gpio_common_all.o)
 .debug_macro   0x00002d5a       0xe7 ../libopencm3/lib\libopencm3_stm32f1.a(rcc.o)
 .debug_macro   0x00002e41       0x16 ../libopencm3/lib\libopencm3_stm32f1.a(rcc.o)
 .debug_macro   0x00002e57       0xee ../libopencm3/lib\libopencm3_stm32f1.a(rcc.o)
 .debug_macro   0x00002f45       0x82 ../libopencm3/lib\libopencm3_stm32f1.a(rcc.o)
 .debug_macro   0x00002fc7       0xce ../libopencm3/lib\libopencm3_stm32f1.a(rcc_common_all.o)
 .debug_macro   0x00003095       0xcf ../libopencm3/lib\libopencm3_stm32f1.a(vector.o)
 .debug_macro   0x00003164      0x3a3 ../libopencm3/lib\libopencm3_stm32f1.a(vector.o)
 .debug_macro   0x00003507       0x6e ../libopencm3/lib\libopencm3_stm32f1.a(vector.o)
 .debug_macro   0x00003575      0x1a2 ../libopencm3/lib\libopencm3_stm32f1.a(vector.o)
 .debug_macro   0x00003717       0x92 ../libopencm3/lib\libopencm3_stm32f1.a(systick.o)
 .debug_macro   0x000037a9       0x69 ../libopencm3/lib\libopencm3_stm32f1.a(systick.o)
 .debug_macro   0x00003812       0xc0 ../libopencm3/lib\libopencm3_stm32f1.a(flash_common_all.o)

.debug_line     0x00000000     0x2642
 .debug_line    0x00000000      0x2da src/firmware.o
 .debug_line    0x000002da      0x2d7 src/core/system.o
 .debug_line    0x000005b1      0x374 ../libopencm3/lib\libopencm3_stm32f1.a(gpio.o)
 .debug_line    0x00000925      0x32d ../libopencm3/lib\libopencm3_stm32f1.a(gpio_common_all.o)
 .debug_line    0x00000c52      0xcdf ../libopencm3/lib\libopencm3_stm32f1.a(rcc.o)
 .debug_line    0x00001931      0x3d1 ../libopencm3/lib\libopencm3_stm32f1.a(rcc_common_all.o)
 .debug_line    0x00001d02      0x348 ../libopencm3/lib\libopencm3_stm32f1.a(vector.o)
 .debug_line    0x0000204a      0x325 ../libopencm3/lib\libopencm3_stm32f1.a(systick.o)
 .debug_line    0x0000236f      0x2d3 ../libopencm3/lib\libopencm3_stm32f1.a(flash_common_all.o)

.debug_str      0x00000000     0xeb25
 .debug_str     0x00000000     0xeb25 src/firmware.o
                               0xb05b (size before relaxing)
 .debug_str     0x0000eb25        0x0 src/core/system.o
                               0x7a06 (size before relaxing)
 .debug_str     0x0000eb25        0x0 ../libopencm3/lib\libopencm3_stm32f1.a(gpio.o)
                               0x87e5 (size before relaxing)
 .debug_str     0x0000eb25        0x0 ../libopencm3/lib\libopencm3_stm32f1.a(gpio_common_all.o)
                               0x87d9 (size before relaxing)
 .debug_str     0x0000eb25        0x0 ../libopencm3/lib\libopencm3_stm32f1.a(rcc.o)
                               0x843a (size before relaxing)
 .debug_str     0x0000eb25        0x0 ../libopencm3/lib\libopencm3_stm32f1.a(rcc_common_all.o)
                               0x7b48 (size before relaxing)
 .debug_str     0x0000eb25        0x0 ../libopencm3/lib\libopencm3_stm32f1.a(vector.o)
                               0x687e (size before relaxing)
 .debug_str     0x0000eb25        0x0 ../libopencm3/lib\libopencm3_stm32f1.a(systick.o)
                               0x470f (size before relaxing)
 .debug_str     0x0000eb25        0x0 ../libopencm3/lib\libopencm3_stm32f1.a(flash_common_all.o)
                               0x571e (size before relaxing)

.comment        0x00000000       0x46
 .comment       0x00000000       0x46 src/firmware.o
                                 0x47 (size before relaxing)
 .comment       0x00000046        0x0 src/core/system.o
                                 0x47 (size before relaxing)
 .comment       0x00000046        0x0 ../libopencm3/lib\libopencm3_stm32f1.a(gpio.o)
                                 0x47 (size before relaxing)
 .comment       0x00000046        0x0 ../libopencm3/lib\libopencm3_stm32f1.a(gpio_common_all.o)
                                 0x47 (size before relaxing)
 .comment       0x00000046        0x0 ../libopencm3/lib\libopencm3_stm32f1.a(rcc.o)
                                 0x47 (size before relaxing)
 .comment       0x00000046        0x0 ../libopencm3/lib\libopencm3_stm32f1.a(rcc_common_all.o)
                                 0x47 (size before relaxing)
 .comment       0x00000046        0x0 ../libopencm3/lib\libopencm3_stm32f1.a(vector.o)
                                 0x47 (size before relaxing)
 .comment       0x00000046        0x0 ../libopencm3/lib\libopencm3_stm32f1.a(systick.o)
                                 0x47 (size before relaxing)
 .comment       0x00000046        0x0 ../libopencm3/lib\libopencm3_stm32f1.a(flash_common_all.o)
                                 0x47 (size before relaxing)

.ARM.attributes
                0x00000000       0x2d
 .ARM.attributes
                0x00000000       0x2d src/firmware.o
 .ARM.attributes
                0x0000002d       0x2d src/core/system.o
 .ARM.attributes
                0x0000005a       0x2d ../libopencm3/lib\libopencm3_stm32f1.a(gpio.o)
 .ARM.attributes
                0x00000087       0x2d ../libopencm3/lib\libopencm3_stm32f1.a(gpio_common_all.o)
 .ARM.attributes
                0x000000b4       0x2d ../libopencm3/lib\libopencm3_stm32f1.a(rcc.o)
 .ARM.attributes
                0x000000e1       0x2d ../libopencm3/lib\libopencm3_stm32f1.a(rcc_common_all.o)
 .ARM.attributes
                0x0000010e       0x2d ../libopencm3/lib\libopencm3_stm32f1.a(vector.o)
 .ARM.attributes
                0x0000013b       0x2d ../libopencm3/lib\libopencm3_stm32f1.a(systick.o)
 .ARM.attributes
                0x00000168       0x2d ../libopencm3/lib\libopencm3_stm32f1.a(flash_common_all.o)

.debug_frame    0x00000000      0x6c8
 .debug_frame   0x00000000       0x2c src/firmware.o
 .debug_frame   0x0000002c       0x4c src/core/system.o
 .debug_frame   0x00000078       0x64 ../libopencm3/lib\libopencm3_stm32f1.a(gpio.o)
 .debug_frame   0x000000dc       0x80 ../libopencm3/lib\libopencm3_stm32f1.a(gpio_common_all.o)
 .debug_frame   0x0000015c      0x318 ../libopencm3/lib\libopencm3_stm32f1.a(rcc.o)
 .debug_frame   0x00000474       0xe0 ../libopencm3/lib\libopencm3_stm32f1.a(rcc_common_all.o)
 .debug_frame   0x00000554       0x4c ../libopencm3/lib\libopencm3_stm32f1.a(vector.o)
 .debug_frame   0x000005a0       0xd8 ../libopencm3/lib\libopencm3_stm32f1.a(systick.o)
 .debug_frame   0x00000678       0x50 ../libopencm3/lib\libopencm3_stm32f1.a(flash_common_all.o)

Cross Reference Table

Symbol                                            File
__fini_array_end                                  ../libopencm3/lib\libopencm3_stm32f1.a(vector.o)
__fini_array_start                                ../libopencm3/lib\libopencm3_stm32f1.a(vector.o)
__init_array_end                                  ../libopencm3/lib\libopencm3_stm32f1.a(vector.o)
__init_array_start                                ../libopencm3/lib\libopencm3_stm32f1.a(vector.o)
__preinit_array_end                               ../libopencm3/lib\libopencm3_stm32f1.a(vector.o)
__preinit_array_start                             ../libopencm3/lib\libopencm3_stm32f1.a(vector.o)
_data                                             ../libopencm3/lib\libopencm3_stm32f1.a(vector.o)
_data_loadaddr                                    ../libopencm3/lib\libopencm3_stm32f1.a(vector.o)
_ebss                                             ../libopencm3/lib\libopencm3_stm32f1.a(vector.o)
_edata                                            ../libopencm3/lib\libopencm3_stm32f1.a(vector.o)
_stack                                            ../libopencm3/lib\libopencm3_stm32f1.a(vector.o)
adc1_2_isr                                        ../libopencm3/lib\libopencm3_stm32f1.a(vector.o)
adc3_isr                                          ../libopencm3/lib\libopencm3_stm32f1.a(vector.o)
blocking_handler                                  ../libopencm3/lib\libopencm3_stm32f1.a(vector.o)
bus_fault_handler                                 ../libopencm3/lib\libopencm3_stm32f1.a(vector.o)
can2_rx0_isr                                      ../libopencm3/lib\libopencm3_stm32f1.a(vector.o)
can2_rx1_isr                                      ../libopencm3/lib\libopencm3_stm32f1.a(vector.o)
can2_sce_isr                                      ../libopencm3/lib\libopencm3_stm32f1.a(vector.o)
can2_tx_isr                                       ../libopencm3/lib\libopencm3_stm32f1.a(vector.o)
can_rx1_isr                                       ../libopencm3/lib\libopencm3_stm32f1.a(vector.o)
can_sce_isr                                       ../libopencm3/lib\libopencm3_stm32f1.a(vector.o)
cm3_assert_failed                                 ../libopencm3/lib\libopencm3_stm32f1.a(assert.o)
                                                  ../libopencm3/lib\libopencm3_stm32f1.a(rcc.o)
cm3_assert_failed_verbose                         ../libopencm3/lib\libopencm3_stm32f1.a(assert.o)
debug_monitor_handler                             ../libopencm3/lib\libopencm3_stm32f1.a(vector.o)
dma1_channel1_isr                                 ../libopencm3/lib\libopencm3_stm32f1.a(vector.o)
dma1_channel2_isr                                 ../libopencm3/lib\libopencm3_stm32f1.a(vector.o)
dma1_channel3_isr                                 ../libopencm3/lib\libopencm3_stm32f1.a(vector.o)
dma1_channel4_isr                                 ../libopencm3/lib\libopencm3_stm32f1.a(vector.o)
dma1_channel5_isr                                 ../libopencm3/lib\libopencm3_stm32f1.a(vector.o)
dma1_channel6_isr                                 ../libopencm3/lib\libopencm3_stm32f1.a(vector.o)
dma1_channel7_isr                                 ../libopencm3/lib\libopencm3_stm32f1.a(vector.o)
dma2_channel1_isr                                 ../libopencm3/lib\libopencm3_stm32f1.a(vector.o)
dma2_channel2_isr                                 ../libopencm3/lib\libopencm3_stm32f1.a(vector.o)
dma2_channel3_isr                                 ../libopencm3/lib\libopencm3_stm32f1.a(vector.o)
dma2_channel4_5_isr                               ../libopencm3/lib\libopencm3_stm32f1.a(vector.o)
dma2_channel5_isr                                 ../libopencm3/lib\libopencm3_stm32f1.a(vector.o)
eth_isr                                           ../libopencm3/lib\libopencm3_stm32f1.a(vector.o)
eth_wkup_isr                                      ../libopencm3/lib\libopencm3_stm32f1.a(vector.o)
exti0_isr                                         ../libopencm3/lib\libopencm3_stm32f1.a(vector.o)
exti15_10_isr                                     ../libopencm3/lib\libopencm3_stm32f1.a(vector.o)
exti1_isr                                         ../libopencm3/lib\libopencm3_stm32f1.a(vector.o)
exti2_isr                                         ../libopencm3/lib\libopencm3_stm32f1.a(vector.o)
exti3_isr                                         ../libopencm3/lib\libopencm3_stm32f1.a(vector.o)
exti4_isr                                         ../libopencm3/lib\libopencm3_stm32f1.a(vector.o)
exti9_5_isr                                       ../libopencm3/lib\libopencm3_stm32f1.a(vector.o)
flash_isr                                         ../libopencm3/lib\libopencm3_stm32f1.a(vector.o)
flash_prefetch_disable                            ../libopencm3/lib\libopencm3_stm32f1.a(flash_common_all.o)
flash_prefetch_enable                             ../libopencm3/lib\libopencm3_stm32f1.a(flash_common_all.o)
flash_set_ws                                      ../libopencm3/lib\libopencm3_stm32f1.a(flash_common_all.o)
                                                  ../libopencm3/lib\libopencm3_stm32f1.a(rcc.o)
flash_unlock_option_bytes                         ../libopencm3/lib\libopencm3_stm32f1.a(flash_common_all.o)
fsmc_isr                                          ../libopencm3/lib\libopencm3_stm32f1.a(vector.o)
gpio_clear                                        ../libopencm3/lib\libopencm3_stm32f1.a(gpio_common_all.o)
gpio_get                                          ../libopencm3/lib\libopencm3_stm32f1.a(gpio_common_all.o)
gpio_port_config_lock                             ../libopencm3/lib\libopencm3_stm32f1.a(gpio_common_all.o)
gpio_port_read                                    ../libopencm3/lib\libopencm3_stm32f1.a(gpio_common_all.o)
gpio_port_write                                   ../libopencm3/lib\libopencm3_stm32f1.a(gpio_common_all.o)
gpio_primary_remap                                ../libopencm3/lib\libopencm3_stm32f1.a(gpio.o)
gpio_secondary_remap                              ../libopencm3/lib\libopencm3_stm32f1.a(gpio.o)
gpio_set                                          ../libopencm3/lib\libopencm3_stm32f1.a(gpio_common_all.o)
gpio_set_eventout                                 ../libopencm3/lib\libopencm3_stm32f1.a(gpio.o)
gpio_set_mode                                     ../libopencm3/lib\libopencm3_stm32f1.a(gpio.o)
                                                  src/firmware.o
gpio_toggle                                       ../libopencm3/lib\libopencm3_stm32f1.a(gpio_common_all.o)
                                                  src/firmware.o
hard_fault_handler                                ../libopencm3/lib\libopencm3_stm32f1.a(vector.o)
i2c1_er_isr                                       ../libopencm3/lib\libopencm3_stm32f1.a(vector.o)
i2c1_ev_isr                                       ../libopencm3/lib\libopencm3_stm32f1.a(vector.o)
i2c2_er_isr                                       ../libopencm3/lib\libopencm3_stm32f1.a(vector.o)
i2c2_ev_isr                                       ../libopencm3/lib\libopencm3_stm32f1.a(vector.o)
main                                              src/firmware.o
                                                  ../libopencm3/lib\libopencm3_stm32f1.a(vector.o)
mem_manage_handler                                ../libopencm3/lib\libopencm3_stm32f1.a(vector.o)
nmi_handler                                       ../libopencm3/lib\libopencm3_stm32f1.a(vector.o)
null_handler                                      ../libopencm3/lib\libopencm3_stm32f1.a(vector.o)
otg_fs_isr                                        ../libopencm3/lib\libopencm3_stm32f1.a(vector.o)
pend_sv_handler                                   ../libopencm3/lib\libopencm3_stm32f1.a(vector.o)
pvd_isr                                           ../libopencm3/lib\libopencm3_stm32f1.a(vector.o)
rcc_ahb_frequency                                 ../libopencm3/lib\libopencm3_stm32f1.a(rcc.o)
rcc_apb1_frequency                                ../libopencm3/lib\libopencm3_stm32f1.a(rcc.o)
rcc_apb2_frequency                                ../libopencm3/lib\libopencm3_stm32f1.a(rcc.o)
rcc_backupdomain_reset                            ../libopencm3/lib\libopencm3_stm32f1.a(rcc.o)
rcc_clock_setup_in_hse_12mhz_out_72mhz            ../libopencm3/lib\libopencm3_stm32f1.a(rcc.o)
rcc_clock_setup_in_hse_16mhz_out_72mhz            ../libopencm3/lib\libopencm3_stm32f1.a(rcc.o)
rcc_clock_setup_in_hse_25mhz_out_72mhz            ../libopencm3/lib\libopencm3_stm32f1.a(rcc.o)
rcc_clock_setup_in_hse_8mhz_out_24mhz             ../libopencm3/lib\libopencm3_stm32f1.a(rcc.o)
rcc_clock_setup_in_hse_8mhz_out_72mhz             ../libopencm3/lib\libopencm3_stm32f1.a(rcc.o)
rcc_clock_setup_in_hsi_out_24mhz                  ../libopencm3/lib\libopencm3_stm32f1.a(rcc.o)
rcc_clock_setup_in_hsi_out_48mhz                  ../libopencm3/lib\libopencm3_stm32f1.a(rcc.o)
rcc_clock_setup_in_hsi_out_64mhz                  ../libopencm3/lib\libopencm3_stm32f1.a(rcc.o)
rcc_clock_setup_pll                               ../libopencm3/lib\libopencm3_stm32f1.a(rcc.o)
                                                  src/core/system.o
rcc_css_disable                                   ../libopencm3/lib\libopencm3_stm32f1.a(rcc.o)
rcc_css_enable                                    ../libopencm3/lib\libopencm3_stm32f1.a(rcc.o)
rcc_css_int_clear                                 ../libopencm3/lib\libopencm3_stm32f1.a(rcc.o)
rcc_css_int_flag                                  ../libopencm3/lib\libopencm3_stm32f1.a(rcc.o)
rcc_enable_rtc_clock                              ../libopencm3/lib\libopencm3_stm32f1.a(rcc.o)
rcc_get_div_from_hpre                             ../libopencm3/lib\libopencm3_stm32f1.a(rcc_common_all.o)
rcc_get_i2c_clk_freq                              ../libopencm3/lib\libopencm3_stm32f1.a(rcc.o)
rcc_get_timer_clk_freq                            ../libopencm3/lib\libopencm3_stm32f1.a(rcc.o)
rcc_get_usart_clk_freq                            ../libopencm3/lib\libopencm3_stm32f1.a(rcc.o)
rcc_hse_configs                                   ../libopencm3/lib\libopencm3_stm32f1.a(rcc.o)
                                                  src/core/system.o
rcc_hsi_configs                                   ../libopencm3/lib\libopencm3_stm32f1.a(rcc.o)
rcc_is_osc_ready                                  ../libopencm3/lib\libopencm3_stm32f1.a(rcc.o)
rcc_isr                                           ../libopencm3/lib\libopencm3_stm32f1.a(vector.o)
rcc_osc_bypass_disable                            ../libopencm3/lib\libopencm3_stm32f1.a(rcc_common_all.o)
rcc_osc_bypass_enable                             ../libopencm3/lib\libopencm3_stm32f1.a(rcc_common_all.o)
rcc_osc_off                                       ../libopencm3/lib\libopencm3_stm32f1.a(rcc.o)
rcc_osc_on                                        ../libopencm3/lib\libopencm3_stm32f1.a(rcc.o)
rcc_osc_ready_int_clear                           ../libopencm3/lib\libopencm3_stm32f1.a(rcc.o)
rcc_osc_ready_int_disable                         ../libopencm3/lib\libopencm3_stm32f1.a(rcc.o)
rcc_osc_ready_int_enable                          ../libopencm3/lib\libopencm3_stm32f1.a(rcc.o)
rcc_osc_ready_int_flag                            ../libopencm3/lib\libopencm3_stm32f1.a(rcc.o)
rcc_periph_clock_disable                          ../libopencm3/lib\libopencm3_stm32f1.a(rcc_common_all.o)
rcc_periph_clock_enable                           ../libopencm3/lib\libopencm3_stm32f1.a(rcc_common_all.o)
                                                  src/firmware.o
rcc_periph_reset_hold                             ../libopencm3/lib\libopencm3_stm32f1.a(rcc_common_all.o)
rcc_periph_reset_pulse                            ../libopencm3/lib\libopencm3_stm32f1.a(rcc_common_all.o)
rcc_periph_reset_release                          ../libopencm3/lib\libopencm3_stm32f1.a(rcc_common_all.o)
rcc_peripheral_clear_reset                        ../libopencm3/lib\libopencm3_stm32f1.a(rcc_common_all.o)
rcc_peripheral_disable_clock                      ../libopencm3/lib\libopencm3_stm32f1.a(rcc_common_all.o)
rcc_peripheral_enable_clock                       ../libopencm3/lib\libopencm3_stm32f1.a(rcc_common_all.o)
rcc_peripheral_reset                              ../libopencm3/lib\libopencm3_stm32f1.a(rcc_common_all.o)
rcc_rtc_clock_enabled_flag                        ../libopencm3/lib\libopencm3_stm32f1.a(rcc.o)
rcc_set_adcpre                                    ../libopencm3/lib\libopencm3_stm32f1.a(rcc.o)
rcc_set_hpre                                      ../libopencm3/lib\libopencm3_stm32f1.a(rcc.o)
rcc_set_mco                                       ../libopencm3/lib\libopencm3_stm32f1.a(rcc_common_all.o)
rcc_set_pll2_multiplication_factor                ../libopencm3/lib\libopencm3_stm32f1.a(rcc.o)
rcc_set_pll3_multiplication_factor                ../libopencm3/lib\libopencm3_stm32f1.a(rcc.o)
rcc_set_pll_multiplication_factor                 ../libopencm3/lib\libopencm3_stm32f1.a(rcc.o)
rcc_set_pll_source                                ../libopencm3/lib\libopencm3_stm32f1.a(rcc.o)
rcc_set_pllxtpre                                  ../libopencm3/lib\libopencm3_stm32f1.a(rcc.o)
rcc_set_ppre1                                     ../libopencm3/lib\libopencm3_stm32f1.a(rcc.o)
rcc_set_ppre2                                     ../libopencm3/lib\libopencm3_stm32f1.a(rcc.o)
rcc_set_prediv1                                   ../libopencm3/lib\libopencm3_stm32f1.a(rcc.o)
rcc_set_prediv1_source                            ../libopencm3/lib\libopencm3_stm32f1.a(rcc.o)
rcc_set_prediv2                                   ../libopencm3/lib\libopencm3_stm32f1.a(rcc.o)
rcc_set_rtc_clock_source                          ../libopencm3/lib\libopencm3_stm32f1.a(rcc.o)
rcc_set_sysclk_source                             ../libopencm3/lib\libopencm3_stm32f1.a(rcc.o)
rcc_set_usbpre                                    ../libopencm3/lib\libopencm3_stm32f1.a(rcc.o)
rcc_system_clock_source                           ../libopencm3/lib\libopencm3_stm32f1.a(rcc.o)
rcc_wait_for_osc_ready                            ../libopencm3/lib\libopencm3_stm32f1.a(rcc.o)
reset_handler                                     ../libopencm3/lib\libopencm3_stm32f1.a(vector.o)
rtc_alarm_isr                                     ../libopencm3/lib\libopencm3_stm32f1.a(vector.o)
rtc_isr                                           ../libopencm3/lib\libopencm3_stm32f1.a(vector.o)
sdio_isr                                          ../libopencm3/lib\libopencm3_stm32f1.a(vector.o)
spi1_isr                                          ../libopencm3/lib\libopencm3_stm32f1.a(vector.o)
spi2_isr                                          ../libopencm3/lib\libopencm3_stm32f1.a(vector.o)
spi3_isr                                          ../libopencm3/lib\libopencm3_stm32f1.a(vector.o)
sv_call_handler                                   ../libopencm3/lib\libopencm3_stm32f1.a(vector.o)
sys_tick_handler                                  src/core/system.o
system_get_ticks                                  src/core/system.o
                                                  src/firmware.o
system_setup                                      src/core/system.o
                                                  src/firmware.o
systick_clear                                     ../libopencm3/lib\libopencm3_stm32f1.a(systick.o)
                                                  src/core/system.o
systick_counter_disable                           ../libopencm3/lib\libopencm3_stm32f1.a(systick.o)
systick_counter_enable                            ../libopencm3/lib\libopencm3_stm32f1.a(systick.o)
                                                  src/core/system.o
systick_get_calib                                 ../libopencm3/lib\libopencm3_stm32f1.a(systick.o)
systick_get_countflag                             ../libopencm3/lib\libopencm3_stm32f1.a(systick.o)
systick_get_reload                                ../libopencm3/lib\libopencm3_stm32f1.a(systick.o)
systick_get_value                                 ../libopencm3/lib\libopencm3_stm32f1.a(systick.o)
systick_interrupt_disable                         ../libopencm3/lib\libopencm3_stm32f1.a(systick.o)
systick_interrupt_enable                          ../libopencm3/lib\libopencm3_stm32f1.a(systick.o)
                                                  src/core/system.o
systick_set_clocksource                           ../libopencm3/lib\libopencm3_stm32f1.a(systick.o)
                                                  src/core/system.o
systick_set_frequency                             ../libopencm3/lib\libopencm3_stm32f1.a(systick.o)
systick_set_reload                                ../libopencm3/lib\libopencm3_stm32f1.a(systick.o)
                                                  src/core/system.o
tamper_isr                                        ../libopencm3/lib\libopencm3_stm32f1.a(vector.o)
tim1_brk_isr                                      ../libopencm3/lib\libopencm3_stm32f1.a(vector.o)
tim1_cc_isr                                       ../libopencm3/lib\libopencm3_stm32f1.a(vector.o)
tim1_trg_com_isr                                  ../libopencm3/lib\libopencm3_stm32f1.a(vector.o)
tim1_up_isr                                       ../libopencm3/lib\libopencm3_stm32f1.a(vector.o)
tim2_isr                                          ../libopencm3/lib\libopencm3_stm32f1.a(vector.o)
tim3_isr                                          ../libopencm3/lib\libopencm3_stm32f1.a(vector.o)
tim4_isr                                          ../libopencm3/lib\libopencm3_stm32f1.a(vector.o)
tim5_isr                                          ../libopencm3/lib\libopencm3_stm32f1.a(vector.o)
tim6_isr                                          ../libopencm3/lib\libopencm3_stm32f1.a(vector.o)
tim7_isr                                          ../libopencm3/lib\libopencm3_stm32f1.a(vector.o)
tim8_brk_isr                                      ../libopencm3/lib\libopencm3_stm32f1.a(vector.o)
tim8_cc_isr                                       ../libopencm3/lib\libopencm3_stm32f1.a(vector.o)
tim8_trg_com_isr                                  ../libopencm3/lib\libopencm3_stm32f1.a(vector.o)
tim8_up_isr                                       ../libopencm3/lib\libopencm3_stm32f1.a(vector.o)
uart4_isr                                         ../libopencm3/lib\libopencm3_stm32f1.a(vector.o)
uart5_isr                                         ../libopencm3/lib\libopencm3_stm32f1.a(vector.o)
usage_fault_handler                               ../libopencm3/lib\libopencm3_stm32f1.a(vector.o)
usart1_isr                                        ../libopencm3/lib\libopencm3_stm32f1.a(vector.o)
usart2_isr                                        ../libopencm3/lib\libopencm3_stm32f1.a(vector.o)
usart3_isr                                        ../libopencm3/lib\libopencm3_stm32f1.a(vector.o)
usb_hp_can_tx_isr                                 ../libopencm3/lib\libopencm3_stm32f1.a(vector.o)
usb_lp_can_rx0_isr                                ../libopencm3/lib\libopencm3_stm32f1.a(vector.o)
usb_wakeup_isr                                    ../libopencm3/lib\libopencm3_stm32f1.a(vector.o)
vector_table                                      ../libopencm3/lib\libopencm3_stm32f1.a(vector.o)
wwdg_isr                                          ../libopencm3/lib\libopencm3_stm32f1.a(vector.o)
