Archive member included to satisfy reference by file (symbol)

../libopencm3/lib\libopencm3_stm32f1.a(gpio.o)
                              src/firmware.o (gpio_set_mode)
../libopencm3/lib\libopencm3_stm32f1.a(gpio_common_all.o)
                              src/firmware.o (gpio_toggle)
../libopencm3/lib\libopencm3_stm32f1.a(rcc.o)
                              ../shared/src/core/system.o (rcc_clock_setup_pll)
../libopencm3/lib\libopencm3_stm32f1.a(rcc_common_all.o)
                              src/firmware.o (rcc_periph_clock_enable)
../libopencm3/lib\libopencm3_stm32f1.a(usart_common_all.o)
                              ../shared/src/core/uart.o (usart_set_baudrate)
../libopencm3/lib\libopencm3_stm32f1.a(usart_common_f124.o)
                              ../libopencm3/lib\libopencm3_stm32f1.a(usart_common_all.o) (usart_send)
../libopencm3/lib\libopencm3_stm32f1.a(vector.o)
                              (reset_handler)
../libopencm3/lib\libopencm3_stm32f1.a(systick.o)
                              ../shared/src/core/system.o (systick_set_reload)
../libopencm3/lib\libopencm3_stm32f1.a(nvic.o)
                              ../shared/src/core/uart.o (nvic_enable_irq)
../libopencm3/lib\libopencm3_stm32f1.a(assert.o)
                              ../libopencm3/lib\libopencm3_stm32f1.a(rcc.o) (cm3_assert_failed)
../libopencm3/lib\libopencm3_stm32f1.a(flash_common_all.o)
                              ../libopencm3/lib\libopencm3_stm32f1.a(rcc.o) (flash_set_ws)

Discarded input sections

 .group         0x00000000        0xc src/firmware.o
 .group         0x00000000        0xc src/firmware.o
 .group         0x00000000        0xc src/firmware.o
 .group         0x00000000        0xc src/firmware.o
 .group         0x00000000        0xc src/firmware.o
 .group         0x00000000        0xc src/firmware.o
 .group         0x00000000        0xc src/firmware.o
 .group         0x00000000        0xc src/firmware.o
 .group         0x00000000        0xc src/firmware.o
 .group         0x00000000        0xc src/firmware.o
 .group         0x00000000        0xc src/firmware.o
 .group         0x00000000        0xc src/firmware.o
 .group         0x00000000        0xc src/firmware.o
 .group         0x00000000        0xc src/firmware.o
 .group         0x00000000        0xc src/firmware.o
 .group         0x00000000        0xc src/firmware.o
 .text          0x00000000        0x0 src/firmware.o
 .data          0x00000000        0x0 src/firmware.o
 .bss           0x00000000        0x0 src/firmware.o
 .group         0x00000000        0xc ../shared/src/core/system.o
 .group         0x00000000        0xc ../shared/src/core/system.o
 .group         0x00000000        0xc ../shared/src/core/system.o
 .group         0x00000000        0xc ../shared/src/core/system.o
 .group         0x00000000        0xc ../shared/src/core/system.o
 .group         0x00000000        0xc ../shared/src/core/system.o
 .group         0x00000000        0xc ../shared/src/core/system.o
 .group         0x00000000        0xc ../shared/src/core/system.o
 .group         0x00000000        0xc ../shared/src/core/system.o
 .group         0x00000000        0xc ../shared/src/core/system.o
 .group         0x00000000        0xc ../shared/src/core/system.o
 .group         0x00000000        0xc ../shared/src/core/system.o
 .group         0x00000000        0xc ../shared/src/core/system.o
 .group         0x00000000        0xc ../shared/src/core/system.o
 .text          0x00000000        0x0 ../shared/src/core/system.o
 .data          0x00000000        0x0 ../shared/src/core/system.o
 .bss           0x00000000        0x0 ../shared/src/core/system.o
 .text.system_delay
                0x00000000       0x14 ../shared/src/core/system.o
 .debug_macro   0x00000000      0xad2 ../shared/src/core/system.o
 .debug_macro   0x00000000       0x1c ../shared/src/core/system.o
 .debug_macro   0x00000000       0x22 ../shared/src/core/system.o
 .debug_macro   0x00000000       0x56 ../shared/src/core/system.o
 .debug_macro   0x00000000       0x6d ../shared/src/core/system.o
 .debug_macro   0x00000000      0x103 ../shared/src/core/system.o
 .debug_macro   0x00000000       0x6a ../shared/src/core/system.o
 .debug_macro   0x00000000      0x1d0 ../shared/src/core/system.o
 .debug_macro   0x00000000       0x22 ../shared/src/core/system.o
 .debug_macro   0x00000000       0xe8 ../shared/src/core/system.o
 .debug_macro   0x00000000       0x76 ../shared/src/core/system.o
 .debug_macro   0x00000000      0x1b4 ../shared/src/core/system.o
 .debug_macro   0x00000000      0x8c6 ../shared/src/core/system.o
 .group         0x00000000        0xc ../shared/src/core/uart.o
 .group         0x00000000        0xc ../shared/src/core/uart.o
 .group         0x00000000        0xc ../shared/src/core/uart.o
 .group         0x00000000        0xc ../shared/src/core/uart.o
 .group         0x00000000        0xc ../shared/src/core/uart.o
 .group         0x00000000        0xc ../shared/src/core/uart.o
[...]
Memory Configuration

Name             Origin             Length             Attributes
ram              0x20000000         0x00010000         xrw
rom              0x08008000         0x00038000         xr
*default*        0x00000000         0xffffffff

Linker script and memory map

LOAD src/firmware.o
LOAD ../shared/src/core/system.o
LOAD ../shared/src/core/uart.o
LOAD ../shared/src/core/ring-buffer.o
LOAD ../libopencm3/lib\libopencm3_stm32f1.a
START GROUP
LOAD D:/bin/../lib/gcc/arm-none-eabi/15.3.1/../../../../arm-none-eabi/lib/thumb/v7-m/nofp\libc.a
LOAD D:/bin/../lib/gcc/arm-none-eabi/15.3.1/thumb/v7-m/nofp\libgcc.a
LOAD D:/bin/../lib/gcc/arm-none-eabi/15.3.1/../../../../arm-none-eabi/lib/thumb/v7-m/nofp\libnosys.a
END GROUP
START GROUP
LOAD D:/bin/../lib/gcc/arm-none-eabi/15.3.1/thumb/v7-m/nofp\libgcc.a
LOAD D:/bin/../lib/gcc/arm-none-eabi/15.3.1/../../../../arm-none-eabi/lib/thumb/v7-m/nofp\libg.a
LOAD D:/bin/../lib/gcc/arm-none-eabi/15.3.1/../../../../arm-none-eabi/lib/thumb/v7-m/nofp\libc.a
END GROUP

.text           0x08008000      0x960
 *(.vectors)
 .vectors       0x08008000      0x150 ../libopencm3/lib\libopencm3_stm32f1.a(vector.o)
                0x08008000                vector_table
 *(.text*)
 .text.startup.main
                0x08008150       0x70 src/firmware.o
                0x08008150                main
 .text.system_setup
                0x080081c0       0x2c ../shared/src/core/system.o
                0x080081c0                system_setup
 .text.sys_tick_handler
                0x080081ec       0x10 ../shared/src/core/system.o
                0x080081ec                sys_tick_handler
 .text.system_get_ticks
                0x080081fc        0xc ../shared/src/core/system.o
                0x080081fc                system_get_ticks
 .text.uart_setup
                0x08008208       0x98 ../shared/src/core/uart.o
                0x08008208                uart_setup
 .text.usart1_isr
                0x080082a0       0x34 ../shared/src/core/uart.o
                0x080082a0                usart1_isr
 .text.uart_write_byte
                0x080082d4        0xc ../shared/src/core/uart.o
                0x080082d4                uart_write_byte
 .text.uart_write
                0x080082e0       0x18 ../shared/src/core/uart.o
                0x080082e0                uart_write
 .text.uart_read
                0x080082f8       0x2c ../shared/src/core/uart.o
                0x080082f8                uart_read
 .text.uart_read_byte
                0x08008324       0x1a ../shared/src/core/uart.o
                0x08008324                uart_read_byte
 *fill*         0x0800833e        0x2 
 .text.uart_data_available
                0x08008340       0x14 ../shared/src/core/uart.o
                0x08008340                uart_data_available
 .text.ring_buffer_setup
                0x08008354       0x1e ../shared/src/core/ring-buffer.o
                0x08008354                ring_buffer_setup
 .text.ring_buffer_empty
                0x08008372       0x12 ../shared/src/core/ring-buffer.o
                0x08008372                ring_buffer_empty
 .text.ring_buffer_read
                0x08008384       0x26 ../shared/src/core/ring-buffer.o
                0x08008384                ring_buffer_read
 .text.ring_buffer_write
                0x080083aa       0x22 ../shared/src/core/ring-buffer.o
                0x080083aa                ring_buffer_write
 .text.gpio_set_mode
                0x080083cc       0x6a ../libopencm3/lib\libopencm3_stm32f1.a(gpio.o)
                0x080083cc                gpio_set_mode
 .text.gpio_toggle
                0x08008436       0x12 ../libopencm3/lib\libopencm3_stm32f1.a(gpio_common_all.o)
                0x08008436                gpio_toggle
 .text.rcc_is_osc_ready
                0x08008448       0x58 ../libopencm3/lib\libopencm3_stm32f1.a(rcc.o)
                0x08008448                rcc_is_osc_ready
 .text.rcc_wait_for_osc_ready
                0x080084a0       0x10 ../libopencm3/lib\libopencm3_stm32f1.a(rcc.o)
                0x080084a0                rcc_wait_for_osc_ready
 .text.rcc_osc_on
                0x080084b0       0x60 ../libopencm3/lib\libopencm3_stm32f1.a(rcc.o)
                0x080084b0                rcc_osc_on
 .text.rcc_set_sysclk_source
                0x08008510       0x14 ../libopencm3/lib\libopencm3_stm32f1.a(rcc.o)
                0x08008510                rcc_set_sysclk_source
 .text.rcc_set_pll_multiplication_factor
                0x08008524       0x14 ../libopencm3/lib\libopencm3_stm32f1.a(rcc.o)
                0x08008524                rcc_set_pll_multiplication_factor
 .text.rcc_set_pll2_multiplication_factor
                0x08008538       0x14 ../libopencm3/lib\libopencm3_stm32f1.a(rcc.o)
                0x08008538                rcc_set_pll2_multiplication_factor
 .text.rcc_set_pll3_multiplication_factor
                0x0800854c       0x14 ../libopencm3/lib\libopencm3_stm32f1.a(rcc.o)
                0x0800854c                rcc_set_pll3_multiplication_factor
 .text.rcc_set_pll_source
                0x08008560       0x14 ../libopencm3/lib\libopencm3_stm32f1.a(rcc.o)
                0x08008560                rcc_set_pll_source
 .text.rcc_set_pllxtpre
                0x08008574       0x14 ../libopencm3/lib\libopencm3_stm32f1.a(rcc.o)
                0x08008574                rcc_set_pllxtpre
 .text.rcc_set_adcpre
                0x08008588       0x14 ../libopencm3/lib\libopencm3_stm32f1.a(rcc.o)
                0x08008588                rcc_set_adcpre
 .text.rcc_set_ppre2
                0x0800859c       0x14 ../libopencm3/lib\libopencm3_stm32f1.a(rcc.o)
                0x0800859c                rcc_set_ppre2
 .text.rcc_set_ppre1
                0x080085b0       0x14 ../libopencm3/lib\libopencm3_stm32f1.a(rcc.o)
                0x080085b0                rcc_set_ppre1
 .text.rcc_set_hpre
                0x080085c4       0x14 ../libopencm3/lib\libopencm3_stm32f1.a(rcc.o)
                0x080085c4                rcc_set_hpre
 .text.rcc_set_usbpre
                0x080085d8       0x18 ../libopencm3/lib\libopencm3_stm32f1.a(rcc.o)
                0x080085d8                rcc_set_usbpre
 .text.rcc_set_prediv1
                0x080085f0       0x14 ../libopencm3/lib\libopencm3_stm32f1.a(rcc.o)
                0x080085f0                rcc_set_prediv1
 .text.rcc_set_prediv2
                0x08008604       0x14 ../libopencm3/lib\libopencm3_stm32f1.a(rcc.o)
                0x08008604                rcc_set_prediv2
 .text.rcc_set_prediv1_source
                0x08008618       0x18 ../libopencm3/lib\libopencm3_stm32f1.a(rcc.o)
                0x08008618                rcc_set_prediv1_source
 .text.rcc_clock_setup_pll
                0x08008630       0xbc ../libopencm3/lib\libopencm3_stm32f1.a(rcc.o)
                0x08008630                rcc_clock_setup_pll
 .text.rcc_get_usart_clk_freq
                0x080086ec       0x1c ../libopencm3/lib\libopencm3_stm32f1.a(rcc.o)
                0x080086ec                rcc_get_usart_clk_freq
 .text.rcc_periph_clock_enable
                0x08008708       0x1a ../libopencm3/lib\libopencm3_stm32f1.a(rcc_common_all.o)
                0x08008708                rcc_periph_clock_enable
 .text.usart_set_baudrate
                0x08008722       0x16 ../libopencm3/lib\libopencm3_stm32f1.a(usart_common_all.o)
                0x08008722                usart_set_baudrate
 .text.usart_set_databits
                0x08008738       0x12 ../libopencm3/lib\libopencm3_stm32f1.a(usart_common_all.o)
                0x08008738                usart_set_databits
 .text.usart_set_stopbits
                0x0800874a        0xc ../libopencm3/lib\libopencm3_stm32f1.a(usart_common_all.o)
                0x0800874a                usart_set_stopbits
 .text.usart_set_parity
                0x08008756        0xc ../libopencm3/lib\libopencm3_stm32f1.a(usart_common_all.o)
                0x08008756                usart_set_parity
 .text.usart_set_mode
                0x08008762        0xc ../libopencm3/lib\libopencm3_stm32f1.a(usart_common_all.o)
                0x08008762                usart_set_mode
 .text.usart_set_flow_control
                0x0800876e        0xc ../libopencm3/lib\libopencm3_stm32f1.a(usart_common_all.o)
                0x0800876e                usart_set_flow_control
 .text.usart_enable
                0x0800877a        0xa ../libopencm3/lib\libopencm3_stm32f1.a(usart_common_all.o)
                0x0800877a                usart_enable
 .text.usart_send_blocking
                0x08008784       0x16 ../libopencm3/lib\libopencm3_stm32f1.a(usart_common_all.o)
                0x08008784                usart_send_blocking
 .text.usart_enable_rx_interrupt
                0x0800879a        0xa ../libopencm3/lib\libopencm3_stm32f1.a(usart_common_all.o)
                0x0800879a                usart_enable_rx_interrupt
 .text.usart_send
                0x080087a4        0x8 ../libopencm3/lib\libopencm3_stm32f1.a(usart_common_f124.o)
                0x080087a4                usart_send
 .text.usart_recv
                0x080087ac        0x8 ../libopencm3/lib\libopencm3_stm32f1.a(usart_common_f124.o)
                0x080087ac                usart_recv
 .text.usart_wait_send_ready
                0x080087b4        0x8 ../libopencm3/lib\libopencm3_stm32f1.a(usart_common_f124.o)
                0x080087b4                usart_wait_send_ready
 .text.usart_get_flag
                0x080087bc        0xc ../libopencm3/lib\libopencm3_stm32f1.a(usart_common_f124.o)
                0x080087bc                usart_get_flag
 .text.blocking_handler
                0x080087c8        0x2 ../libopencm3/lib\libopencm3_stm32f1.a(vector.o)
                0x080087c8                usart3_isr
                0x080087c8                rtc_isr
                0x080087c8                tim7_isr
                0x080087c8                adc1_2_isr
                0x080087c8                tim1_trg_com_isr
                0x080087c8                usb_hp_can_tx_isr
                0x080087c8                tim6_isr
                0x080087c8                usb_wakeup_isr
                0x080087c8                blocking_handler
                0x080087c8                tim5_isr
                0x080087c8                otg_fs_isr
                0x080087c8                spi1_isr
                0x080087c8                exti2_isr
                0x080087c8                dma1_channel6_isr
                0x080087c8                can_rx1_isr
                0x080087c8                dma1_channel5_isr
                0x080087c8                dma2_channel5_isr
                0x080087c8                usage_fault_handler
                0x080087c8                tim8_trg_com_isr
                0x080087c8                can2_rx0_isr
                0x080087c8                tim1_brk_isr
                0x080087c8                can2_rx1_isr
                0x080087c8                tim1_cc_isr
                0x080087c8                sdio_isr
                0x080087c8                eth_isr
                0x080087c8                dma1_channel4_isr
                0x080087c8                tim8_brk_isr
                0x080087c8                dma2_channel4_5_isr
                0x080087c8                pvd_isr
                0x080087c8                rcc_isr
                0x080087c8                flash_isr
                0x080087c8                uart4_isr
                0x080087c8                rtc_alarm_isr
                0x080087c8                exti15_10_isr
                0x080087c8                hard_fault_handler
                0x080087c8                exti1_isr
                0x080087c8                i2c1_ev_isr
                0x080087c8                dma2_channel1_isr
                0x080087c8                spi2_isr
                0x080087c8                tim8_up_isr
                0x080087c8                dma2_channel2_isr
                0x080087c8                exti3_isr
                0x080087c8                adc3_isr
                0x080087c8                tim3_isr
                0x080087c8                usart2_isr
                0x080087c8                usb_lp_can_rx0_isr
                0x080087c8                i2c2_er_isr
                0x080087c8                i2c2_ev_isr
                0x080087c8                uart5_isr
                0x080087c8                fsmc_isr
                0x080087c8                dma1_channel1_isr
                0x080087c8                exti4_isr
                0x080087c8                mem_manage_handler
                0x080087c8                can2_tx_isr
                0x080087c8                exti9_5_isr
                0x080087c8                dma2_channel3_isr
                0x080087c8                dma1_channel7_isr
                0x080087c8                tim1_up_isr
                0x080087c8                can2_sce_isr
                0x080087c8                tim4_isr
                0x080087c8                dma1_channel2_isr
                0x080087c8                i2c1_er_isr
                0x080087c8                can_sce_isr
                0x080087c8                tim8_cc_isr
                0x080087c8                tamper_isr
                0x080087c8                eth_wkup_isr
                0x080087c8                bus_fault_handler
                0x080087c8                wwdg_isr
                0x080087c8                dma1_channel3_isr
                0x080087c8                spi3_isr
                0x080087c8                tim2_isr
                0x080087c8                exti0_isr
 .text.null_handler
                0x080087ca        0x2 ../libopencm3/lib\libopencm3_stm32f1.a(vector.o)
                0x080087ca                sv_call_handler
                0x080087ca                pend_sv_handler
                0x080087ca                debug_monitor_handler
                0x080087ca                nmi_handler
                0x080087ca                null_handler
 .text.reset_handler
                0x080087cc       0x94 ../libopencm3/lib\libopencm3_stm32f1.a(vector.o)
                0x080087cc                reset_handler
 .text.systick_set_reload
                0x08008860        0xc ../libopencm3/lib\libopencm3_stm32f1.a(systick.o)
                0x08008860                systick_set_reload
 .text.systick_set_clocksource
                0x0800886c       0x14 ../libopencm3/lib\libopencm3_stm32f1.a(systick.o)
                0x0800886c                systick_set_clocksource
 .text.systick_interrupt_enable
                0x08008880        0xe ../libopencm3/lib\libopencm3_stm32f1.a(systick.o)
                0x08008880                systick_interrupt_enable
 .text.systick_counter_enable
                0x0800888e        0xe ../libopencm3/lib\libopencm3_stm32f1.a(systick.o)
                0x0800888e                systick_counter_enable
 .text.systick_clear
                0x0800889c        0xa ../libopencm3/lib\libopencm3_stm32f1.a(systick.o)
                0x0800889c                systick_clear
 .text.nvic_enable_irq
                0x080088a6       0x18 ../libopencm3/lib\libopencm3_stm32f1.a(nvic.o)
                0x080088a6                nvic_enable_irq
 *fill*         0x080088be        0x2 
 .text.flash_set_ws
                0x080088c0       0x14 ../libopencm3/lib\libopencm3_stm32f1.a(flash_common_all.o)
                0x080088c0                flash_set_ws
                0x080088d4                        . = ALIGN (0x4)
 *(.rodata*)
 .rodata.rcc_hse_configs
                0x080088d4       0x8c ../libopencm3/lib\libopencm3_stm32f1.a(rcc.o)
                0x080088d4                rcc_hse_configs
                0x08008960                        . = ALIGN (0x4)

.glue_7         0x08008960        0x0
 .glue_7        0x08008960        0x0 linker stubs

.glue_7t        0x08008960        0x0
 .glue_7t       0x08008960        0x0 linker stubs

.vfp11_veneer   0x08008960        0x0
 .vfp11_veneer  0x08008960        0x0 linker stubs

.v4_bx          0x08008960        0x0
 .v4_bx         0x08008960        0x0 linker stubs

.iplt           0x08008960        0x0
 .iplt          0x08008960        0x0 src/firmware.o

.rel.dyn        0x08008960        0x0
 .rel.iplt      0x08008960        0x0 src/firmware.o

.preinit_array  0x08008960        0x0
                0x08008960                        . = ALIGN (0x4)
                0x08008960                        __preinit_array_start = .
 *(.preinit_array)
                0x08008960                        __preinit_array_end = .

.init_array     0x08008960        0x0
                0x08008960                        . = ALIGN (0x4)
                0x08008960                        __init_array_start = .
 *(SORT_BY_NAME(.init_array.*))
 *(.init_array)
                0x08008960                        __init_array_end = .

.fini_array     0x08008960        0x0
                0x08008960                        . = ALIGN (0x4)
                0x08008960                        __fini_array_start = .
 *(.fini_array)
 *(SORT_BY_NAME(.fini_array.*))
                0x08008960                        __fini_array_end = .

.ARM.extab
 *(.ARM.extab*)

.ARM.exidx      0x08008960        0x0
                0x08008960                        __exidx_start = .
 *(.ARM.exidx*)
                0x08008960                        __exidx_end = .
                0x08008960                        . = ALIGN (0x4)
                0x08008960                        _etext = .

.noinit
 *(.noinit*)
                0x08008960                        . = ALIGN (0x4)

.data           0x20000000       0x28 load address 0x08008960
                0x20000000                        _data = .
 *(.data*)
 .data.startup_msg.0
                0x20000000       0x1a src/firmware.o
 *fill*         0x2000001a        0x2 
 .data.rcc_ahb_frequency
                0x2000001c        0x4 ../libopencm3/lib\libopencm3_stm32f1.a(rcc.o)
                0x2000001c                rcc_ahb_frequency
 .data.rcc_apb2_frequency
                0x20000020        0x4 ../libopencm3/lib\libopencm3_stm32f1.a(rcc.o)
                0x20000020                rcc_apb2_frequency
 .data.rcc_apb1_frequency
                0x20000024        0x4 ../libopencm3/lib\libopencm3_stm32f1.a(rcc.o)
                0x20000024                rcc_apb1_frequency
 *(.ramtext*)
                0x20000028                        . = ALIGN (0x4)
                0x20000028                        _edata = .
                0x08008960                        _data_loadaddr = LOADADDR (.data)

.igot.plt       0x20000028        0x0 load address 0x08008988
 .igot.plt      0x20000028        0x0 src/firmware.o

.bss            0x20000028       0x54 load address 0x08008988
 *(.bss*)
 .bss.ms_ticks  0x20000028        0x4 ../shared/src/core/system.o
 .bss.rb        0x2000002c       0x10 ../shared/src/core/uart.o
 .bss.data_buffer
                0x2000003c       0x40 ../shared/src/core/uart.o
 *(COMMON)
                0x2000007c                        . = ALIGN (0x4)
                0x2000007c                        _ebss = .

/DISCARD/
 *(.eh_frame)
                0x2000007c                        . = ALIGN (0x4)
                0x2000007c                        end = .
                0x20010000                        PROVIDE (_stack = (ORIGIN (ram) + LENGTH (ram)))
OUTPUT(firmware.elf elf32-littlearm)
LOAD linker stubs

.debug_info     0x00000000     0x4337
 .debug_info    0x00000000      0x483 src/firmware.o
 .debug_info    0x00000483      0x35b ../shared/src/core/system.o
 .debug_info    0x000007de      0x8fa ../shared/src/core/uart.o
 .debug_info    0x000010d8      0x24a ../shared/src/core/ring-buffer.o
 .debug_info    0x00001322      0x1fd ../libopencm3/lib\libopencm3_stm32f1.a(gpio.o)
 .debug_info    0x0000151f      0x256 ../libopencm3/lib\libopencm3_stm32f1.a(gpio_common_all.o)
 .debug_info    0x00001775     0x14d0 ../libopencm3/lib\libopencm3_stm32f1.a(rcc.o)
 .debug_info    0x00002c45      0x60d ../libopencm3/lib\libopencm3_stm32f1.a(rcc_common_all.o)
 .debug_info    0x00003252      0x6d1 ../libopencm3/lib\libopencm3_stm32f1.a(usart_common_all.o)
 .debug_info    0x00003923      0x192 ../libopencm3/lib\libopencm3_stm32f1.a(usart_common_f124.o)
 .debug_info    0x00003ab5      0x2c4 ../libopencm3/lib\libopencm3_stm32f1.a(vector.o)
 .debug_info    0x00003d79      0x28f ../libopencm3/lib\libopencm3_stm32f1.a(systick.o)
 .debug_info    0x00004008      0x239 ../libopencm3/lib\libopencm3_stm32f1.a(nvic.o)
 .debug_info    0x00004241       0xf6 ../libopencm3/lib\libopencm3_stm32f1.a(flash_common_all.o)

.debug_abbrev   0x00000000     0x1371
 .debug_abbrev  0x00000000      0x1a7 src/firmware.o
 .debug_abbrev  0x000001a7      0x1f2 ../shared/src/core/system.o
 .debug_abbrev  0x00000399      0x254 ../shared/src/core/uart.o
 .debug_abbrev  0x000005ed       0xfa ../shared/src/core/ring-buffer.o
 .debug_abbrev  0x000006e7       0xd3 ../libopencm3/lib\libopencm3_stm32f1.a(gpio.o)
 .debug_abbrev  0x000007ba      0x115 ../libopencm3/lib\libopencm3_stm32f1.a(gpio_common_all.o)
 .debug_abbrev  0x000008cf      0x2be ../libopencm3/lib\libopencm3_stm32f1.a(rcc.o)
 .debug_abbrev  0x00000b8d      0x185 ../libopencm3/lib\libopencm3_stm32f1.a(rcc_common_all.o)
 .debug_abbrev  0x00000d12      0x1bf ../libopencm3/lib\libopencm3_stm32f1.a(usart_common_all.o)
 .debug_abbrev  0x00000ed1       0xb6 ../libopencm3/lib\libopencm3_stm32f1.a(usart_common_f124.o)
 .debug_abbrev  0x00000f87      0x149 ../libopencm3/lib\libopencm3_stm32f1.a(vector.o)
 .debug_abbrev  0x000010d0      0x14e ../libopencm3/lib\libopencm3_stm32f1.a(systick.o)
 .debug_abbrev  0x0000121e       0xb6 ../libopencm3/lib\libopencm3_stm32f1.a(nvic.o)
 .debug_abbrev  0x000012d4       0x9d ../libopencm3/lib\libopencm3_stm32f1.a(flash_common_all.o)

.debug_loclists
                0x00000000      0xd8d
 .debug_loclists
                0x00000000       0x41 src/firmware.o
 .debug_loclists
                0x00000041       0x17 ../shared/src/core/system.o
 .debug_loclists
                0x00000058      0x14a ../shared/src/core/uart.o
 .debug_loclists
                0x000001a2      0x14b ../shared/src/core/ring-buffer.o
 .debug_loclists
                0x000002ed      0x107 ../libopencm3/lib\libopencm3_stm32f1.a(gpio.o)
 .debug_loclists
                0x000003f4       0x96 ../libopencm3/lib\libopencm3_stm32f1.a(gpio_common_all.o)
 .debug_loclists
                0x0000048a      0x2cb ../libopencm3/lib\libopencm3_stm32f1.a(rcc.o)
 .debug_loclists
                0x00000755       0x97 ../libopencm3/lib\libopencm3_stm32f1.a(rcc_common_all.o)
 .debug_loclists
                0x000007ec      0x1b8 ../libopencm3/lib\libopencm3_stm32f1.a(usart_common_all.o)
 .debug_loclists
                0x000009a4       0x79 ../libopencm3/lib\libopencm3_stm32f1.a(usart_common_f124.o)
 .debug_loclists
                0x00000a1d       0xa8 ../libopencm3/lib\libopencm3_stm32f1.a(vector.o)
 .debug_loclists
                0x00000ac5      0x192 ../libopencm3/lib\libopencm3_stm32f1.a(systick.o)
 .debug_loclists
                0x00000c57      0x111 ../libopencm3/lib\libopencm3_stm32f1.a(nvic.o)
 .debug_loclists
                0x00000d68       0x25 ../libopencm3/lib\libopencm3_stm32f1.a(flash_common_all.o)

.debug_aranges  0x00000000      0x5d0
 .debug_aranges
                0x00000000       0x20 src/firmware.o
 .debug_aranges
                0x00000020       0x38 ../shared/src/core/system.o
 .debug_aranges
                0x00000058       0x50 ../shared/src/core/uart.o
 .debug_aranges
                0x000000a8       0x38 ../shared/src/core/ring-buffer.o
 .debug_aranges
                0x000000e0       0x38 ../libopencm3/lib\libopencm3_stm32f1.a(gpio.o)
 .debug_aranges
                0x00000118       0x50 ../libopencm3/lib\libopencm3_stm32f1.a(gpio_common_all.o)
 .debug_aranges
                0x00000168      0x170 ../libopencm3/lib\libopencm3_stm32f1.a(rcc.o)
 .debug_aranges
                0x000002d8       0x80 ../libopencm3/lib\libopencm3_stm32f1.a(rcc_common_all.o)
 .debug_aranges
                0x00000358       0xf8 ../libopencm3/lib\libopencm3_stm32f1.a(usart_common_all.o)
 .debug_aranges
                0x00000450       0x40 ../libopencm3/lib\libopencm3_stm32f1.a(usart_common_f124.o)
 .debug_aranges
                0x00000490       0x30 ../libopencm3/lib\libopencm3_stm32f1.a(vector.o)
 .debug_aranges
                0x000004c0       0x78 ../libopencm3/lib\libopencm3_stm32f1.a(systick.o)
 .debug_aranges
                0x00000538       0x60 ../libopencm3/lib\libopencm3_stm32f1.a(nvic.o)
 .debug_aranges
                0x00000598       0x38 ../libopencm3/lib\libopencm3_stm32f1.a(flash_common_all.o)

.debug_rnglists
                0x00000000      0x4c0
 .debug_rnglists
                0x00000000       0x2e src/firmware.o
 .debug_rnglists
                0x0000002e       0x3d ../shared/src/core/system.o
 .debug_rnglists
                0x0000006b       0x50 ../shared/src/core/uart.o
 .debug_rnglists
                0x000000bb       0x25 ../shared/src/core/ring-buffer.o
 .debug_rnglists
                0x000000e0       0x25 ../libopencm3/lib\libopencm3_stm32f1.a(gpio.o)
 .debug_rnglists
                0x00000105       0x37 ../libopencm3/lib\libopencm3_stm32f1.a(gpio_common_all.o)
 .debug_rnglists
                0x0000013c      0x160 ../libopencm3/lib\libopencm3_stm32f1.a(rcc.o)
 .debug_rnglists
                0x0000029c       0x5b ../libopencm3/lib\libopencm3_stm32f1.a(rcc_common_all.o)
 .debug_rnglists
                0x000002f7       0xb5 ../libopencm3/lib\libopencm3_stm32f1.a(usart_common_all.o)
 .debug_rnglists
                0x000003ac       0x2b ../libopencm3/lib\libopencm3_stm32f1.a(usart_common_f124.o)
 .debug_rnglists
                0x000003d7       0x20 ../libopencm3/lib\libopencm3_stm32f1.a(vector.o)
 .debug_rnglists
                0x000003f7       0x61 ../libopencm3/lib\libopencm3_stm32f1.a(systick.o)
 .debug_rnglists
                0x00000458       0x43 ../libopencm3/lib\libopencm3_stm32f1.a(nvic.o)
 .debug_rnglists
                0x0000049b       0x25 ../libopencm3/lib\libopencm3_stm32f1.a(flash_common_all.o)

.debug_macro    0x00000000     0x45f1
 .debug_macro   0x00000000      0x115 src/firmware.o
 .debug_macro   0x00000115      0xad2 src/firmware.o
 .debug_macro   0x00000be7       0x1c src/firmware.o
 .debug_macro   0x00000c03       0x22 src/firmware.o
 .debug_macro   0x00000c25       0x56 src/firmware.o
 .debug_macro   0x00000c7b       0x6d src/firmware.o
 .debug_macro   0x00000ce8      0x103 src/firmware.o
 .debug_macro   0x00000deb       0x6a src/firmware.o
 .debug_macro   0x00000e55      0x1d0 src/firmware.o
 .debug_macro   0x00001025       0x22 src/firmware.o
 .debug_macro   0x00001047       0xe8 src/firmware.o
 .debug_macro   0x0000112f       0x76 src/firmware.o
 .debug_macro   0x000011a5      0x1b4 src/firmware.o
 .debug_macro   0x00001359      0x8c6 src/firmware.o
 .debug_macro   0x00001c1f       0x76 src/firmware.o
 .debug_macro   0x00001c95      0xe2e src/firmware.o
 .debug_macro   0x00002ac3      0x3a9 src/firmware.o
 .debug_macro   0x00002e6c       0xd7 ../shared/src/core/system.o
 .debug_macro   0x00002f43       0x6f ../shared/src/core/system.o
 .debug_macro   0x00002fb2      0x144 ../shared/src/core/uart.o
 .debug_macro   0x000030f6       0x94 ../shared/src/core/uart.o
 .debug_macro   0x0000318a      0x29e ../shared/src/core/uart.o
 .debug_macro   0x00003428       0x6e ../shared/src/core/uart.o
 .debug_macro   0x00003496      0x1a2 ../shared/src/core/uart.o
 .debug_macro   0x00003638      0x189 ../shared/src/core/uart.o
 .debug_macro   0x000037c1       0x89 ../shared/src/core/ring-buffer.o
 .debug_macro   0x0000384a       0xb8 ../libopencm3/lib\libopencm3_stm32f1.a(gpio.o)
 .debug_macro   0x00003902       0xb8 ../libopencm3/lib\libopencm3_stm32f1.a(gpio_common_all.o)
 .debug_macro   0x000039ba       0xe7 ../libopencm3/lib\libopencm3_stm32f1.a(rcc.o)
 .debug_macro   0x00003aa1       0x16 ../libopencm3/lib\libopencm3_stm32f1.a(rcc.o)
 .debug_macro   0x00003ab7       0xee ../libopencm3/lib\libopencm3_stm32f1.a(rcc.o)
 .debug_macro   0x00003ba5       0x82 ../libopencm3/lib\libopencm3_stm32f1.a(rcc.o)
 .debug_macro   0x00003c27       0xce ../libopencm3/lib\libopencm3_stm32f1.a(rcc_common_all.o)
 .debug_macro   0x00003cf5       0xda ../libopencm3/lib\libopencm3_stm32f1.a(usart_common_all.o)
 .debug_macro   0x00003dcf       0xda ../libopencm3/lib\libopencm3_stm32f1.a(usart_common_f124.o)
 .debug_macro   0x00003ea9       0xcf ../libopencm3/lib\libopencm3_stm32f1.a(vector.o)
 .debug_macro   0x00003f78      0x3a3 ../libopencm3/lib\libopencm3_stm32f1.a(vector.o)
 .debug_macro   0x0000431b       0x92 ../libopencm3/lib\libopencm3_stm32f1.a(systick.o)
 .debug_macro   0x000043ad       0x69 ../libopencm3/lib\libopencm3_stm32f1.a(systick.o)
 .debug_macro   0x00004416       0xb3 ../libopencm3/lib\libopencm3_stm32f1.a(nvic.o)
 .debug_macro   0x000044c9       0x68 ../libopencm3/lib\libopencm3_stm32f1.a(nvic.o)
 .debug_macro   0x00004531       0xc0 ../libopencm3/lib\libopencm3_stm32f1.a(flash_common_all.o)

.debug_line     0x00000000     0x3b2b
 .debug_line    0x00000000      0x323 src/firmware.o
 .debug_line    0x00000323      0x321 ../shared/src/core/system.o
 .debug_line    0x00000644      0x4cf ../shared/src/core/uart.o
 .debug_line    0x00000b13      0x2f8 ../shared/src/core/ring-buffer.o
 .debug_line    0x00000e0b      0x374 ../libopencm3/lib\libopencm3_stm32f1.a(gpio.o)
 .debug_line    0x0000117f      0x32d ../libopencm3/lib\libopencm3_stm32f1.a(gpio_common_all.o)
 .debug_line    0x000014ac      0xcdf ../libopencm3/lib\libopencm3_stm32f1.a(rcc.o)
 .debug_line    0x0000218b      0x3d1 ../libopencm3/lib\libopencm3_stm32f1.a(rcc_common_all.o)
 .debug_line    0x0000255c      0x626 ../libopencm3/lib\libopencm3_stm32f1.a(usart_common_all.o)
 .debug_line    0x00002b82      0x314 ../libopencm3/lib\libopencm3_stm32f1.a(usart_common_f124.o)
 .debug_line    0x00002e96      0x348 ../libopencm3/lib\libopencm3_stm32f1.a(vector.o)
 .debug_line    0x000031de      0x325 ../libopencm3/lib\libopencm3_stm32f1.a(systick.o)
 .debug_line    0x00003503      0x355 ../libopencm3/lib\libopencm3_stm32f1.a(nvic.o)
 .debug_line    0x00003858      0x2d3 ../libopencm3/lib\libopencm3_stm32f1.a(flash_common_all.o)

.debug_str      0x00000000    0x10378
 .debug_str     0x00000000    0x10378 src/firmware.o
                               0xc306 (size before relaxing)
 .debug_str     0x00010378        0x0 ../shared/src/core/system.o
                               0x7a38 (size before relaxing)
 .debug_str     0x00010378        0x0 ../shared/src/core/uart.o
                               0xcd7f (size before relaxing)
 .debug_str     0x00010378        0x0 ../shared/src/core/ring-buffer.o
                               0x41b6 (size before relaxing)
 .debug_str     0x00010378        0x0 ../libopencm3/lib\libopencm3_stm32f1.a(gpio.o)
                               0x87e5 (size before relaxing)
 .debug_str     0x00010378        0x0 ../libopencm3/lib\libopencm3_stm32f1.a(gpio_common_all.o)
                               0x87d9 (size before relaxing)
 .debug_str     0x00010378        0x0 ../libopencm3/lib\libopencm3_stm32f1.a(rcc.o)
                               0x843a (size before relaxing)
 .debug_str     0x00010378        0x0 ../libopencm3/lib\libopencm3_stm32f1.a(rcc_common_all.o)
                               0x7b48 (size before relaxing)
 .debug_str     0x00010378        0x0 ../libopencm3/lib\libopencm3_stm32f1.a(usart_common_all.o)
                               0x87ac (size before relaxing)
 .debug_str     0x00010378        0x0 ../libopencm3/lib\libopencm3_stm32f1.a(usart_common_f124.o)
                               0x84fd (size before relaxing)
 .debug_str     0x00010378        0x0 ../libopencm3/lib\libopencm3_stm32f1.a(vector.o)
                               0x687e (size before relaxing)
 .debug_str     0x00010378        0x0 ../libopencm3/lib\libopencm3_stm32f1.a(systick.o)
                               0x470f (size before relaxing)
 .debug_str     0x00010378        0x0 ../libopencm3/lib\libopencm3_stm32f1.a(nvic.o)
                               0x5e60 (size before relaxing)
 .debug_str     0x00010378        0x0 ../libopencm3/lib\libopencm3_stm32f1.a(flash_common_all.o)
                               0x571e (size before relaxing)

.comment        0x00000000       0x46
 .comment       0x00000000       0x46 src/firmware.o
                                 0x47 (size before relaxing)
 .comment       0x00000046        0x0 ../shared/src/core/system.o
                                 0x47 (size before relaxing)
 .comment       0x00000046        0x0 ../shared/src/core/uart.o
                                 0x47 (size before relaxing)
 .comment       0x00000046        0x0 ../shared/src/core/ring-buffer.o
                                 0x47 (size before relaxing)
 .comment       0x00000046        0x0 ../libopencm3/lib\libopencm3_stm32f1.a(gpio.o)
                                 0x47 (size before relaxing)
 .comment       0x00000046        0x0 ../libopencm3/lib\libopencm3_stm32f1.a(gpio_common_all.o)
                                 0x47 (size before relaxing)
 .comment       0x00000046        0x0 ../libopencm3/lib\libopencm3_stm32f1.a(rcc.o)
                                 0x47 (size before relaxing)
 .comment       0x00000046        0x0 ../libopencm3/lib\libopencm3_stm32f1.a(rcc_common_all.o)
                                 0x47 (size before relaxing)
 .comment       0x00000046        0x0 ../libopencm3/lib\libopencm3_stm32f1.a(usart_common_all.o)
                                 0x47 (size before relaxing)
 .comment       0x00000046        0x0 ../libopencm3/lib\libopencm3_stm32f1.a(usart_common_f124.o)
                                 0x47 (size before relaxing)
 .comment       0x00000046        0x0 ../libopencm3/lib\libopencm3_stm32f1.a(vector.o)
                                 0x47 (size before relaxing)
 .comment       0x00000046        0x0 ../libopencm3/lib\libopencm3_stm32f1.a(systick.o)
                                 0x47 (size before relaxing)
 .comment       0x00000046        0x0 ../libopencm3/lib\libopencm3_stm32f1.a(nvic.o)
                                 0x47 (size before relaxing)
 .comment       0x00000046        0x0 ../libopencm3/lib\libopencm3_stm32f1.a(flash_common_all.o)
                                 0x47 (size before relaxing)

.ARM.attributes
                0x00000000       0x2d
 .ARM.attributes
                0x00000000       0x2d src/firmware.o
 .ARM.attributes
                0x0000002d       0x2d ../shared/src/core/system.o
 .ARM.attributes
                0x0000005a       0x2d ../shared/src/core/uart.o
 .ARM.attributes
                0x00000087       0x2d ../shared/src/core/ring-buffer.o
 .ARM.attributes
                0x000000b4       0x2d ../libopencm3/lib\libopencm3_stm32f1.a(gpio.o)
 .ARM.attributes
                0x000000e1       0x2d ../libopencm3/lib\libopencm3_stm32f1.a(gpio_common_all.o)
 .ARM.attributes
                0x0000010e       0x2d ../libopencm3/lib\libopencm3_stm32f1.a(rcc.o)
 .ARM.attributes
                0x0000013b       0x2d ../libopencm3/lib\libopencm3_stm32f1.a(rcc_common_all.o)
 .ARM.attributes
                0x00000168       0x2d ../libopencm3/lib\libopencm3_stm32f1.a(usart_common_all.o)
 .ARM.attributes
                0x00000195       0x2d ../libopencm3/lib\libopencm3_stm32f1.a(usart_common_f124.o)
 .ARM.attributes
                0x000001c2       0x2d ../libopencm3/lib\libopencm3_stm32f1.a(vector.o)
 .ARM.attributes
                0x000001ef       0x2d ../libopencm3/lib\libopencm3_stm32f1.a(systick.o)
 .ARM.attributes
                0x0000021c       0x2d ../libopencm3/lib\libopencm3_stm32f1.a(nvic.o)
 .ARM.attributes
                0x00000249       0x2d ../libopencm3/lib\libopencm3_stm32f1.a(flash_common_all.o)

.debug_frame    0x00000000      0xb08
 .debug_frame   0x00000000       0x2c src/firmware.o
 .debug_frame   0x0000002c       0x5c ../shared/src/core/system.o
 .debug_frame   0x00000088       0xc8 ../shared/src/core/uart.o
 .debug_frame   0x00000150       0x64 ../shared/src/core/ring-buffer.o
 .debug_frame   0x000001b4       0x64 ../libopencm3/lib\libopencm3_stm32f1.a(gpio.o)
 .debug_frame   0x00000218       0x80 ../libopencm3/lib\libopencm3_stm32f1.a(gpio_common_all.o)
 .debug_frame   0x00000298      0x318 ../libopencm3/lib\libopencm3_stm32f1.a(rcc.o)
 .debug_frame   0x000005b0       0xe0 ../libopencm3/lib\libopencm3_stm32f1.a(rcc_common_all.o)
 .debug_frame   0x00000690      0x204 ../libopencm3/lib\libopencm3_stm32f1.a(usart_common_all.o)
 .debug_frame   0x00000894       0x60 ../libopencm3/lib\libopencm3_stm32f1.a(usart_common_f124.o)
 .debug_frame   0x000008f4       0x4c ../libopencm3/lib\libopencm3_stm32f1.a(vector.o)
 .debug_frame   0x00000940       0xd8 ../libopencm3/lib\libopencm3_stm32f1.a(systick.o)
 .debug_frame   0x00000a18       0xa0 ../libopencm3/lib\libopencm3_stm32f1.a(nvic.o)
 .debug_frame   0x00000ab8       0x50 ../libopencm3/lib\libopencm3_stm32f1.a(flash_common_all.o)

Cross Reference Table

Symbol                                            File
__fini_array_end                                  ../libopencm3/lib\libopencm3_stm32f1.a(vector.o)
__fini_array_start                                ../libopencm3/lib\libopencm3_stm32f1.a(vector.o)
__init_array_end                                  ../libopencm3/lib\libopencm3_stm32f1.a(vector.o)
__init_array_start                                ../libopencm3/lib\libopencm3_stm32f1.a(vector.o)
__preinit_array_end                               ../libopencm3/lib\libopencm3_stm32f1.a(vector.o)
__preinit_array_start                             ../libopencm3/lib\libopencm3_stm32f1.a(vector.o)
_data                                             ../libopencm3/lib\libopencm3_stm32f1.a(vector.o)
_data_loadaddr                                    ../libopencm3/lib\libopencm3_stm32f1.a(vector.o)
_ebss                                             ../libopencm3/lib\libopencm3_stm32f1.a(vector.o)
_edata                                            ../libopencm3/lib\libopencm3_stm32f1.a(vector.o)
_stack                                            ../libopencm3/lib\libopencm3_stm32f1.a(vector.o)
adc1_2_isr                                        ../libopencm3/lib\libopencm3_stm32f1.a(vector.o)
adc3_isr                                          ../libopencm3/lib\libopencm3_stm32f1.a(vector.o)
blocking_handler                                  ../libopencm3/lib\libopencm3_stm32f1.a(vector.o)
bus_fault_handler                                 ../libopencm3/lib\libopencm3_stm32f1.a(vector.o)
can2_rx0_isr                                      ../libopencm3/lib\libopencm3_stm32f1.a(vector.o)
can2_rx1_isr                                      ../libopencm3/lib\libopencm3_stm32f1.a(vector.o)
can2_sce_isr                                      ../libopencm3/lib\libopencm3_stm32f1.a(vector.o)
can2_tx_isr                                       ../libopencm3/lib\libopencm3_stm32f1.a(vector.o)
can_rx1_isr                                       ../libopencm3/lib\libopencm3_stm32f1.a(vector.o)
can_sce_isr                                       ../libopencm3/lib\libopencm3_stm32f1.a(vector.o)
cm3_assert_failed                                 ../libopencm3/lib\libopencm3_stm32f1.a(assert.o)
                                                  ../libopencm3/lib\libopencm3_stm32f1.a(rcc.o)
cm3_assert_failed_verbose                         ../libopencm3/lib\libopencm3_stm32f1.a(assert.o)
debug_monitor_handler                             ../libopencm3/lib\libopencm3_stm32f1.a(vector.o)
dma1_channel1_isr                                 ../libopencm3/lib\libopencm3_stm32f1.a(vector.o)
dma1_channel2_isr                                 ../libopencm3/lib\libopencm3_stm32f1.a(vector.o)
dma1_channel3_isr                                 ../libopencm3/lib\libopencm3_stm32f1.a(vector.o)
dma1_channel4_isr                                 ../libopencm3/lib\libopencm3_stm32f1.a(vector.o)
dma1_channel5_isr                                 ../libopencm3/lib\libopencm3_stm32f1.a(vector.o)
dma1_channel6_isr                                 ../libopencm3/lib\libopencm3_stm32f1.a(vector.o)
dma1_channel7_isr                                 ../libopencm3/lib\libopencm3_stm32f1.a(vector.o)
dma2_channel1_isr                                 ../libopencm3/lib\libopencm3_stm32f1.a(vector.o)
dma2_channel2_isr                                 ../libopencm3/lib\libopencm3_stm32f1.a(vector.o)
dma2_channel3_isr                                 ../libopencm3/lib\libopencm3_stm32f1.a(vector.o)
dma2_channel4_5_isr                               ../libopencm3/lib\libopencm3_stm32f1.a(vector.o)
dma2_channel5_isr                                 ../libopencm3/lib\libopencm3_stm32f1.a(vector.o)
eth_isr                                           ../libopencm3/lib\libopencm3_stm32f1.a(vector.o)
eth_wkup_isr                                      ../libopencm3/lib\libopencm3_stm32f1.a(vector.o)
exti0_isr                                         ../libopencm3/lib\libopencm3_stm32f1.a(vector.o)
exti15_10_isr                                     ../libopencm3/lib\libopencm3_stm32f1.a(vector.o)
exti1_isr                                         ../libopencm3/lib\libopencm3_stm32f1.a(vector.o)
exti2_isr                                         ../libopencm3/lib\libopencm3_stm32f1.a(vector.o)
exti3_isr                                         ../libopencm3/lib\libopencm3_stm32f1.a(vector.o)
exti4_isr                                         ../libopencm3/lib\libopencm3_stm32f1.a(vector.o)
exti9_5_isr                                       ../libopencm3/lib\libopencm3_stm32f1.a(vector.o)
flash_isr                                         ../libopencm3/lib\libopencm3_stm32f1.a(vector.o)
flash_prefetch_disable                            ../libopencm3/lib\libopencm3_stm32f1.a(flash_common_all.o)
flash_prefetch_enable                             ../libopencm3/lib\libopencm3_stm32f1.a(flash_common_all.o)
flash_set_ws                                      ../libopencm3/lib\libopencm3_stm32f1.a(flash_common_all.o)
                                                  ../libopencm3/lib\libopencm3_stm32f1.a(rcc.o)
flash_unlock_option_bytes                         ../libopencm3/lib\libopencm3_stm32f1.a(flash_common_all.o)
fsmc_isr                                          ../libopencm3/lib\libopencm3_stm32f1.a(vector.o)
gpio_clear                                        ../libopencm3/lib\libopencm3_stm32f1.a(gpio_common_all.o)
gpio_get                                          ../libopencm3/lib\libopencm3_stm32f1.a(gpio_common_all.o)
gpio_port_config_lock                             ../libopencm3/lib\libopencm3_stm32f1.a(gpio_common_all.o)
gpio_port_read                                    ../libopencm3/lib\libopencm3_stm32f1.a(gpio_common_all.o)
gpio_port_write                                   ../libopencm3/lib\libopencm3_stm32f1.a(gpio_common_all.o)
gpio_primary_remap                                ../libopencm3/lib\libopencm3_stm32f1.a(gpio.o)
gpio_secondary_remap                              ../libopencm3/lib\libopencm3_stm32f1.a(gpio.o)
gpio_set                                          ../libopencm3/lib\libopencm3_stm32f1.a(gpio_common_all.o)
gpio_set_eventout                                 ../libopencm3/lib\libopencm3_stm32f1.a(gpio.o)
gpio_set_mode                                     ../libopencm3/lib\libopencm3_stm32f1.a(gpio.o)
                                                  ../shared/src/core/uart.o
                                                  src/firmware.o
gpio_toggle                                       ../libopencm3/lib\libopencm3_stm32f1.a(gpio_common_all.o)
                                                  src/firmware.o
hard_fault_handler                                ../libopencm3/lib\libopencm3_stm32f1.a(vector.o)
i2c1_er_isr                                       ../libopencm3/lib\libopencm3_stm32f1.a(vector.o)
i2c1_ev_isr                                       ../libopencm3/lib\libopencm3_stm32f1.a(vector.o)
i2c2_er_isr                                       ../libopencm3/lib\libopencm3_stm32f1.a(vector.o)
i2c2_ev_isr                                       ../libopencm3/lib\libopencm3_stm32f1.a(vector.o)
main                                              src/firmware.o
                                                  ../libopencm3/lib\libopencm3_stm32f1.a(vector.o)
mem_manage_handler                                ../libopencm3/lib\libopencm3_stm32f1.a(vector.o)
nmi_handler                                       ../libopencm3/lib\libopencm3_stm32f1.a(vector.o)
null_handler                                      ../libopencm3/lib\libopencm3_stm32f1.a(vector.o)
nvic_clear_pending_irq                            ../libopencm3/lib\libopencm3_stm32f1.a(nvic.o)
nvic_disable_irq                                  ../libopencm3/lib\libopencm3_stm32f1.a(nvic.o)
nvic_enable_irq                                   ../libopencm3/lib\libopencm3_stm32f1.a(nvic.o)
                                                  ../shared/src/core/uart.o
nvic_generate_software_interrupt                  ../libopencm3/lib\libopencm3_stm32f1.a(nvic.o)
nvic_get_active_irq                               ../libopencm3/lib\libopencm3_stm32f1.a(nvic.o)
nvic_get_irq_enabled                              ../libopencm3/lib\libopencm3_stm32f1.a(nvic.o)
nvic_get_pending_irq                              ../libopencm3/lib\libopencm3_stm32f1.a(nvic.o)
nvic_set_pending_irq                              ../libopencm3/lib\libopencm3_stm32f1.a(nvic.o)
nvic_set_priority                                 ../libopencm3/lib\libopencm3_stm32f1.a(nvic.o)
otg_fs_isr                                        ../libopencm3/lib\libopencm3_stm32f1.a(vector.o)
pend_sv_handler                                   ../libopencm3/lib\libopencm3_stm32f1.a(vector.o)
pvd_isr                                           ../libopencm3/lib\libopencm3_stm32f1.a(vector.o)
rcc_ahb_frequency                                 ../libopencm3/lib\libopencm3_stm32f1.a(rcc.o)
rcc_apb1_frequency                                ../libopencm3/lib\libopencm3_stm32f1.a(rcc.o)
rcc_apb2_frequency                                ../libopencm3/lib\libopencm3_stm32f1.a(rcc.o)
rcc_backupdomain_reset                            ../libopencm3/lib\libopencm3_stm32f1.a(rcc.o)
rcc_clock_setup_in_hse_12mhz_out_72mhz            ../libopencm3/lib\libopencm3_stm32f1.a(rcc.o)
rcc_clock_setup_in_hse_16mhz_out_72mhz            ../libopencm3/lib\libopencm3_stm32f1.a(rcc.o)
rcc_clock_setup_in_hse_25mhz_out_72mhz            ../libopencm3/lib\libopencm3_stm32f1.a(rcc.o)
rcc_clock_setup_in_hse_8mhz_out_24mhz             ../libopencm3/lib\libopencm3_stm32f1.a(rcc.o)
rcc_clock_setup_in_hse_8mhz_out_72mhz             ../libopencm3/lib\libopencm3_stm32f1.a(rcc.o)
rcc_clock_setup_in_hsi_out_24mhz                  ../libopencm3/lib\libopencm3_stm32f1.a(rcc.o)
rcc_clock_setup_in_hsi_out_48mhz                  ../libopencm3/lib\libopencm3_stm32f1.a(rcc.o)
rcc_clock_setup_in_hsi_out_64mhz                  ../libopencm3/lib\libopencm3_stm32f1.a(rcc.o)
rcc_clock_setup_pll                               ../libopencm3/lib\libopencm3_stm32f1.a(rcc.o)
                                                  ../shared/src/core/system.o
rcc_css_disable                                   ../libopencm3/lib\libopencm3_stm32f1.a(rcc.o)
rcc_css_enable                                    ../libopencm3/lib\libopencm3_stm32f1.a(rcc.o)
rcc_css_int_clear                                 ../libopencm3/lib\libopencm3_stm32f1.a(rcc.o)
rcc_css_int_flag                                  ../libopencm3/lib\libopencm3_stm32f1.a(rcc.o)
rcc_enable_rtc_clock                              ../libopencm3/lib\libopencm3_stm32f1.a(rcc.o)
rcc_get_div_from_hpre                             ../libopencm3/lib\libopencm3_stm32f1.a(rcc_common_all.o)
rcc_get_i2c_clk_freq                              ../libopencm3/lib\libopencm3_stm32f1.a(rcc.o)
rcc_get_timer_clk_freq                            ../libopencm3/lib\libopencm3_stm32f1.a(rcc.o)
rcc_get_usart_clk_freq                            ../libopencm3/lib\libopencm3_stm32f1.a(rcc.o)
                                                  ../libopencm3/lib\libopencm3_stm32f1.a(usart_common_all.o)
rcc_hse_configs                                   ../libopencm3/lib\libopencm3_stm32f1.a(rcc.o)
                                                  ../shared/src/core/system.o
rcc_hsi_configs                                   ../libopencm3/lib\libopencm3_stm32f1.a(rcc.o)
rcc_is_osc_ready                                  ../libopencm3/lib\libopencm3_stm32f1.a(rcc.o)
rcc_isr                                           ../libopencm3/lib\libopencm3_stm32f1.a(vector.o)
rcc_osc_bypass_disable                            ../libopencm3/lib\libopencm3_stm32f1.a(rcc_common_all.o)
rcc_osc_bypass_enable                             ../libopencm3/lib\libopencm3_stm32f1.a(rcc_common_all.o)
rcc_osc_off                                       ../libopencm3/lib\libopencm3_stm32f1.a(rcc.o)
rcc_osc_on                                        ../libopencm3/lib\libopencm3_stm32f1.a(rcc.o)
rcc_osc_ready_int_clear                           ../libopencm3/lib\libopencm3_stm32f1.a(rcc.o)
rcc_osc_ready_int_disable                         ../libopencm3/lib\libopencm3_stm32f1.a(rcc.o)
rcc_osc_ready_int_enable                          ../libopencm3/lib\libopencm3_stm32f1.a(rcc.o)
rcc_osc_ready_int_flag                            ../libopencm3/lib\libopencm3_stm32f1.a(rcc.o)
rcc_periph_clock_disable                          ../libopencm3/lib\libopencm3_stm32f1.a(rcc_common_all.o)
rcc_periph_clock_enable                           ../libopencm3/lib\libopencm3_stm32f1.a(rcc_common_all.o)
                                                  ../shared/src/core/uart.o
                                                  src/firmware.o
rcc_periph_reset_hold                             ../libopencm3/lib\libopencm3_stm32f1.a(rcc_common_all.o)
rcc_periph_reset_pulse                            ../libopencm3/lib\libopencm3_stm32f1.a(rcc_common_all.o)
rcc_periph_reset_release                          ../libopencm3/lib\libopencm3_stm32f1.a(rcc_common_all.o)
rcc_peripheral_clear_reset                        ../libopencm3/lib\libopencm3_stm32f1.a(rcc_common_all.o)
rcc_peripheral_disable_clock                      ../libopencm3/lib\libopencm3_stm32f1.a(rcc_common_all.o)
rcc_peripheral_enable_clock                       ../libopencm3/lib\libopencm3_stm32f1.a(rcc_common_all.o)
rcc_peripheral_reset                              ../libopencm3/lib\libopencm3_stm32f1.a(rcc_common_all.o)
rcc_rtc_clock_enabled_flag                        ../libopencm3/lib\libopencm3_stm32f1.a(rcc.o)
rcc_set_adcpre                                    ../libopencm3/lib\libopencm3_stm32f1.a(rcc.o)
rcc_set_hpre                                      ../libopencm3/lib\libopencm3_stm32f1.a(rcc.o)
rcc_set_mco                                       ../libopencm3/lib\libopencm3_stm32f1.a(rcc_common_all.o)
rcc_set_pll2_multiplication_factor                ../libopencm3/lib\libopencm3_stm32f1.a(rcc.o)
rcc_set_pll3_multiplication_factor                ../libopencm3/lib\libopencm3_stm32f1.a(rcc.o)
rcc_set_pll_multiplication_factor                 ../libopencm3/lib\libopencm3_stm32f1.a(rcc.o)
rcc_set_pll_source                                ../libopencm3/lib\libopencm3_stm32f1.a(rcc.o)
rcc_set_pllxtpre                                  ../libopencm3/lib\libopencm3_stm32f1.a(rcc.o)
rcc_set_ppre1                                     ../libopencm3/lib\libopencm3_stm32f1.a(rcc.o)
rcc_set_ppre2                                     ../libopencm3/lib\libopencm3_stm32f1.a(rcc.o)
rcc_set_prediv1                                   ../libopencm3/lib\libopencm3_stm32f1.a(rcc.o)
rcc_set_prediv1_source                            ../libopencm3/lib\libopencm3_stm32f1.a(rcc.o)
rcc_set_prediv2                                   ../libopencm3/lib\libopencm3_stm32f1.a(rcc.o)
rcc_set_rtc_clock_source                          ../libopencm3/lib\libopencm3_stm32f1.a(rcc.o)
rcc_set_sysclk_source                             ../libopencm3/lib\libopencm3_stm32f1.a(rcc.o)
rcc_set_usbpre                                    ../libopencm3/lib\libopencm3_stm32f1.a(rcc.o)
rcc_system_clock_source                           ../libopencm3/lib\libopencm3_stm32f1.a(rcc.o)
rcc_wait_for_osc_ready                            ../libopencm3/lib\libopencm3_stm32f1.a(rcc.o)
reset_handler                                     ../libopencm3/lib\libopencm3_stm32f1.a(vector.o)
ring_buffer_empty                                 ../shared/src/core/ring-buffer.o
                                                  ../shared/src/core/uart.o
ring_buffer_read                                  ../shared/src/core/ring-buffer.o
                                                  ../shared/src/core/uart.o
ring_buffer_setup                                 ../shared/src/core/ring-buffer.o
                                                  ../shared/src/core/uart.o
ring_buffer_write                                 ../shared/src/core/ring-buffer.o
                                                  ../shared/src/core/uart.o
rtc_alarm_isr                                     ../libopencm3/lib\libopencm3_stm32f1.a(vector.o)
rtc_isr                                           ../libopencm3/lib\libopencm3_stm32f1.a(vector.o)
sdio_isr                                          ../libopencm3/lib\libopencm3_stm32f1.a(vector.o)
spi1_isr                                          ../libopencm3/lib\libopencm3_stm32f1.a(vector.o)
spi2_isr                                          ../libopencm3/lib\libopencm3_stm32f1.a(vector.o)
spi3_isr                                          ../libopencm3/lib\libopencm3_stm32f1.a(vector.o)
sv_call_handler                                   ../libopencm3/lib\libopencm3_stm32f1.a(vector.o)
sys_tick_handler                                  ../shared/src/core/system.o
system_delay                                      ../shared/src/core/system.o
system_get_ticks                                  ../shared/src/core/system.o
                                                  src/firmware.o
system_setup                                      ../shared/src/core/system.o
                                                  src/firmware.o
systick_clear                                     ../libopencm3/lib\libopencm3_stm32f1.a(systick.o)
                                                  ../shared/src/core/system.o
systick_counter_disable                           ../libopencm3/lib\libopencm3_stm32f1.a(systick.o)
systick_counter_enable                            ../libopencm3/lib\libopencm3_stm32f1.a(systick.o)
                                                  ../shared/src/core/system.o
systick_get_calib                                 ../libopencm3/lib\libopencm3_stm32f1.a(systick.o)
systick_get_countflag                             ../libopencm3/lib\libopencm3_stm32f1.a(systick.o)
systick_get_reload                                ../libopencm3/lib\libopencm3_stm32f1.a(systick.o)
systick_get_value                                 ../libopencm3/lib\libopencm3_stm32f1.a(systick.o)
systick_interrupt_disable                         ../libopencm3/lib\libopencm3_stm32f1.a(systick.o)
systick_interrupt_enable                          ../libopencm3/lib\libopencm3_stm32f1.a(systick.o)
                                                  ../shared/src/core/system.o
systick_set_clocksource                           ../libopencm3/lib\libopencm3_stm32f1.a(systick.o)
                                                  ../shared/src/core/system.o
systick_set_frequency                             ../libopencm3/lib\libopencm3_stm32f1.a(systick.o)
systick_set_reload                                ../libopencm3/lib\libopencm3_stm32f1.a(systick.o)
                                                  ../shared/src/core/system.o
tamper_isr                                        ../libopencm3/lib\libopencm3_stm32f1.a(vector.o)
tim1_brk_isr                                      ../libopencm3/lib\libopencm3_stm32f1.a(vector.o)
tim1_cc_isr                                       ../libopencm3/lib\libopencm3_stm32f1.a(vector.o)
tim1_trg_com_isr                                  ../libopencm3/lib\libopencm3_stm32f1.a(vector.o)
tim1_up_isr                                       ../libopencm3/lib\libopencm3_stm32f1.a(vector.o)
tim2_isr                                          ../libopencm3/lib\libopencm3_stm32f1.a(vector.o)
tim3_isr                                          ../libopencm3/lib\libopencm3_stm32f1.a(vector.o)
tim4_isr                                          ../libopencm3/lib\libopencm3_stm32f1.a(vector.o)
tim5_isr                                          ../libopencm3/lib\libopencm3_stm32f1.a(vector.o)
tim6_isr                                          ../libopencm3/lib\libopencm3_stm32f1.a(vector.o)
tim7_isr                                          ../libopencm3/lib\libopencm3_stm32f1.a(vector.o)
tim8_brk_isr                                      ../libopencm3/lib\libopencm3_stm32f1.a(vector.o)
tim8_cc_isr                                       ../libopencm3/lib\libopencm3_stm32f1.a(vector.o)
tim8_trg_com_isr                                  ../libopencm3/lib\libopencm3_stm32f1.a(vector.o)
tim8_up_isr                                       ../libopencm3/lib\libopencm3_stm32f1.a(vector.o)
uart4_isr                                         ../libopencm3/lib\libopencm3_stm32f1.a(vector.o)
uart5_isr                                         ../libopencm3/lib\libopencm3_stm32f1.a(vector.o)
uart_data_available                               ../shared/src/core/uart.o
                                                  src/firmware.o
uart_read                                         ../shared/src/core/uart.o
uart_read_byte                                    ../shared/src/core/uart.o
                                                  src/firmware.o
uart_setup                                        ../shared/src/core/uart.o
                                                  src/firmware.o
uart_write                                        ../shared/src/core/uart.o
                                                  src/firmware.o
uart_write_byte                                   ../shared/src/core/uart.o
                                                  src/firmware.o
usage_fault_handler                               ../libopencm3/lib\libopencm3_stm32f1.a(vector.o)
usart1_isr                                        ../shared/src/core/uart.o
usart2_isr                                        ../libopencm3/lib\libopencm3_stm32f1.a(vector.o)
usart3_isr                                        ../libopencm3/lib\libopencm3_stm32f1.a(vector.o)
usart_disable                                     ../libopencm3/lib\libopencm3_stm32f1.a(usart_common_all.o)
usart_disable_error_interrupt                     ../libopencm3/lib\libopencm3_stm32f1.a(usart_common_all.o)
usart_disable_idle_interrupt                      ../libopencm3/lib\libopencm3_stm32f1.a(usart_common_all.o)
usart_disable_rx_dma                              ../libopencm3/lib\libopencm3_stm32f1.a(usart_common_all.o)
usart_disable_rx_interrupt                        ../libopencm3/lib\libopencm3_stm32f1.a(usart_common_all.o)
usart_disable_tx_complete_interrupt               ../libopencm3/lib\libopencm3_stm32f1.a(usart_common_all.o)
usart_disable_tx_dma                              ../libopencm3/lib\libopencm3_stm32f1.a(usart_common_all.o)
usart_disable_tx_interrupt                        ../libopencm3/lib\libopencm3_stm32f1.a(usart_common_all.o)
usart_enable                                      ../libopencm3/lib\libopencm3_stm32f1.a(usart_common_all.o)
                                                  ../shared/src/core/uart.o
usart_enable_error_interrupt                      ../libopencm3/lib\libopencm3_stm32f1.a(usart_common_all.o)
usart_enable_idle_interrupt                       ../libopencm3/lib\libopencm3_stm32f1.a(usart_common_all.o)
usart_enable_rx_dma                               ../libopencm3/lib\libopencm3_stm32f1.a(usart_common_all.o)
usart_enable_rx_interrupt                         ../libopencm3/lib\libopencm3_stm32f1.a(usart_common_all.o)
                                                  ../shared/src/core/uart.o
usart_enable_tx_complete_interrupt                ../libopencm3/lib\libopencm3_stm32f1.a(usart_common_all.o)
usart_enable_tx_dma                               ../libopencm3/lib\libopencm3_stm32f1.a(usart_common_all.o)
usart_enable_tx_interrupt                         ../libopencm3/lib\libopencm3_stm32f1.a(usart_common_all.o)
usart_get_baudrate                                ../libopencm3/lib\libopencm3_stm32f1.a(usart_common_all.o)
usart_get_databits                                ../libopencm3/lib\libopencm3_stm32f1.a(usart_common_all.o)
usart_get_flag                                    ../libopencm3/lib\libopencm3_stm32f1.a(usart_common_f124.o)
                                                  ../shared/src/core/uart.o
usart_get_parity                                  ../libopencm3/lib\libopencm3_stm32f1.a(usart_common_all.o)
usart_get_stopbits                                ../libopencm3/lib\libopencm3_stm32f1.a(usart_common_all.o)
usart_recv                                        ../libopencm3/lib\libopencm3_stm32f1.a(usart_common_f124.o)
                                                  ../libopencm3/lib\libopencm3_stm32f1.a(usart_common_all.o)
                                                  ../shared/src/core/uart.o
usart_recv_blocking                               ../libopencm3/lib\libopencm3_stm32f1.a(usart_common_all.o)
usart_send                                        ../libopencm3/lib\libopencm3_stm32f1.a(usart_common_f124.o)
                                                  ../libopencm3/lib\libopencm3_stm32f1.a(usart_common_all.o)
usart_send_blocking                               ../libopencm3/lib\libopencm3_stm32f1.a(usart_common_all.o)
                                                  ../shared/src/core/uart.o
usart_set_baudrate                                ../libopencm3/lib\libopencm3_stm32f1.a(usart_common_all.o)
                                                  ../shared/src/core/uart.o
usart_set_databits                                ../libopencm3/lib\libopencm3_stm32f1.a(usart_common_all.o)
                                                  ../shared/src/core/uart.o
usart_set_flow_control                            ../libopencm3/lib\libopencm3_stm32f1.a(usart_common_all.o)
                                                  ../shared/src/core/uart.o
usart_set_mode                                    ../libopencm3/lib\libopencm3_stm32f1.a(usart_common_all.o)
                                                  ../shared/src/core/uart.o
usart_set_parity                                  ../libopencm3/lib\libopencm3_stm32f1.a(usart_common_all.o)
                                                  ../shared/src/core/uart.o
usart_set_stopbits                                ../libopencm3/lib\libopencm3_stm32f1.a(usart_common_all.o)
                                                  ../shared/src/core/uart.o
usart_wait_recv_ready                             ../libopencm3/lib\libopencm3_stm32f1.a(usart_common_f124.o)
                                                  ../libopencm3/lib\libopencm3_stm32f1.a(usart_common_all.o)
usart_wait_send_ready                             ../libopencm3/lib\libopencm3_stm32f1.a(usart_common_f124.o)
                                                  ../libopencm3/lib\libopencm3_stm32f1.a(usart_common_all.o)
usb_hp_can_tx_isr                                 ../libopencm3/lib\libopencm3_stm32f1.a(vector.o)
usb_lp_can_rx0_isr                                ../libopencm3/lib\libopencm3_stm32f1.a(vector.o)
usb_wakeup_isr                                    ../libopencm3/lib\libopencm3_stm32f1.a(vector.o)
vector_table                                      ../libopencm3/lib\libopencm3_stm32f1.a(vector.o)
wwdg_isr                                          ../libopencm3/lib\libopencm3_stm32f1.a(vector.o)
