Archive member included to satisfy reference by file (symbol)

../libopencm3/lib\libopencm3_stm32f1.a(flash.o)
                              src/bl-flash.o (flash_program_half_word)
../libopencm3/lib\libopencm3_stm32f1.a(flash_common_f.o)
                              src/bl-flash.o (flash_unlock)
../libopencm3/lib\libopencm3_stm32f1.a(flash_common_f01.o)
                              ../libopencm3/lib\libopencm3_stm32f1.a(flash.o) (flash_clear_pgerr_flag)
../libopencm3/lib\libopencm3_stm32f1.a(gpio.o)
                              ../shared/src/core/uart.o (gpio_set_mode)
../libopencm3/lib\libopencm3_stm32f1.a(rcc.o)
                              ../shared/src/core/system.o (rcc_clock_setup_pll)
../libopencm3/lib\libopencm3_stm32f1.a(rcc_common_all.o)
                              ../shared/src/core/uart.o (rcc_periph_clock_enable)
../libopencm3/lib\libopencm3_stm32f1.a(usart_common_all.o)
                              ../shared/src/core/uart.o (usart_set_baudrate)
../libopencm3/lib\libopencm3_stm32f1.a(usart_common_f124.o)
                              ../libopencm3/lib\libopencm3_stm32f1.a(usart_common_all.o) (usart_send)
../libopencm3/lib\libopencm3_stm32f1.a(vector.o)
                              (reset_handler)
../libopencm3/lib\libopencm3_stm32f1.a(systick.o)
                              ../shared/src/core/system.o (systick_set_reload)
../libopencm3/lib\libopencm3_stm32f1.a(nvic.o)
                              ../shared/src/core/uart.o (nvic_enable_irq)
../libopencm3/lib\libopencm3_stm32f1.a(assert.o)
                              ../libopencm3/lib\libopencm3_stm32f1.a(rcc.o) (cm3_assert_failed)
../libopencm3/lib\libopencm3_stm32f1.a(desig_common_v1.o)
                              ../libopencm3/lib\libopencm3_stm32f1.a(flash.o) (desig_get_flash_size)
../libopencm3/lib\libopencm3_stm32f1.a(flash_common_all.o)
                              ../libopencm3/lib\libopencm3_stm32f1.a(rcc.o) (flash_set_ws)
D:/bin/../lib/gcc/arm-none-eabi/15.3.1/../../../../arm-none-eabi/lib/thumb/v7-m/nofp\libc.a(libc_a-memset.o)
                              src/comms.o (memset)

Discarded input sections

 .group         0x00000000        0xc src/bootloader.o
 .group         0x00000000        0xc src/bootloader.o
 .group         0x00000000        0xc src/bootloader.o
 .group         0x00000000        0xc src/bootloader.o
 .group         0x00000000        0xc src/bootloader.o
 .group         0x00000000        0xc src/bootloader.o
 .group         0x00000000        0xc src/bootloader.o
 .group         0x00000000        0xc src/bootloader.o
 .group         0x00000000        0xc src/bootloader.o
 .group         0x00000000        0xc src/bootloader.o
 .group         0x00000000        0xc src/bootloader.o
 .group         0x00000000        0xc src/bootloader.o
 .group         0x00000000        0xc src/bootloader.o
 .group         0x00000000        0xc src/bootloader.o
 .group         0x00000000        0xc src/bootloader.o
 .group         0x00000000        0xc src/bootloader.o
 .group         0x00000000        0xc src/bootloader.o
 .text          0x00000000        0x0 src/bootloader.o
 .data          0x00000000        0x0 src/bootloader.o
 .bss           0x00000000        0x0 src/bootloader.o
 .group         0x00000000        0xc src/bl-flash.o
 .group         0x00000000        0xc src/bl-flash.o
 .group         0x00000000        0xc src/bl-flash.o
 .group         0x00000000        0xc src/bl-flash.o
 .group         0x00000000        0xc src/bl-flash.o
 .group         0x00000000        0xc src/bl-flash.o
 .group         0x00000000        0xc src/bl-flash.o
 .group         0x00000000        0xc src/bl-flash.o
 .group         0x00000000        0xc src/bl-flash.o
 .group         0x00000000        0xc src/bl-flash.o
 .group         0x00000000        0xc src/bl-flash.o
 .group         0x00000000        0xc src/bl-flash.o
 .group         0x00000000        0xc src/bl-flash.o
 .group         0x00000000        0xc src/bl-flash.o
 .text          0x00000000        0x0 src/bl-flash.o
 .data          0x00000000        0x0 src/bl-flash.o
 .bss           0x00000000        0x0 src/bl-flash.o
 .text.bl_flash_erase_main_application
                0x00000000       0x28 src/bl-flash.o
 .text.bl_flash_write
                0x00000000       0x3e src/bl-flash.o
 .debug_info    0x00000000      0x1fc src/bl-flash.o
 .debug_abbrev  0x00000000      0x135 src/bl-flash.o
 .debug_loclists
                0x00000000       0xe6 src/bl-flash.o
 .debug_aranges
                0x00000000       0x28 src/bl-flash.o
 .debug_rnglists
                0x00000000       0x28 src/bl-flash.o
 .debug_macro   0x00000000       0xec src/bl-flash.o
 .debug_macro   0x00000000      0xad2 src/bl-flash.o
 .debug_macro   0x00000000       0x1c src/bl-flash.o
 .debug_macro   0x00000000       0x22 src/bl-flash.o
 .debug_macro   0x00000000       0x56 src/bl-flash.o
 .debug_macro   0x00000000       0x6d src/bl-flash.o
 .debug_macro   0x00000000      0x103 src/bl-flash.o
[...]
Memory Configuration

Name             Origin             Length             Attributes
ram              0x20000000         0x00010000         xrw
rom              0x08000000         0x00008000         xr
*default*        0x00000000         0xffffffff

Linker script and memory map

LOAD src/bootloader.o
LOAD src/bl-flash.o
LOAD src/comms.o
LOAD ../shared/src/core/system.o
LOAD ../shared/src/core/uart.o
LOAD ../shared/src/core/ring-buffer.o
LOAD ../shared/src/core/crc8.o
LOAD ../shared/src/core/simple-timer.o
LOAD ../libopencm3/lib\libopencm3_stm32f1.a
START GROUP
LOAD D:/bin/../lib/gcc/arm-none-eabi/15.3.1/../../../../arm-none-eabi/lib/thumb/v7-m/nofp\libc.a
LOAD D:/bin/../lib/gcc/arm-none-eabi/15.3.1/thumb/v7-m/nofp\libgcc.a
LOAD D:/bin/../lib/gcc/arm-none-eabi/15.3.1/../../../../arm-none-eabi/lib/thumb/v7-m/nofp\libnosys.a
END GROUP
START GROUP
LOAD D:/bin/../lib/gcc/arm-none-eabi/15.3.1/thumb/v7-m/nofp\libgcc.a
LOAD D:/bin/../lib/gcc/arm-none-eabi/15.3.1/../../../../arm-none-eabi/lib/thumb/v7-m/nofp\libg.a
LOAD D:/bin/../lib/gcc/arm-none-eabi/15.3.1/../../../../arm-none-eabi/lib/thumb/v7-m/nofp\libc.a
END GROUP

.text           0x08000000      0x6b8
 *(.vectors)
 .vectors       0x08000000      0x150 ../libopencm3/lib\libopencm3_stm32f1.a(vector.o)
                0x08000000                vector_table
 *(.text*)
 .text.startup.main
                0x08000150       0x2e src/bootloader.o
                0x08000150                main
 *fill*         0x0800017e        0x2 
 .text.system_setup
                0x08000180       0x2c ../shared/src/core/system.o
                0x08000180                system_setup
 .text.sys_tick_handler
                0x080001ac       0x10 ../shared/src/core/system.o
                0x080001ac                sys_tick_handler
 .text.system_get_ticks
                0x080001bc        0xc ../shared/src/core/system.o
                0x080001bc                system_get_ticks
 .text.usart1_isr
                0x080001c8       0x34 ../shared/src/core/uart.o
                0x080001c8                usart1_isr
 .text.ring_buffer_write
                0x080001fc       0x22 ../shared/src/core/ring-buffer.o
                0x080001fc                ring_buffer_write
 .text.simple_timer_setup
                0x0800021e       0x26 ../shared/src/core/simple-timer.o
                0x0800021e                simple_timer_setup
 .text.simple_timer_has_elapsed
                0x08000244       0x3a ../shared/src/core/simple-timer.o
                0x08000244                simple_timer_has_elapsed
 *fill*         0x0800027e        0x2 
 .text.rcc_is_osc_ready
                0x08000280       0x58 ../libopencm3/lib\libopencm3_stm32f1.a(rcc.o)
                0x08000280                rcc_is_osc_ready
 .text.rcc_wait_for_osc_ready
                0x080002d8       0x10 ../libopencm3/lib\libopencm3_stm32f1.a(rcc.o)
                0x080002d8                rcc_wait_for_osc_ready
 .text.rcc_osc_on
                0x080002e8       0x60 ../libopencm3/lib\libopencm3_stm32f1.a(rcc.o)
                0x080002e8                rcc_osc_on
 .text.rcc_set_sysclk_source
                0x08000348       0x14 ../libopencm3/lib\libopencm3_stm32f1.a(rcc.o)
                0x08000348                rcc_set_sysclk_source
 .text.rcc_set_pll_multiplication_factor
                0x0800035c       0x14 ../libopencm3/lib\libopencm3_stm32f1.a(rcc.o)
                0x0800035c                rcc_set_pll_multiplication_factor
 .text.rcc_set_pll2_multiplication_factor
                0x08000370       0x14 ../libopencm3/lib\libopencm3_stm32f1.a(rcc.o)
                0x08000370                rcc_set_pll2_multiplication_factor
 .text.rcc_set_pll3_multiplication_factor
                0x08000384       0x14 ../libopencm3/lib\libopencm3_stm32f1.a(rcc.o)
                0x08000384                rcc_set_pll3_multiplication_factor
 .text.rcc_set_pll_source
                0x08000398       0x14 ../libopencm3/lib\libopencm3_stm32f1.a(rcc.o)
                0x08000398                rcc_set_pll_source
 .text.rcc_set_pllxtpre
                0x080003ac       0x14 ../libopencm3/lib\libopencm3_stm32f1.a(rcc.o)
                0x080003ac                rcc_set_pllxtpre
 .text.rcc_set_adcpre
                0x080003c0       0x14 ../libopencm3/lib\libopencm3_stm32f1.a(rcc.o)
                0x080003c0                rcc_set_adcpre
 .text.rcc_set_ppre2
                0x080003d4       0x14 ../libopencm3/lib\libopencm3_stm32f1.a(rcc.o)
                0x080003d4                rcc_set_ppre2
 .text.rcc_set_ppre1
                0x080003e8       0x14 ../libopencm3/lib\libopencm3_stm32f1.a(rcc.o)
                0x080003e8                rcc_set_ppre1
 .text.rcc_set_hpre
                0x080003fc       0x14 ../libopencm3/lib\libopencm3_stm32f1.a(rcc.o)
                0x080003fc                rcc_set_hpre
 .text.rcc_set_usbpre
                0x08000410       0x18 ../libopencm3/lib\libopencm3_stm32f1.a(rcc.o)
                0x08000410                rcc_set_usbpre
 .text.rcc_set_prediv1
                0x08000428       0x14 ../libopencm3/lib\libopencm3_stm32f1.a(rcc.o)
                0x08000428                rcc_set_prediv1
 .text.rcc_set_prediv2
                0x0800043c       0x14 ../libopencm3/lib\libopencm3_stm32f1.a(rcc.o)
                0x0800043c                rcc_set_prediv2
 .text.rcc_set_prediv1_source
                0x08000450       0x18 ../libopencm3/lib\libopencm3_stm32f1.a(rcc.o)
                0x08000450                rcc_set_prediv1_source
 .text.rcc_clock_setup_pll
                0x08000468       0xbc ../libopencm3/lib\libopencm3_stm32f1.a(rcc.o)
                0x08000468                rcc_clock_setup_pll
 .text.usart_recv
                0x08000524        0x8 ../libopencm3/lib\libopencm3_stm32f1.a(usart_common_f124.o)
                0x08000524                usart_recv
 .text.usart_get_flag
                0x0800052c        0xc ../libopencm3/lib\libopencm3_stm32f1.a(usart_common_f124.o)
                0x0800052c                usart_get_flag
 .text.blocking_handler
                0x08000538        0x2 ../libopencm3/lib\libopencm3_stm32f1.a(vector.o)
                0x08000538                usart3_isr
                0x08000538                rtc_isr
                0x08000538                tim7_isr
                0x08000538                adc1_2_isr
                0x08000538                tim1_trg_com_isr
                0x08000538                usb_hp_can_tx_isr
                0x08000538                tim6_isr
                0x08000538                usb_wakeup_isr
                0x08000538                blocking_handler
                0x08000538                tim5_isr
                0x08000538                otg_fs_isr
                0x08000538                spi1_isr
                0x08000538                exti2_isr
                0x08000538                dma1_channel6_isr
                0x08000538                can_rx1_isr
                0x08000538                dma1_channel5_isr
                0x08000538                dma2_channel5_isr
                0x08000538                usage_fault_handler
                0x08000538                tim8_trg_com_isr
                0x08000538                can2_rx0_isr
                0x08000538                tim1_brk_isr
                0x08000538                can2_rx1_isr
                0x08000538                tim1_cc_isr
                0x08000538                sdio_isr
                0x08000538                eth_isr
                0x08000538                dma1_channel4_isr
                0x08000538                tim8_brk_isr
                0x08000538                dma2_channel4_5_isr
                0x08000538                pvd_isr
                0x08000538                rcc_isr
                0x08000538                flash_isr
                0x08000538                uart4_isr
                0x08000538                rtc_alarm_isr
                0x08000538                exti15_10_isr
                0x08000538                hard_fault_handler
                0x08000538                exti1_isr
                0x08000538                i2c1_ev_isr
                0x08000538                dma2_channel1_isr
                0x08000538                spi2_isr
                0x08000538                tim8_up_isr
                0x08000538                dma2_channel2_isr
                0x08000538                exti3_isr
                0x08000538                adc3_isr
                0x08000538                tim3_isr
                0x08000538                usart2_isr
                0x08000538                usb_lp_can_rx0_isr
                0x08000538                i2c2_er_isr
                0x08000538                i2c2_ev_isr
                0x08000538                uart5_isr
                0x08000538                fsmc_isr
                0x08000538                dma1_channel1_isr
                0x08000538                exti4_isr
                0x08000538                mem_manage_handler
                0x08000538                can2_tx_isr
                0x08000538                exti9_5_isr
                0x08000538                dma2_channel3_isr
                0x08000538                dma1_channel7_isr
                0x08000538                tim1_up_isr
                0x08000538                can2_sce_isr
                0x08000538                tim4_isr
                0x08000538                dma1_channel2_isr
                0x08000538                i2c1_er_isr
                0x08000538                can_sce_isr
                0x08000538                tim8_cc_isr
                0x08000538                tamper_isr
                0x08000538                eth_wkup_isr
                0x08000538                bus_fault_handler
                0x08000538                wwdg_isr
                0x08000538                dma1_channel3_isr
                0x08000538                spi3_isr
                0x08000538                tim2_isr
                0x08000538                exti0_isr
 .text.null_handler
                0x0800053a        0x2 ../libopencm3/lib\libopencm3_stm32f1.a(vector.o)
                0x0800053a                sv_call_handler
                0x0800053a                pend_sv_handler
                0x0800053a                debug_monitor_handler
                0x0800053a                nmi_handler
                0x0800053a                null_handler
 .text.reset_handler
                0x0800053c       0x94 ../libopencm3/lib\libopencm3_stm32f1.a(vector.o)
                0x0800053c                reset_handler
 .text.systick_set_reload
                0x080005d0        0xc ../libopencm3/lib\libopencm3_stm32f1.a(systick.o)
                0x080005d0                systick_set_reload
 .text.systick_set_clocksource
                0x080005dc       0x14 ../libopencm3/lib\libopencm3_stm32f1.a(systick.o)
                0x080005dc                systick_set_clocksource
 .text.systick_interrupt_enable
                0x080005f0        0xe ../libopencm3/lib\libopencm3_stm32f1.a(systick.o)
                0x080005f0                systick_interrupt_enable
 .text.systick_counter_enable
                0x080005fe        0xe ../libopencm3/lib\libopencm3_stm32f1.a(systick.o)
                0x080005fe                systick_counter_enable
 .text.systick_clear
                0x0800060c        0xa ../libopencm3/lib\libopencm3_stm32f1.a(systick.o)
                0x0800060c                systick_clear
 *fill*         0x08000616        0x2 
 .text.flash_set_ws
                0x08000618       0x14 ../libopencm3/lib\libopencm3_stm32f1.a(flash_common_all.o)
                0x08000618                flash_set_ws
                0x0800062c                        . = ALIGN (0x4)
 *(.rodata*)
 .rodata.rcc_hse_configs
                0x0800062c       0x8c ../libopencm3/lib\libopencm3_stm32f1.a(rcc.o)
                0x0800062c                rcc_hse_configs
                0x080006b8                        . = ALIGN (0x4)

.glue_7         0x080006b8        0x0
 .glue_7        0x080006b8        0x0 linker stubs

.glue_7t        0x080006b8        0x0
 .glue_7t       0x080006b8        0x0 linker stubs

.vfp11_veneer   0x080006b8        0x0
 .vfp11_veneer  0x080006b8        0x0 linker stubs

.v4_bx          0x080006b8        0x0
 .v4_bx         0x080006b8        0x0 linker stubs

.iplt           0x080006b8        0x0
 .iplt          0x080006b8        0x0 src/bootloader.o

.rel.dyn        0x080006b8        0x0
 .rel.iplt      0x080006b8        0x0 src/bootloader.o

.preinit_array  0x080006b8        0x0
                0x080006b8                        . = ALIGN (0x4)
                0x080006b8                        __preinit_array_start = .
 *(.preinit_array)
                0x080006b8                        __preinit_array_end = .

.init_array     0x080006b8        0x0
                0x080006b8                        . = ALIGN (0x4)
                0x080006b8                        __init_array_start = .
 *(SORT_BY_NAME(.init_array.*))
 *(.init_array)
                0x080006b8                        __init_array_end = .

.fini_array     0x080006b8        0x0
                0x080006b8                        . = ALIGN (0x4)
                0x080006b8                        __fini_array_start = .
 *(.fini_array)
 *(SORT_BY_NAME(.fini_array.*))
                0x080006b8                        __fini_array_end = .

.ARM.extab
 *(.ARM.extab*)

.ARM.exidx      0x080006b8        0x0
                0x080006b8                        __exidx_start = .
 *(.ARM.exidx*)
                0x080006b8                        __exidx_end = .
                0x080006b8                        . = ALIGN (0x4)
                0x080006b8                        _etext = .

.noinit
 *(.noinit*)
                0x080006b8                        . = ALIGN (0x4)

.data           0x20000000        0xc load address 0x080006b8
                0x20000000                        _data = .
 *(.data*)
 .data.rcc_ahb_frequency
                0x20000000        0x4 ../libopencm3/lib\libopencm3_stm32f1.a(rcc.o)
                0x20000000                rcc_ahb_frequency
 .data.rcc_apb2_frequency
                0x20000004        0x4 ../libopencm3/lib\libopencm3_stm32f1.a(rcc.o)
                0x20000004                rcc_apb2_frequency
 .data.rcc_apb1_frequency
                0x20000008        0x4 ../libopencm3/lib\libopencm3_stm32f1.a(rcc.o)
                0x20000008                rcc_apb1_frequency
 *(.ramtext*)
                0x2000000c                        . = ALIGN (0x4)
                0x2000000c                        _edata = .
                0x080006b8                        _data_loadaddr = LOADADDR (.data)

.igot.plt       0x2000000c        0x0 load address 0x080006c4
 .igot.plt      0x2000000c        0x0 src/bootloader.o

.bss            0x2000000c       0x14 load address 0x080006c4
 *(.bss*)
 .bss.ms_ticks  0x2000000c        0x4 ../shared/src/core/system.o
 .bss.rb        0x20000010       0x10 ../shared/src/core/uart.o
 *(COMMON)
                0x20000020                        . = ALIGN (0x4)
                0x20000020                        _ebss = .

/DISCARD/
 *(.eh_frame)
                0x20000020                        . = ALIGN (0x4)
                0x20000020                        end = .
                0x20010000                        PROVIDE (_stack = (ORIGIN (ram) + LENGTH (ram)))
OUTPUT(bootloader.elf elf32-littlearm)
LOAD linker stubs

.debug_info     0x00000000     0x2ee8
 .debug_info    0x00000000      0x18f src/bootloader.o
 .debug_info    0x0000018f      0x35b ../shared/src/core/system.o
 .debug_info    0x000004ea      0x8fa ../shared/src/core/uart.o
 .debug_info    0x00000de4      0x24a ../shared/src/core/ring-buffer.o
 .debug_info    0x0000102e      0x20f ../shared/src/core/simple-timer.o
 .debug_info    0x0000123d     0x14d0 ../libopencm3/lib\libopencm3_stm32f1.a(rcc.o)
 .debug_info    0x0000270d      0x192 ../libopencm3/lib\libopencm3_stm32f1.a(usart_common_f124.o)
 .debug_info    0x0000289f      0x2c4 ../libopencm3/lib\libopencm3_stm32f1.a(vector.o)
 .debug_info    0x00002b63      0x28f ../libopencm3/lib\libopencm3_stm32f1.a(systick.o)
 .debug_info    0x00002df2       0xf6 ../libopencm3/lib\libopencm3_stm32f1.a(flash_common_all.o)

.debug_abbrev   0x00000000      0xe58
 .debug_abbrev  0x00000000      0x120 src/bootloader.o
 .debug_abbrev  0x00000120      0x1f2 ../shared/src/core/system.o
 .debug_abbrev  0x00000312      0x254 ../shared/src/core/uart.o
 .debug_abbrev  0x00000566       0xfa ../shared/src/core/ring-buffer.o
 .debug_abbrev  0x00000660      0x150 ../shared/src/core/simple-timer.o
 .debug_abbrev  0x000007b0      0x2be ../libopencm3/lib\libopencm3_stm32f1.a(rcc.o)
 .debug_abbrev  0x00000a6e       0xb6 ../libopencm3/lib\libopencm3_stm32f1.a(usart_common_f124.o)
 .debug_abbrev  0x00000b24      0x149 ../libopencm3/lib\libopencm3_stm32f1.a(vector.o)
 .debug_abbrev  0x00000c6d      0x14e ../libopencm3/lib\libopencm3_stm32f1.a(systick.o)
 .debug_abbrev  0x00000dbb       0x9d ../libopencm3/lib\libopencm3_stm32f1.a(flash_common_all.o)

.debug_aranges  0x00000000      0x3a0
 .debug_aranges
                0x00000000       0x20 src/bootloader.o
 .debug_aranges
                0x00000020       0x38 ../shared/src/core/system.o
 .debug_aranges
                0x00000058       0x50 ../shared/src/core/uart.o
 .debug_aranges
                0x000000a8       0x38 ../shared/src/core/ring-buffer.o
 .debug_aranges
                0x000000e0       0x30 ../shared/src/core/simple-timer.o
 .debug_aranges
                0x00000110      0x170 ../libopencm3/lib\libopencm3_stm32f1.a(rcc.o)
 .debug_aranges
                0x00000280       0x40 ../libopencm3/lib\libopencm3_stm32f1.a(usart_common_f124.o)
 .debug_aranges
                0x000002c0       0x30 ../libopencm3/lib\libopencm3_stm32f1.a(vector.o)
 .debug_aranges
                0x000002f0       0x78 ../libopencm3/lib\libopencm3_stm32f1.a(systick.o)
 .debug_aranges
                0x00000368       0x38 ../libopencm3/lib\libopencm3_stm32f1.a(flash_common_all.o)

.debug_rnglists
                0x00000000      0x321
 .debug_rnglists
                0x00000000       0x1f src/bootloader.o
 .debug_rnglists
                0x0000001f       0x3d ../shared/src/core/system.o
 .debug_rnglists
                0x0000005c       0x50 ../shared/src/core/uart.o
 .debug_rnglists
                0x000000ac       0x25 ../shared/src/core/ring-buffer.o
 .debug_rnglists
                0x000000d1       0x1f ../shared/src/core/simple-timer.o
 .debug_rnglists
                0x000000f0      0x160 ../libopencm3/lib\libopencm3_stm32f1.a(rcc.o)
 .debug_rnglists
                0x00000250       0x2b ../libopencm3/lib\libopencm3_stm32f1.a(usart_common_f124.o)
 .debug_rnglists
                0x0000027b       0x20 ../libopencm3/lib\libopencm3_stm32f1.a(vector.o)
 .debug_rnglists
                0x0000029b       0x61 ../libopencm3/lib\libopencm3_stm32f1.a(systick.o)
 .debug_rnglists
                0x000002fc       0x25 ../libopencm3/lib\libopencm3_stm32f1.a(flash_common_all.o)

.debug_macro    0x00000000     0x4001
 .debug_macro   0x00000000      0x138 src/bootloader.o
 .debug_macro   0x00000138      0xad2 src/bootloader.o
 .debug_macro   0x00000c0a       0x22 src/bootloader.o
 .debug_macro   0x00000c2c       0x56 src/bootloader.o
 .debug_macro   0x00000c82       0x6d src/bootloader.o
 .debug_macro   0x00000cef      0x103 src/bootloader.o
 .debug_macro   0x00000df2       0x6a src/bootloader.o
 .debug_macro   0x00000e5c      0x1d0 src/bootloader.o
 .debug_macro   0x0000102c       0x22 src/bootloader.o
 .debug_macro   0x0000104e      0x100 src/bootloader.o
 .debug_macro   0x0000114e       0x76 src/bootloader.o
 .debug_macro   0x000011c4       0x68 src/bootloader.o
 .debug_macro   0x0000122c      0x1a2 src/bootloader.o
 .debug_macro   0x000013ce      0x3a9 src/bootloader.o
 .debug_macro   0x00001777       0x6f src/bootloader.o
 .debug_macro   0x000017e6      0x1ba src/bootloader.o
 .debug_macro   0x000019a0       0x10 src/bootloader.o
 .debug_macro   0x000019b0       0x16 src/bootloader.o
 .debug_macro   0x000019c6       0xd7 ../shared/src/core/system.o
 .debug_macro   0x00001a9d      0x8c6 ../shared/src/core/system.o
 .debug_macro   0x00002363      0x144 ../shared/src/core/uart.o
 .debug_macro   0x000024a7       0x76 ../shared/src/core/uart.o
 .debug_macro   0x0000251d      0xe2e ../shared/src/core/uart.o
 .debug_macro   0x0000334b       0x94 ../shared/src/core/uart.o
 .debug_macro   0x000033df      0x29e ../shared/src/core/uart.o
 .debug_macro   0x0000367d       0x6e ../shared/src/core/uart.o
 .debug_macro   0x000036eb       0x89 ../shared/src/core/ring-buffer.o
 .debug_macro   0x00003774       0x89 ../shared/src/core/simple-timer.o
 .debug_macro   0x000037fd       0xe7 ../libopencm3/lib\libopencm3_stm32f1.a(rcc.o)
 .debug_macro   0x000038e4       0x16 ../libopencm3/lib\libopencm3_stm32f1.a(rcc.o)
 .debug_macro   0x000038fa       0xda ../libopencm3/lib\libopencm3_stm32f1.a(usart_common_f124.o)
 .debug_macro   0x000039d4       0xcf ../libopencm3/lib\libopencm3_stm32f1.a(vector.o)
 .debug_macro   0x00003aa3      0x3a3 ../libopencm3/lib\libopencm3_stm32f1.a(vector.o)
 .debug_macro   0x00003e46       0x92 ../libopencm3/lib\libopencm3_stm32f1.a(systick.o)
 .debug_macro   0x00003ed8       0x69 ../libopencm3/lib\libopencm3_stm32f1.a(systick.o)
 .debug_macro   0x00003f41       0xc0 ../libopencm3/lib\libopencm3_stm32f1.a(flash_common_all.o)

.debug_line     0x00000000     0x294d
 .debug_line    0x00000000      0x2e6 src/bootloader.o
 .debug_line    0x000002e6      0x321 ../shared/src/core/system.o
 .debug_line    0x00000607      0x4cf ../shared/src/core/uart.o
 .debug_line    0x00000ad6      0x2f8 ../shared/src/core/ring-buffer.o
 .debug_line    0x00000dce      0x24c ../shared/src/core/simple-timer.o
 .debug_line    0x0000101a      0xcdf ../libopencm3/lib\libopencm3_stm32f1.a(rcc.o)
 .debug_line    0x00001cf9      0x314 ../libopencm3/lib\libopencm3_stm32f1.a(usart_common_f124.o)
 .debug_line    0x0000200d      0x348 ../libopencm3/lib\libopencm3_stm32f1.a(vector.o)
 .debug_line    0x00002355      0x325 ../libopencm3/lib\libopencm3_stm32f1.a(systick.o)
 .debug_line    0x0000267a      0x2d3 ../libopencm3/lib\libopencm3_stm32f1.a(flash_common_all.o)

.debug_str      0x00000000     0xfdd0
 .debug_str     0x00000000     0xfdd0 src/bootloader.o
                               0x6d63 (size before relaxing)
 .debug_str     0x0000fdd0        0x0 ../shared/src/core/system.o
                               0x7a38 (size before relaxing)
 .debug_str     0x0000fdd0        0x0 ../shared/src/core/uart.o
                               0xcd7f (size before relaxing)
 .debug_str     0x0000fdd0        0x0 ../shared/src/core/ring-buffer.o
                               0x41b6 (size before relaxing)
 .debug_str     0x0000fdd0        0x0 ../shared/src/core/simple-timer.o
                               0x3e80 (size before relaxing)
 .debug_str     0x0000fdd0        0x0 ../libopencm3/lib\libopencm3_stm32f1.a(rcc.o)
                               0x843a (size before relaxing)
 .debug_str     0x0000fdd0        0x0 ../libopencm3/lib\libopencm3_stm32f1.a(usart_common_f124.o)
                               0x84fd (size before relaxing)
 .debug_str     0x0000fdd0        0x0 ../libopencm3/lib\libopencm3_stm32f1.a(vector.o)
                               0x687e (size before relaxing)
 .debug_str     0x0000fdd0        0x0 ../libopencm3/lib\libopencm3_stm32f1.a(systick.o)
                               0x470f (size before relaxing)
 .debug_str     0x0000fdd0        0x0 ../libopencm3/lib\libopencm3_stm32f1.a(flash_common_all.o)
                               0x571e (size before relaxing)

.comment        0x00000000       0x46
 .comment       0x00000000       0x46 src/bootloader.o
                                 0x47 (size before relaxing)
 .comment       0x00000046        0x0 ../shared/src/core/system.o
                                 0x47 (size before relaxing)
 .comment       0x00000046        0x0 ../shared/src/core/uart.o
                                 0x47 (size before relaxing)
 .comment       0x00000046        0x0 ../shared/src/core/ring-buffer.o
                                 0x47 (size before relaxing)
 .comment       0x00000046        0x0 ../shared/src/core/simple-timer.o
                                 0x47 (size before relaxing)
 .comment       0x00000046        0x0 ../libopencm3/lib\libopencm3_stm32f1.a(rcc.o)
                                 0x47 (size before relaxing)
 .comment       0x00000046        0x0 ../libopencm3/lib\libopencm3_stm32f1.a(usart_common_f124.o)
                                 0x47 (size before relaxing)
 .comment       0x00000046        0x0 ../libopencm3/lib\libopencm3_stm32f1.a(vector.o)
                                 0x47 (size before relaxing)
 .comment       0x00000046        0x0 ../libopencm3/lib\libopencm3_stm32f1.a(systick.o)
                                 0x47 (size before relaxing)
 .comment       0x00000046        0x0 ../libopencm3/lib\libopencm3_stm32f1.a(flash_common_all.o)
                                 0x47 (size before relaxing)

.ARM.attributes
                0x00000000       0x2d
 .ARM.attributes
                0x00000000       0x2d src/bootloader.o
 .ARM.attributes
                0x0000002d       0x2d ../shared/src/core/system.o
 .ARM.attributes
                0x0000005a       0x2d ../shared/src/core/uart.o
 .ARM.attributes
                0x00000087       0x2d ../shared/src/core/ring-buffer.o
 .ARM.attributes
                0x000000b4       0x2d ../shared/src/core/simple-timer.o
 .ARM.attributes
                0x000000e1       0x2d ../libopencm3/lib\libopencm3_stm32f1.a(rcc.o)
 .ARM.attributes
                0x0000010e       0x2d ../libopencm3/lib\libopencm3_stm32f1.a(usart_common_f124.o)
 .ARM.attributes
                0x0000013b       0x2d ../libopencm3/lib\libopencm3_stm32f1.a(vector.o)
 .ARM.attributes
                0x00000168       0x2d ../libopencm3/lib\libopencm3_stm32f1.a(systick.o)
 .ARM.attributes
                0x00000195       0x2d ../libopencm3/lib\libopencm3_stm32f1.a(flash_common_all.o)

.debug_frame    0x00000000      0x6f8
 .debug_frame   0x00000000       0x28 src/bootloader.o
 .debug_frame   0x00000028       0x5c ../shared/src/core/system.o
 .debug_frame   0x00000084       0xc8 ../shared/src/core/uart.o
 .debug_frame   0x0000014c       0x64 ../shared/src/core/ring-buffer.o
 .debug_frame   0x000001b0       0x5c ../shared/src/core/simple-timer.o
 .debug_frame   0x0000020c      0x318 ../libopencm3/lib\libopencm3_stm32f1.a(rcc.o)
 .debug_frame   0x00000524       0x60 ../libopencm3/lib\libopencm3_stm32f1.a(usart_common_f124.o)
 .debug_frame   0x00000584       0x4c ../libopencm3/lib\libopencm3_stm32f1.a(vector.o)
 .debug_frame   0x000005d0       0xd8 ../libopencm3/lib\libopencm3_stm32f1.a(systick.o)
 .debug_frame   0x000006a8       0x50 ../libopencm3/lib\libopencm3_stm32f1.a(flash_common_all.o)

.debug_loclists
                0x00000000      0x90a
 .debug_loclists
                0x00000000       0x17 ../shared/src/core/system.o
 .debug_loclists
                0x00000017      0x14a ../shared/src/core/uart.o
 .debug_loclists
                0x00000161      0x14b ../shared/src/core/ring-buffer.o
 .debug_loclists
                0x000002ac       0xbb ../shared/src/core/simple-timer.o
 .debug_loclists
                0x00000367      0x2cb ../libopencm3/lib\libopencm3_stm32f1.a(rcc.o)
 .debug_loclists
                0x00000632       0x79 ../libopencm3/lib\libopencm3_stm32f1.a(usart_common_f124.o)
 .debug_loclists
                0x000006ab       0xa8 ../libopencm3/lib\libopencm3_stm32f1.a(vector.o)
 .debug_loclists
                0x00000753      0x192 ../libopencm3/lib\libopencm3_stm32f1.a(systick.o)
 .debug_loclists
                0x000008e5       0x25 ../libopencm3/lib\libopencm3_stm32f1.a(flash_common_all.o)

Cross Reference Table

Symbol                                            File
__fini_array_end                                  ../libopencm3/lib\libopencm3_stm32f1.a(vector.o)
__fini_array_start                                ../libopencm3/lib\libopencm3_stm32f1.a(vector.o)
__init_array_end                                  ../libopencm3/lib\libopencm3_stm32f1.a(vector.o)
__init_array_start                                ../libopencm3/lib\libopencm3_stm32f1.a(vector.o)
__preinit_array_end                               ../libopencm3/lib\libopencm3_stm32f1.a(vector.o)
__preinit_array_start                             ../libopencm3/lib\libopencm3_stm32f1.a(vector.o)
_data                                             ../libopencm3/lib\libopencm3_stm32f1.a(vector.o)
_data_loadaddr                                    ../libopencm3/lib\libopencm3_stm32f1.a(vector.o)
_ebss                                             ../libopencm3/lib\libopencm3_stm32f1.a(vector.o)
_edata                                            ../libopencm3/lib\libopencm3_stm32f1.a(vector.o)
_stack                                            ../libopencm3/lib\libopencm3_stm32f1.a(vector.o)
adc1_2_isr                                        ../libopencm3/lib\libopencm3_stm32f1.a(vector.o)
adc3_isr                                          ../libopencm3/lib\libopencm3_stm32f1.a(vector.o)
bl_flash_erase_main_application                   src/bl-flash.o
bl_flash_write                                    src/bl-flash.o
blocking_handler                                  ../libopencm3/lib\libopencm3_stm32f1.a(vector.o)
bus_fault_handler                                 ../libopencm3/lib\libopencm3_stm32f1.a(vector.o)
can2_rx0_isr                                      ../libopencm3/lib\libopencm3_stm32f1.a(vector.o)
can2_rx1_isr                                      ../libopencm3/lib\libopencm3_stm32f1.a(vector.o)
can2_sce_isr                                      ../libopencm3/lib\libopencm3_stm32f1.a(vector.o)
can2_tx_isr                                       ../libopencm3/lib\libopencm3_stm32f1.a(vector.o)
can_rx1_isr                                       ../libopencm3/lib\libopencm3_stm32f1.a(vector.o)
can_sce_isr                                       ../libopencm3/lib\libopencm3_stm32f1.a(vector.o)
cm3_assert_failed                                 ../libopencm3/lib\libopencm3_stm32f1.a(assert.o)
                                                  ../libopencm3/lib\libopencm3_stm32f1.a(rcc.o)
cm3_assert_failed_verbose                         ../libopencm3/lib\libopencm3_stm32f1.a(assert.o)
comms_compute_crc                                 src/comms.o
comms_packets_available                           src/comms.o
comms_read                                        src/comms.o
comms_setup                                       src/comms.o
comms_update                                      src/comms.o
comms_write                                       src/comms.o
comms_write_corrupt_crc                           src/comms.o
crc8                                              ../shared/src/core/crc8.o
                                                  src/comms.o
debug_monitor_handler                             ../libopencm3/lib\libopencm3_stm32f1.a(vector.o)
desig_get_flash_size                              ../libopencm3/lib\libopencm3_stm32f1.a(desig_common_v1.o)
                                                  ../libopencm3/lib\libopencm3_stm32f1.a(flash.o)
desig_get_unique_id                               ../libopencm3/lib\libopencm3_stm32f1.a(desig_common_v1.o)
dma1_channel1_isr                                 ../libopencm3/lib\libopencm3_stm32f1.a(vector.o)
dma1_channel2_isr                                 ../libopencm3/lib\libopencm3_stm32f1.a(vector.o)
dma1_channel3_isr                                 ../libopencm3/lib\libopencm3_stm32f1.a(vector.o)
dma1_channel4_isr                                 ../libopencm3/lib\libopencm3_stm32f1.a(vector.o)
dma1_channel5_isr                                 ../libopencm3/lib\libopencm3_stm32f1.a(vector.o)
dma1_channel6_isr                                 ../libopencm3/lib\libopencm3_stm32f1.a(vector.o)
dma1_channel7_isr                                 ../libopencm3/lib\libopencm3_stm32f1.a(vector.o)
dma2_channel1_isr                                 ../libopencm3/lib\libopencm3_stm32f1.a(vector.o)
dma2_channel2_isr                                 ../libopencm3/lib\libopencm3_stm32f1.a(vector.o)
dma2_channel3_isr                                 ../libopencm3/lib\libopencm3_stm32f1.a(vector.o)
dma2_channel4_5_isr                               ../libopencm3/lib\libopencm3_stm32f1.a(vector.o)
dma2_channel5_isr                                 ../libopencm3/lib\libopencm3_stm32f1.a(vector.o)
eth_isr                                           ../libopencm3/lib\libopencm3_stm32f1.a(vector.o)
eth_wkup_isr                                      ../libopencm3/lib\libopencm3_stm32f1.a(vector.o)
exti0_isr                                         ../libopencm3/lib\libopencm3_stm32f1.a(vector.o)
exti15_10_isr                                     ../libopencm3/lib\libopencm3_stm32f1.a(vector.o)
exti1_isr                                         ../libopencm3/lib\libopencm3_stm32f1.a(vector.o)
exti2_isr                                         ../libopencm3/lib\libopencm3_stm32f1.a(vector.o)
exti3_isr                                         ../libopencm3/lib\libopencm3_stm32f1.a(vector.o)
exti4_isr                                         ../libopencm3/lib\libopencm3_stm32f1.a(vector.o)
exti9_5_isr                                       ../libopencm3/lib\libopencm3_stm32f1.a(vector.o)
flash_clear_eop_flag                              ../libopencm3/lib\libopencm3_stm32f1.a(flash_common_f.o)
                                                  ../libopencm3/lib\libopencm3_stm32f1.a(flash.o)
flash_clear_eop_flag_upper                        ../libopencm3/lib\libopencm3_stm32f1.a(flash.o)
flash_clear_pgerr_flag                            ../libopencm3/lib\libopencm3_stm32f1.a(flash_common_f01.o)
                                                  ../libopencm3/lib\libopencm3_stm32f1.a(flash.o)
flash_clear_pgerr_flag_upper                      ../libopencm3/lib\libopencm3_stm32f1.a(flash.o)
flash_clear_status_flags                          ../libopencm3/lib\libopencm3_stm32f1.a(flash.o)
flash_clear_wrprterr_flag                         ../libopencm3/lib\libopencm3_stm32f1.a(flash_common_f01.o)
                                                  ../libopencm3/lib\libopencm3_stm32f1.a(flash.o)
flash_clear_wrprterr_flag_upper                   ../libopencm3/lib\libopencm3_stm32f1.a(flash.o)
flash_erase_all_pages                             ../libopencm3/lib\libopencm3_stm32f1.a(flash.o)
flash_erase_option_bytes                          ../libopencm3/lib\libopencm3_stm32f1.a(flash_common_f01.o)
flash_erase_page                                  ../libopencm3/lib\libopencm3_stm32f1.a(flash.o)
                                                  src/bl-flash.o
flash_get_status_flags                            ../libopencm3/lib\libopencm3_stm32f1.a(flash.o)
                                                  ../libopencm3/lib\libopencm3_stm32f1.a(flash_common_f01.o)
flash_halfcycle_disable                           ../libopencm3/lib\libopencm3_stm32f1.a(flash.o)
flash_halfcycle_enable                            ../libopencm3/lib\libopencm3_stm32f1.a(flash.o)
flash_isr                                         ../libopencm3/lib\libopencm3_stm32f1.a(vector.o)
flash_lock                                        ../libopencm3/lib\libopencm3_stm32f1.a(flash_common_f.o)
                                                  src/bl-flash.o
flash_lock_upper                                  ../libopencm3/lib\libopencm3_stm32f1.a(flash.o)
flash_prefetch_disable                            ../libopencm3/lib\libopencm3_stm32f1.a(flash_common_all.o)
flash_prefetch_enable                             ../libopencm3/lib\libopencm3_stm32f1.a(flash_common_all.o)
flash_program_half_word                           ../libopencm3/lib\libopencm3_stm32f1.a(flash.o)
                                                  ../libopencm3/lib\libopencm3_stm32f1.a(flash_common_f01.o)
                                                  src/bl-flash.o
flash_program_option_bytes                        ../libopencm3/lib\libopencm3_stm32f1.a(flash_common_f01.o)
flash_program_word                                ../libopencm3/lib\libopencm3_stm32f1.a(flash_common_f01.o)
flash_set_ws                                      ../libopencm3/lib\libopencm3_stm32f1.a(flash_common_all.o)
                                                  ../libopencm3/lib\libopencm3_stm32f1.a(rcc.o)
flash_unlock                                      ../libopencm3/lib\libopencm3_stm32f1.a(flash_common_f.o)
                                                  src/bl-flash.o
flash_unlock_option_bytes                         ../libopencm3/lib\libopencm3_stm32f1.a(flash_common_all.o)
                                                  ../libopencm3/lib\libopencm3_stm32f1.a(flash_common_f01.o)
flash_unlock_upper                                ../libopencm3/lib\libopencm3_stm32f1.a(flash.o)
flash_wait_for_last_operation                     ../libopencm3/lib\libopencm3_stm32f1.a(flash_common_f01.o)
                                                  ../libopencm3/lib\libopencm3_stm32f1.a(flash.o)
fsmc_isr                                          ../libopencm3/lib\libopencm3_stm32f1.a(vector.o)
gpio_primary_remap                                ../libopencm3/lib\libopencm3_stm32f1.a(gpio.o)
gpio_secondary_remap                              ../libopencm3/lib\libopencm3_stm32f1.a(gpio.o)
gpio_set_eventout                                 ../libopencm3/lib\libopencm3_stm32f1.a(gpio.o)
gpio_set_mode                                     ../libopencm3/lib\libopencm3_stm32f1.a(gpio.o)
                                                  ../shared/src/core/uart.o
hard_fault_handler                                ../libopencm3/lib\libopencm3_stm32f1.a(vector.o)
i2c1_er_isr                                       ../libopencm3/lib\libopencm3_stm32f1.a(vector.o)
i2c1_ev_isr                                       ../libopencm3/lib\libopencm3_stm32f1.a(vector.o)
i2c2_er_isr                                       ../libopencm3/lib\libopencm3_stm32f1.a(vector.o)
i2c2_ev_isr                                       ../libopencm3/lib\libopencm3_stm32f1.a(vector.o)
main                                              src/bootloader.o
                                                  ../libopencm3/lib\libopencm3_stm32f1.a(vector.o)
mem_manage_handler                                ../libopencm3/lib\libopencm3_stm32f1.a(vector.o)
memset                                            D:/bin/../lib/gcc/arm-none-eabi/15.3.1/../../../../arm-none-eabi/lib/thumb/v7-m/nofp\libc.a(libc_a-memset.o)
                                                  src/comms.o
nmi_handler                                       ../libopencm3/lib\libopencm3_stm32f1.a(vector.o)
null_handler                                      ../libopencm3/lib\libopencm3_stm32f1.a(vector.o)
nvic_clear_pending_irq                            ../libopencm3/lib\libopencm3_stm32f1.a(nvic.o)
nvic_disable_irq                                  ../libopencm3/lib\libopencm3_stm32f1.a(nvic.o)
nvic_enable_irq                                   ../libopencm3/lib\libopencm3_stm32f1.a(nvic.o)
                                                  ../shared/src/core/uart.o
nvic_generate_software_interrupt                  ../libopencm3/lib\libopencm3_stm32f1.a(nvic.o)
nvic_get_active_irq                               ../libopencm3/lib\libopencm3_stm32f1.a(nvic.o)
nvic_get_irq_enabled                              ../libopencm3/lib\libopencm3_stm32f1.a(nvic.o)
nvic_get_pending_irq                              ../libopencm3/lib\libopencm3_stm32f1.a(nvic.o)
nvic_set_pending_irq                              ../libopencm3/lib\libopencm3_stm32f1.a(nvic.o)
nvic_set_priority                                 ../libopencm3/lib\libopencm3_stm32f1.a(nvic.o)
otg_fs_isr                                        ../libopencm3/lib\libopencm3_stm32f1.a(vector.o)
pend_sv_handler                                   ../libopencm3/lib\libopencm3_stm32f1.a(vector.o)
pvd_isr                                           ../libopencm3/lib\libopencm3_stm32f1.a(vector.o)
rcc_ahb_frequency                                 ../libopencm3/lib\libopencm3_stm32f1.a(rcc.o)
rcc_apb1_frequency                                ../libopencm3/lib\libopencm3_stm32f1.a(rcc.o)
rcc_apb2_frequency                                ../libopencm3/lib\libopencm3_stm32f1.a(rcc.o)
rcc_backupdomain_reset                            ../libopencm3/lib\libopencm3_stm32f1.a(rcc.o)
rcc_clock_setup_in_hse_12mhz_out_72mhz            ../libopencm3/lib\libopencm3_stm32f1.a(rcc.o)
rcc_clock_setup_in_hse_16mhz_out_72mhz            ../libopencm3/lib\libopencm3_stm32f1.a(rcc.o)
rcc_clock_setup_in_hse_25mhz_out_72mhz            ../libopencm3/lib\libopencm3_stm32f1.a(rcc.o)
rcc_clock_setup_in_hse_8mhz_out_24mhz             ../libopencm3/lib\libopencm3_stm32f1.a(rcc.o)
rcc_clock_setup_in_hse_8mhz_out_72mhz             ../libopencm3/lib\libopencm3_stm32f1.a(rcc.o)
rcc_clock_setup_in_hsi_out_24mhz                  ../libopencm3/lib\libopencm3_stm32f1.a(rcc.o)
rcc_clock_setup_in_hsi_out_48mhz                  ../libopencm3/lib\libopencm3_stm32f1.a(rcc.o)
rcc_clock_setup_in_hsi_out_64mhz                  ../libopencm3/lib\libopencm3_stm32f1.a(rcc.o)
rcc_clock_setup_pll                               ../libopencm3/lib\libopencm3_stm32f1.a(rcc.o)
                                                  ../shared/src/core/system.o
rcc_css_disable                                   ../libopencm3/lib\libopencm3_stm32f1.a(rcc.o)
rcc_css_enable                                    ../libopencm3/lib\libopencm3_stm32f1.a(rcc.o)
rcc_css_int_clear                                 ../libopencm3/lib\libopencm3_stm32f1.a(rcc.o)
rcc_css_int_flag                                  ../libopencm3/lib\libopencm3_stm32f1.a(rcc.o)
rcc_enable_rtc_clock                              ../libopencm3/lib\libopencm3_stm32f1.a(rcc.o)
rcc_get_div_from_hpre                             ../libopencm3/lib\libopencm3_stm32f1.a(rcc_common_all.o)
rcc_get_i2c_clk_freq                              ../libopencm3/lib\libopencm3_stm32f1.a(rcc.o)
rcc_get_timer_clk_freq                            ../libopencm3/lib\libopencm3_stm32f1.a(rcc.o)
rcc_get_usart_clk_freq                            ../libopencm3/lib\libopencm3_stm32f1.a(rcc.o)
                                                  ../libopencm3/lib\libopencm3_stm32f1.a(usart_common_all.o)
rcc_hse_configs                                   ../libopencm3/lib\libopencm3_stm32f1.a(rcc.o)
                                                  ../shared/src/core/system.o
rcc_hsi_configs                                   ../libopencm3/lib\libopencm3_stm32f1.a(rcc.o)
rcc_is_osc_ready                                  ../libopencm3/lib\libopencm3_stm32f1.a(rcc.o)
rcc_isr                                           ../libopencm3/lib\libopencm3_stm32f1.a(vector.o)
rcc_osc_bypass_disable                            ../libopencm3/lib\libopencm3_stm32f1.a(rcc_common_all.o)
rcc_osc_bypass_enable                             ../libopencm3/lib\libopencm3_stm32f1.a(rcc_common_all.o)
rcc_osc_off                                       ../libopencm3/lib\libopencm3_stm32f1.a(rcc.o)
rcc_osc_on                                        ../libopencm3/lib\libopencm3_stm32f1.a(rcc.o)
rcc_osc_ready_int_clear                           ../libopencm3/lib\libopencm3_stm32f1.a(rcc.o)
rcc_osc_ready_int_disable                         ../libopencm3/lib\libopencm3_stm32f1.a(rcc.o)
rcc_osc_ready_int_enable                          ../libopencm3/lib\libopencm3_stm32f1.a(rcc.o)
rcc_osc_ready_int_flag                            ../libopencm3/lib\libopencm3_stm32f1.a(rcc.o)
rcc_periph_clock_disable                          ../libopencm3/lib\libopencm3_stm32f1.a(rcc_common_all.o)
rcc_periph_clock_enable                           ../libopencm3/lib\libopencm3_stm32f1.a(rcc_common_all.o)
                                                  ../shared/src/core/uart.o
rcc_periph_reset_hold                             ../libopencm3/lib\libopencm3_stm32f1.a(rcc_common_all.o)
rcc_periph_reset_pulse                            ../libopencm3/lib\libopencm3_stm32f1.a(rcc_common_all.o)
rcc_periph_reset_release                          ../libopencm3/lib\libopencm3_stm32f1.a(rcc_common_all.o)
rcc_peripheral_clear_reset                        ../libopencm3/lib\libopencm3_stm32f1.a(rcc_common_all.o)
rcc_peripheral_disable_clock                      ../libopencm3/lib\libopencm3_stm32f1.a(rcc_common_all.o)
rcc_peripheral_enable_clock                       ../libopencm3/lib\libopencm3_stm32f1.a(rcc_common_all.o)
rcc_peripheral_reset                              ../libopencm3/lib\libopencm3_stm32f1.a(rcc_common_all.o)
rcc_rtc_clock_enabled_flag                        ../libopencm3/lib\libopencm3_stm32f1.a(rcc.o)
rcc_set_adcpre                                    ../libopencm3/lib\libopencm3_stm32f1.a(rcc.o)
rcc_set_hpre                                      ../libopencm3/lib\libopencm3_stm32f1.a(rcc.o)
rcc_set_mco                                       ../libopencm3/lib\libopencm3_stm32f1.a(rcc_common_all.o)
rcc_set_pll2_multiplication_factor                ../libopencm3/lib\libopencm3_stm32f1.a(rcc.o)
rcc_set_pll3_multiplication_factor                ../libopencm3/lib\libopencm3_stm32f1.a(rcc.o)
rcc_set_pll_multiplication_factor                 ../libopencm3/lib\libopencm3_stm32f1.a(rcc.o)
rcc_set_pll_source                                ../libopencm3/lib\libopencm3_stm32f1.a(rcc.o)
rcc_set_pllxtpre                                  ../libopencm3/lib\libopencm3_stm32f1.a(rcc.o)
rcc_set_ppre1                                     ../libopencm3/lib\libopencm3_stm32f1.a(rcc.o)
rcc_set_ppre2                                     ../libopencm3/lib\libopencm3_stm32f1.a(rcc.o)
rcc_set_prediv1                                   ../libopencm3/lib\libopencm3_stm32f1.a(rcc.o)
rcc_set_prediv1_source                            ../libopencm3/lib\libopencm3_stm32f1.a(rcc.o)
rcc_set_prediv2                                   ../libopencm3/lib\libopencm3_stm32f1.a(rcc.o)
rcc_set_rtc_clock_source                          ../libopencm3/lib\libopencm3_stm32f1.a(rcc.o)
rcc_set_sysclk_source                             ../libopencm3/lib\libopencm3_stm32f1.a(rcc.o)
rcc_set_usbpre                                    ../libopencm3/lib\libopencm3_stm32f1.a(rcc.o)
rcc_system_clock_source                           ../libopencm3/lib\libopencm3_stm32f1.a(rcc.o)
rcc_wait_for_osc_ready                            ../libopencm3/lib\libopencm3_stm32f1.a(rcc.o)
reset_handler                                     ../libopencm3/lib\libopencm3_stm32f1.a(vector.o)
ring_buffer_empty                                 ../shared/src/core/ring-buffer.o
                                                  ../shared/src/core/uart.o
ring_buffer_read                                  ../shared/src/core/ring-buffer.o
                                                  ../shared/src/core/uart.o
ring_buffer_setup                                 ../shared/src/core/ring-buffer.o
                                                  ../shared/src/core/uart.o
ring_buffer_write                                 ../shared/src/core/ring-buffer.o
                                                  ../shared/src/core/uart.o
rtc_alarm_isr                                     ../libopencm3/lib\libopencm3_stm32f1.a(vector.o)
rtc_isr                                           ../libopencm3/lib\libopencm3_stm32f1.a(vector.o)
sdio_isr                                          ../libopencm3/lib\libopencm3_stm32f1.a(vector.o)
simple_timer_has_elapsed                          ../shared/src/core/simple-timer.o
                                                  src/bootloader.o
simple_timer_reset                                ../shared/src/core/simple-timer.o
simple_timer_setup                                ../shared/src/core/simple-timer.o
                                                  src/bootloader.o
spi1_isr                                          ../libopencm3/lib\libopencm3_stm32f1.a(vector.o)
spi2_isr                                          ../libopencm3/lib\libopencm3_stm32f1.a(vector.o)
spi3_isr                                          ../libopencm3/lib\libopencm3_stm32f1.a(vector.o)
sv_call_handler                                   ../libopencm3/lib\libopencm3_stm32f1.a(vector.o)
sys_tick_handler                                  ../shared/src/core/system.o
system_delay                                      ../shared/src/core/system.o
system_get_ticks                                  ../shared/src/core/system.o
                                                  ../shared/src/core/simple-timer.o
system_setup                                      ../shared/src/core/system.o
                                                  src/bootloader.o
systick_clear                                     ../libopencm3/lib\libopencm3_stm32f1.a(systick.o)
                                                  ../shared/src/core/system.o
systick_counter_disable                           ../libopencm3/lib\libopencm3_stm32f1.a(systick.o)
systick_counter_enable                            ../libopencm3/lib\libopencm3_stm32f1.a(systick.o)
                                                  ../shared/src/core/system.o
systick_get_calib                                 ../libopencm3/lib\libopencm3_stm32f1.a(systick.o)
systick_get_countflag                             ../libopencm3/lib\libopencm3_stm32f1.a(systick.o)
systick_get_reload                                ../libopencm3/lib\libopencm3_stm32f1.a(systick.o)
systick_get_value                                 ../libopencm3/lib\libopencm3_stm32f1.a(systick.o)
systick_interrupt_disable                         ../libopencm3/lib\libopencm3_stm32f1.a(systick.o)
systick_interrupt_enable                          ../libopencm3/lib\libopencm3_stm32f1.a(systick.o)
                                                  ../shared/src/core/system.o
systick_set_clocksource                           ../libopencm3/lib\libopencm3_stm32f1.a(systick.o)
                                                  ../shared/src/core/system.o
systick_set_frequency                             ../libopencm3/lib\libopencm3_stm32f1.a(systick.o)
systick_set_reload                                ../libopencm3/lib\libopencm3_stm32f1.a(systick.o)
                                                  ../shared/src/core/system.o
tamper_isr                                        ../libopencm3/lib\libopencm3_stm32f1.a(vector.o)
tim1_brk_isr                                      ../libopencm3/lib\libopencm3_stm32f1.a(vector.o)
tim1_cc_isr                                       ../libopencm3/lib\libopencm3_stm32f1.a(vector.o)
tim1_trg_com_isr                                  ../libopencm3/lib\libopencm3_stm32f1.a(vector.o)
tim1_up_isr                                       ../libopencm3/lib\libopencm3_stm32f1.a(vector.o)
tim2_isr                                          ../libopencm3/lib\libopencm3_stm32f1.a(vector.o)
tim3_isr                                          ../libopencm3/lib\libopencm3_stm32f1.a(vector.o)
tim4_isr                                          ../libopencm3/lib\libopencm3_stm32f1.a(vector.o)
tim5_isr                                          ../libopencm3/lib\libopencm3_stm32f1.a(vector.o)
tim6_isr                                          ../libopencm3/lib\libopencm3_stm32f1.a(vector.o)
tim7_isr                                          ../libopencm3/lib\libopencm3_stm32f1.a(vector.o)
tim8_brk_isr                                      ../libopencm3/lib\libopencm3_stm32f1.a(vector.o)
tim8_cc_isr                                       ../libopencm3/lib\libopencm3_stm32f1.a(vector.o)
tim8_trg_com_isr                                  ../libopencm3/lib\libopencm3_stm32f1.a(vector.o)
tim8_up_isr                                       ../libopencm3/lib\libopencm3_stm32f1.a(vector.o)
uart4_isr                                         ../libopencm3/lib\libopencm3_stm32f1.a(vector.o)
uart5_isr                                         ../libopencm3/lib\libopencm3_stm32f1.a(vector.o)
uart_data_available                               ../shared/src/core/uart.o
                                                  src/comms.o
uart_read                                         ../shared/src/core/uart.o
uart_read_byte                                    ../shared/src/core/uart.o
                                                  src/comms.o
uart_setup                                        ../shared/src/core/uart.o
uart_write                                        ../shared/src/core/uart.o
                                                  src/comms.o
uart_write_byte                                   ../shared/src/core/uart.o
usage_fault_handler                               ../libopencm3/lib\libopencm3_stm32f1.a(vector.o)
usart1_isr                                        ../shared/src/core/uart.o
usart2_isr                                        ../libopencm3/lib\libopencm3_stm32f1.a(vector.o)
usart3_isr                                        ../libopencm3/lib\libopencm3_stm32f1.a(vector.o)
usart_disable                                     ../libopencm3/lib\libopencm3_stm32f1.a(usart_common_all.o)
usart_disable_error_interrupt                     ../libopencm3/lib\libopencm3_stm32f1.a(usart_common_all.o)
usart_disable_idle_interrupt                      ../libopencm3/lib\libopencm3_stm32f1.a(usart_common_all.o)
usart_disable_rx_dma                              ../libopencm3/lib\libopencm3_stm32f1.a(usart_common_all.o)
usart_disable_rx_interrupt                        ../libopencm3/lib\libopencm3_stm32f1.a(usart_common_all.o)
usart_disable_tx_complete_interrupt               ../libopencm3/lib\libopencm3_stm32f1.a(usart_common_all.o)
usart_disable_tx_dma                              ../libopencm3/lib\libopencm3_stm32f1.a(usart_common_all.o)
usart_disable_tx_interrupt                        ../libopencm3/lib\libopencm3_stm32f1.a(usart_common_all.o)
usart_enable                                      ../libopencm3/lib\libopencm3_stm32f1.a(usart_common_all.o)
                                                  ../shared/src/core/uart.o
usart_enable_error_interrupt                      ../libopencm3/lib\libopencm3_stm32f1.a(usart_common_all.o)
usart_enable_idle_interrupt                       ../libopencm3/lib\libopencm3_stm32f1.a(usart_common_all.o)
usart_enable_rx_dma                               ../libopencm3/lib\libopencm3_stm32f1.a(usart_common_all.o)
usart_enable_rx_interrupt                         ../libopencm3/lib\libopencm3_stm32f1.a(usart_common_all.o)
                                                  ../shared/src/core/uart.o
usart_enable_tx_complete_interrupt                ../libopencm3/lib\libopencm3_stm32f1.a(usart_common_all.o)
usart_enable_tx_dma                               ../libopencm3/lib\libopencm3_stm32f1.a(usart_common_all.o)
usart_enable_tx_interrupt                         ../libopencm3/lib\libopencm3_stm32f1.a(usart_common_all.o)
usart_get_baudrate                                ../libopencm3/lib\libopencm3_stm32f1.a(usart_common_all.o)
usart_get_databits                                ../libopencm3/lib\libopencm3_stm32f1.a(usart_common_all.o)
usart_get_flag                                    ../libopencm3/lib\libopencm3_stm32f1.a(usart_common_f124.o)
                                                  ../shared/src/core/uart.o
usart_get_parity                                  ../libopencm3/lib\libopencm3_stm32f1.a(usart_common_all.o)
usart_get_stopbits                                ../libopencm3/lib\libopencm3_stm32f1.a(usart_common_all.o)
usart_recv                                        ../libopencm3/lib\libopencm3_stm32f1.a(usart_common_f124.o)
                                                  ../libopencm3/lib\libopencm3_stm32f1.a(usart_common_all.o)
                                                  ../shared/src/core/uart.o
usart_recv_blocking                               ../libopencm3/lib\libopencm3_stm32f1.a(usart_common_all.o)
usart_send                                        ../libopencm3/lib\libopencm3_stm32f1.a(usart_common_f124.o)
                                                  ../libopencm3/lib\libopencm3_stm32f1.a(usart_common_all.o)
usart_send_blocking                               ../libopencm3/lib\libopencm3_stm32f1.a(usart_common_all.o)
                                                  ../shared/src/core/uart.o
usart_set_baudrate                                ../libopencm3/lib\libopencm3_stm32f1.a(usart_common_all.o)
                                                  ../shared/src/core/uart.o
usart_set_databits                                ../libopencm3/lib\libopencm3_stm32f1.a(usart_common_all.o)
                                                  ../shared/src/core/uart.o
usart_set_flow_control                            ../libopencm3/lib\libopencm3_stm32f1.a(usart_common_all.o)
                                                  ../shared/src/core/uart.o
usart_set_mode                                    ../libopencm3/lib\libopencm3_stm32f1.a(usart_common_all.o)
                                                  ../shared/src/core/uart.o
usart_set_parity                                  ../libopencm3/lib\libopencm3_stm32f1.a(usart_common_all.o)
                                                  ../shared/src/core/uart.o
usart_set_stopbits                                ../libopencm3/lib\libopencm3_stm32f1.a(usart_common_all.o)
                                                  ../shared/src/core/uart.o
usart_wait_recv_ready                             ../libopencm3/lib\libopencm3_stm32f1.a(usart_common_f124.o)
                                                  ../libopencm3/lib\libopencm3_stm32f1.a(usart_common_all.o)
usart_wait_send_ready                             ../libopencm3/lib\libopencm3_stm32f1.a(usart_common_f124.o)
                                                  ../libopencm3/lib\libopencm3_stm32f1.a(usart_common_all.o)
usb_hp_can_tx_isr                                 ../libopencm3/lib\libopencm3_stm32f1.a(vector.o)
usb_lp_can_rx0_isr                                ../libopencm3/lib\libopencm3_stm32f1.a(vector.o)
usb_wakeup_isr                                    ../libopencm3/lib\libopencm3_stm32f1.a(vector.o)
vector_table                                      ../libopencm3/lib\libopencm3_stm32f1.a(vector.o)
wwdg_isr                                          ../libopencm3/lib\libopencm3_stm32f1.a(vector.o)
