Archive member included to satisfy reference by file (symbol)

../libopencm3/lib\libopencm3_stm32f1.a(flash.o)
                              src/bl-flash.o (flash_program_half_word)
../libopencm3/lib\libopencm3_stm32f1.a(flash_common_f.o)
                              src/bl-flash.o (flash_unlock)
../libopencm3/lib\libopencm3_stm32f1.a(flash_common_f01.o)
                              ../libopencm3/lib\libopencm3_stm32f1.a(flash.o) (flash_clear_pgerr_flag)
../libopencm3/lib\libopencm3_stm32f1.a(gpio.o)
                              ../shared/src/core/uart.o (gpio_set_mode)
../libopencm3/lib\libopencm3_stm32f1.a(rcc.o)
                              ../shared/src/core/system.o (rcc_clock_setup_pll)
../libopencm3/lib\libopencm3_stm32f1.a(rcc_common_all.o)
                              ../shared/src/core/uart.o (rcc_periph_clock_enable)
../libopencm3/lib\libopencm3_stm32f1.a(usart_common_all.o)
                              ../shared/src/core/uart.o (usart_set_baudrate)
../libopencm3/lib\libopencm3_stm32f1.a(usart_common_f124.o)
                              ../libopencm3/lib\libopencm3_stm32f1.a(usart_common_all.o) (usart_send)
../libopencm3/lib\libopencm3_stm32f1.a(vector.o)
                              (reset_handler)
../libopencm3/lib\libopencm3_stm32f1.a(systick.o)
                              ../shared/src/core/system.o (systick_set_reload)
../libopencm3/lib\libopencm3_stm32f1.a(nvic.o)
                              ../shared/src/core/uart.o (nvic_enable_irq)
../libopencm3/lib\libopencm3_stm32f1.a(assert.o)
                              ../libopencm3/lib\libopencm3_stm32f1.a(rcc.o) (cm3_assert_failed)
../libopencm3/lib\libopencm3_stm32f1.a(desig_common_v1.o)
                              ../libopencm3/lib\libopencm3_stm32f1.a(flash.o) (desig_get_flash_size)
../libopencm3/lib\libopencm3_stm32f1.a(flash_common_all.o)
                              ../libopencm3/lib\libopencm3_stm32f1.a(rcc.o) (flash_set_ws)
D:/bin/../lib/gcc/arm-none-eabi/15.3.1/../../../../arm-none-eabi/lib/thumb/v7-m/nofp\libc.a(libc_a-memset.o)
                              src/comms.o (memset)

Discarded input sections

 .group         0x00000000        0xc src/bootloader.o
 .group         0x00000000        0xc src/bootloader.o
 .group         0x00000000        0xc src/bootloader.o
 .group         0x00000000        0xc src/bootloader.o
 .group         0x00000000        0xc src/bootloader.o
 .group         0x00000000        0xc src/bootloader.o
 .group         0x00000000        0xc src/bootloader.o
 .group         0x00000000        0xc src/bootloader.o
 .group         0x00000000        0xc src/bootloader.o
 .group         0x00000000        0xc src/bootloader.o
 .group         0x00000000        0xc src/bootloader.o
 .group         0x00000000        0xc src/bootloader.o
 .group         0x00000000        0xc src/bootloader.o
 .group         0x00000000        0xc src/bootloader.o
 .group         0x00000000        0xc src/bootloader.o
 .group         0x00000000        0xc src/bootloader.o
 .group         0x00000000        0xc src/bootloader.o
 .text          0x00000000        0x0 src/bootloader.o
 .data          0x00000000        0x0 src/bootloader.o
 .bss           0x00000000        0x0 src/bootloader.o
 .group         0x00000000        0xc src/bl-flash.o
 .group         0x00000000        0xc src/bl-flash.o
 .group         0x00000000        0xc src/bl-flash.o
 .group         0x00000000        0xc src/bl-flash.o
 .group         0x00000000        0xc src/bl-flash.o
 .group         0x00000000        0xc src/bl-flash.o
 .group         0x00000000        0xc src/bl-flash.o
 .group         0x00000000        0xc src/bl-flash.o
 .group         0x00000000        0xc src/bl-flash.o
 .group         0x00000000        0xc src/bl-flash.o
 .group         0x00000000        0xc src/bl-flash.o
 .group         0x00000000        0xc src/bl-flash.o
 .group         0x00000000        0xc src/bl-flash.o
 .group         0x00000000        0xc src/bl-flash.o
 .text          0x00000000        0x0 src/bl-flash.o
 .data          0x00000000        0x0 src/bl-flash.o
 .bss           0x00000000        0x0 src/bl-flash.o
 .debug_macro   0x00000000      0xad2 src/bl-flash.o
 .debug_macro   0x00000000       0x22 src/bl-flash.o
 .debug_macro   0x00000000       0x56 src/bl-flash.o
 .debug_macro   0x00000000       0x6d src/bl-flash.o
 .debug_macro   0x00000000      0x103 src/bl-flash.o
 .debug_macro   0x00000000       0x6a src/bl-flash.o
 .debug_macro   0x00000000      0x1d0 src/bl-flash.o
 .debug_macro   0x00000000       0x22 src/bl-flash.o
 .debug_macro   0x00000000       0x76 src/bl-flash.o
 .group         0x00000000        0xc src/comms.o
 .group         0x00000000        0xc src/comms.o
 .group         0x00000000        0xc src/comms.o
 .group         0x00000000        0xc src/comms.o
 .group         0x00000000        0xc src/comms.o
 .group         0x00000000        0xc src/comms.o
 .group         0x00000000        0xc src/comms.o
[...]
Memory Configuration

Name             Origin             Length             Attributes
ram              0x20000000         0x00010000         xrw
rom              0x08000000         0x00008000         xr
*default*        0x00000000         0xffffffff

Linker script and memory map

LOAD src/bootloader.o
LOAD src/bl-flash.o
LOAD src/comms.o
LOAD ../shared/src/core/system.o
LOAD ../shared/src/core/uart.o
LOAD ../shared/src/core/ring-buffer.o
LOAD ../shared/src/core/crc8.o
LOAD ../shared/src/core/simple-timer.o
LOAD ../libopencm3/lib\libopencm3_stm32f1.a
START GROUP
LOAD D:/bin/../lib/gcc/arm-none-eabi/15.3.1/../../../../arm-none-eabi/lib/thumb/v7-m/nofp\libc.a
LOAD D:/bin/../lib/gcc/arm-none-eabi/15.3.1/thumb/v7-m/nofp\libgcc.a
LOAD D:/bin/../lib/gcc/arm-none-eabi/15.3.1/../../../../arm-none-eabi/lib/thumb/v7-m/nofp\libnosys.a
END GROUP
START GROUP
LOAD D:/bin/../lib/gcc/arm-none-eabi/15.3.1/thumb/v7-m/nofp\libgcc.a
LOAD D:/bin/../lib/gcc/arm-none-eabi/15.3.1/../../../../arm-none-eabi/lib/thumb/v7-m/nofp\libg.a
LOAD D:/bin/../lib/gcc/arm-none-eabi/15.3.1/../../../../arm-none-eabi/lib/thumb/v7-m/nofp\libc.a
END GROUP

.text           0x08000000     0x1298
 *(.vectors)
 .vectors       0x08000000      0x150 ../libopencm3/lib\libopencm3_stm32f1.a(vector.o)
                0x08000000                vector_table
 *(.text*)
 .text.application_is_valid
                0x08000150       0x3c src/bootloader.o
 .text.bootloading_fail
                0x0800018c       0x20 src/bootloader.o
 .text.uart_write_string
                0x080001ac       0x12 src/bootloader.o
 *fill*         0x080001be        0x2 
 .text.uart_write_hex32
                0x080001c0       0x2c src/bootloader.o
 .text.check_for_timeout
                0x080001ec       0x18 src/bootloader.o
 .text.startup.main
                0x08000204      0x2cc src/bootloader.o
                0x08000204                main
 .text.bl_flash_erase_main_application
                0x080004d0       0x28 src/bl-flash.o
                0x080004d0                bl_flash_erase_main_application
 .text.bl_flash_write
                0x080004f8       0x3e src/bl-flash.o
                0x080004f8                bl_flash_write
 .text.comms_write_with_crc
                0x08000536       0x30 src/comms.o
 .text.comms_is_single_byte_packet
                0x08000566       0x24 src/comms.o
                0x08000566                comms_is_single_byte_packet
 *fill*         0x0800058a        0x2 
 .text.comms_packets_available
                0x0800058c       0x18 src/comms.o
                0x0800058c                comms_packets_available
 .text.comms_read
                0x080005a4       0x40 src/comms.o
                0x080005a4                comms_read
 .text.comms_compute_crc
                0x080005e4       0x2c src/comms.o
                0x080005e4                comms_compute_crc
 .text.comms_write
                0x08000610       0x5c src/comms.o
                0x08000610                comms_write
 .text.comms_update
                0x0800066c       0xf4 src/comms.o
                0x0800066c                comms_update
 .text.comms_create_single_byte_packet.part.0.constprop.0
                0x08000760       0x18 src/comms.o
 .text.comms_setup
                0x08000778       0x58 src/comms.o
                0x08000778                comms_setup
 .text.comms_create_single_byte_packet
                0x080007d0        0xe src/comms.o
                0x080007d0                comms_create_single_byte_packet
 *fill*         0x080007de        0x2 
 .text.system_setup
                0x080007e0       0x2c ../shared/src/core/system.o
                0x080007e0                system_setup
 .text.sys_tick_handler
                0x0800080c       0x10 ../shared/src/core/system.o
                0x0800080c                sys_tick_handler
 .text.system_get_ticks
                0x0800081c        0xc ../shared/src/core/system.o
                0x0800081c                system_get_ticks
 .text.uart_setup
                0x08000828       0x98 ../shared/src/core/uart.o
                0x08000828                uart_setup
 .text.usart1_isr
                0x080008c0       0x34 ../shared/src/core/uart.o
                0x080008c0                usart1_isr
 .text.uart_write_byte
                0x080008f4        0xc ../shared/src/core/uart.o
                0x080008f4                uart_write_byte
 .text.uart_write
                0x08000900       0x18 ../shared/src/core/uart.o
                0x08000900                uart_write
 .text.uart_read
                0x08000918       0x2c ../shared/src/core/uart.o
                0x08000918                uart_read
 .text.uart_read_byte
                0x08000944       0x1a ../shared/src/core/uart.o
                0x08000944                uart_read_byte
 *fill*         0x0800095e        0x2 
 .text.uart_data_available
                0x08000960       0x14 ../shared/src/core/uart.o
                0x08000960                uart_data_available
 .text.ring_buffer_setup
                0x08000974       0x1e ../shared/src/core/ring-buffer.o
                0x08000974                ring_buffer_setup
 .text.ring_buffer_empty
                0x08000992       0x12 ../shared/src/core/ring-buffer.o
                0x08000992                ring_buffer_empty
 .text.ring_buffer_read
                0x080009a4       0x26 ../shared/src/core/ring-buffer.o
                0x080009a4                ring_buffer_read
 .text.ring_buffer_write
                0x080009ca       0x22 ../shared/src/core/ring-buffer.o
                0x080009ca                ring_buffer_write
 .text.crc8     0x080009ec       0x30 ../shared/src/core/crc8.o
                0x080009ec                crc8
 .text.simple_timer_setup
                0x08000a1c       0x26 ../shared/src/core/simple-timer.o
                0x08000a1c                simple_timer_setup
 .text.simple_timer_has_elapsed
                0x08000a42       0x3a ../shared/src/core/simple-timer.o
                0x08000a42                simple_timer_has_elapsed
 .text.simple_timer_reset
                0x08000a7c       0x12 ../shared/src/core/simple-timer.o
                0x08000a7c                simple_timer_reset
 *fill*         0x08000a8e        0x2 
 .text.flash_get_status_flags
                0x08000a90       0x20 ../libopencm3/lib\libopencm3_stm32f1.a(flash.o)
                0x08000a90                flash_get_status_flags
 .text.flash_program_half_word
                0x08000ab0       0x64 ../libopencm3/lib\libopencm3_stm32f1.a(flash.o)
                0x08000ab0                flash_program_half_word
 .text.flash_erase_page
                0x08000b14       0x74 ../libopencm3/lib\libopencm3_stm32f1.a(flash.o)
                0x08000b14                flash_erase_page
 .text.flash_unlock
                0x08000b88       0x18 ../libopencm3/lib\libopencm3_stm32f1.a(flash_common_f.o)
                0x08000b88                flash_unlock
 .text.flash_lock
                0x08000ba0       0x10 ../libopencm3/lib\libopencm3_stm32f1.a(flash_common_f.o)
                0x08000ba0                flash_lock
 .text.flash_wait_for_last_operation
                0x08000bb0        0xc ../libopencm3/lib\libopencm3_stm32f1.a(flash_common_f01.o)
                0x08000bb0                flash_wait_for_last_operation
 .text.gpio_set_mode
                0x08000bbc       0x6a ../libopencm3/lib\libopencm3_stm32f1.a(gpio.o)
                0x08000bbc                gpio_set_mode
 *fill*         0x08000c26        0x2 
 .text.rcc_is_osc_ready
                0x08000c28       0x58 ../libopencm3/lib\libopencm3_stm32f1.a(rcc.o)
                0x08000c28                rcc_is_osc_ready
 .text.rcc_wait_for_osc_ready
                0x08000c80       0x10 ../libopencm3/lib\libopencm3_stm32f1.a(rcc.o)
                0x08000c80                rcc_wait_for_osc_ready
 .text.rcc_osc_on
                0x08000c90       0x60 ../libopencm3/lib\libopencm3_stm32f1.a(rcc.o)
                0x08000c90                rcc_osc_on
 .text.rcc_set_sysclk_source
                0x08000cf0       0x14 ../libopencm3/lib\libopencm3_stm32f1.a(rcc.o)
                0x08000cf0                rcc_set_sysclk_source
 .text.rcc_set_pll_multiplication_factor
                0x08000d04       0x14 ../libopencm3/lib\libopencm3_stm32f1.a(rcc.o)
                0x08000d04                rcc_set_pll_multiplication_factor
 .text.rcc_set_pll2_multiplication_factor
                0x08000d18       0x14 ../libopencm3/lib\libopencm3_stm32f1.a(rcc.o)
                0x08000d18                rcc_set_pll2_multiplication_factor
 .text.rcc_set_pll3_multiplication_factor
                0x08000d2c       0x14 ../libopencm3/lib\libopencm3_stm32f1.a(rcc.o)
                0x08000d2c                rcc_set_pll3_multiplication_factor
 .text.rcc_set_pll_source
                0x08000d40       0x14 ../libopencm3/lib\libopencm3_stm32f1.a(rcc.o)
                0x08000d40                rcc_set_pll_source
 .text.rcc_set_pllxtpre
                0x08000d54       0x14 ../libopencm3/lib\libopencm3_stm32f1.a(rcc.o)
                0x08000d54                rcc_set_pllxtpre
 .text.rcc_set_adcpre
                0x08000d68       0x14 ../libopencm3/lib\libopencm3_stm32f1.a(rcc.o)
                0x08000d68                rcc_set_adcpre
 .text.rcc_set_ppre2
                0x08000d7c       0x14 ../libopencm3/lib\libopencm3_stm32f1.a(rcc.o)
                0x08000d7c                rcc_set_ppre2
 .text.rcc_set_ppre1
                0x08000d90       0x14 ../libopencm3/lib\libopencm3_stm32f1.a(rcc.o)
                0x08000d90                rcc_set_ppre1
 .text.rcc_set_hpre
                0x08000da4       0x14 ../libopencm3/lib\libopencm3_stm32f1.a(rcc.o)
                0x08000da4                rcc_set_hpre
 .text.rcc_set_usbpre
                0x08000db8       0x18 ../libopencm3/lib\libopencm3_stm32f1.a(rcc.o)
                0x08000db8                rcc_set_usbpre
 .text.rcc_set_prediv1
                0x08000dd0       0x14 ../libopencm3/lib\libopencm3_stm32f1.a(rcc.o)
                0x08000dd0                rcc_set_prediv1
 .text.rcc_set_prediv2
                0x08000de4       0x14 ../libopencm3/lib\libopencm3_stm32f1.a(rcc.o)
                0x08000de4                rcc_set_prediv2
 .text.rcc_set_prediv1_source
                0x08000df8       0x18 ../libopencm3/lib\libopencm3_stm32f1.a(rcc.o)
                0x08000df8                rcc_set_prediv1_source
 .text.rcc_clock_setup_pll
                0x08000e10       0xbc ../libopencm3/lib\libopencm3_stm32f1.a(rcc.o)
                0x08000e10                rcc_clock_setup_pll
 .text.rcc_get_usart_clk_freq
                0x08000ecc       0x1c ../libopencm3/lib\libopencm3_stm32f1.a(rcc.o)
                0x08000ecc                rcc_get_usart_clk_freq
 .text.rcc_periph_clock_enable
                0x08000ee8       0x1a ../libopencm3/lib\libopencm3_stm32f1.a(rcc_common_all.o)
                0x08000ee8                rcc_periph_clock_enable
 .text.usart_set_baudrate
                0x08000f02       0x16 ../libopencm3/lib\libopencm3_stm32f1.a(usart_common_all.o)
                0x08000f02                usart_set_baudrate
 .text.usart_set_databits
                0x08000f18       0x12 ../libopencm3/lib\libopencm3_stm32f1.a(usart_common_all.o)
                0x08000f18                usart_set_databits
 .text.usart_set_stopbits
                0x08000f2a        0xc ../libopencm3/lib\libopencm3_stm32f1.a(usart_common_all.o)
                0x08000f2a                usart_set_stopbits
 .text.usart_set_parity
                0x08000f36        0xc ../libopencm3/lib\libopencm3_stm32f1.a(usart_common_all.o)
                0x08000f36                usart_set_parity
 .text.usart_set_mode
                0x08000f42        0xc ../libopencm3/lib\libopencm3_stm32f1.a(usart_common_all.o)
                0x08000f42                usart_set_mode
 .text.usart_set_flow_control
                0x08000f4e        0xc ../libopencm3/lib\libopencm3_stm32f1.a(usart_common_all.o)
                0x08000f4e                usart_set_flow_control
 .text.usart_enable
                0x08000f5a        0xa ../libopencm3/lib\libopencm3_stm32f1.a(usart_common_all.o)
                0x08000f5a                usart_enable
 .text.usart_send_blocking
                0x08000f64       0x16 ../libopencm3/lib\libopencm3_stm32f1.a(usart_common_all.o)
                0x08000f64                usart_send_blocking
 .text.usart_enable_rx_interrupt
                0x08000f7a        0xa ../libopencm3/lib\libopencm3_stm32f1.a(usart_common_all.o)
                0x08000f7a                usart_enable_rx_interrupt
 .text.usart_send
                0x08000f84        0x8 ../libopencm3/lib\libopencm3_stm32f1.a(usart_common_f124.o)
                0x08000f84                usart_send
 .text.usart_recv
                0x08000f8c        0x8 ../libopencm3/lib\libopencm3_stm32f1.a(usart_common_f124.o)
                0x08000f8c                usart_recv
 .text.usart_wait_send_ready
                0x08000f94        0x8 ../libopencm3/lib\libopencm3_stm32f1.a(usart_common_f124.o)
                0x08000f94                usart_wait_send_ready
 .text.usart_get_flag
                0x08000f9c        0xc ../libopencm3/lib\libopencm3_stm32f1.a(usart_common_f124.o)
                0x08000f9c                usart_get_flag
 .text.blocking_handler
                0x08000fa8        0x2 ../libopencm3/lib\libopencm3_stm32f1.a(vector.o)
                0x08000fa8                usart3_isr
                0x08000fa8                rtc_isr
                0x08000fa8                tim7_isr
                0x08000fa8                adc1_2_isr
                0x08000fa8                tim1_trg_com_isr
                0x08000fa8                usb_hp_can_tx_isr
                0x08000fa8                tim6_isr
                0x08000fa8                usb_wakeup_isr
                0x08000fa8                blocking_handler
                0x08000fa8                tim5_isr
                0x08000fa8                otg_fs_isr
                0x08000fa8                spi1_isr
                0x08000fa8                exti2_isr
                0x08000fa8                dma1_channel6_isr
                0x08000fa8                can_rx1_isr
                0x08000fa8                dma1_channel5_isr
                0x08000fa8                dma2_channel5_isr
                0x08000fa8                usage_fault_handler
                0x08000fa8                tim8_trg_com_isr
                0x08000fa8                can2_rx0_isr
                0x08000fa8                tim1_brk_isr
                0x08000fa8                can2_rx1_isr
                0x08000fa8                tim1_cc_isr
                0x08000fa8                sdio_isr
                0x08000fa8                eth_isr
                0x08000fa8                dma1_channel4_isr
                0x08000fa8                tim8_brk_isr
                0x08000fa8                dma2_channel4_5_isr
                0x08000fa8                pvd_isr
                0x08000fa8                rcc_isr
                0x08000fa8                flash_isr
                0x08000fa8                uart4_isr
                0x08000fa8                rtc_alarm_isr
                0x08000fa8                exti15_10_isr
                0x08000fa8                hard_fault_handler
                0x08000fa8                exti1_isr
                0x08000fa8                i2c1_ev_isr
                0x08000fa8                dma2_channel1_isr
                0x08000fa8                spi2_isr
                0x08000fa8                tim8_up_isr
                0x08000fa8                dma2_channel2_isr
                0x08000fa8                exti3_isr
                0x08000fa8                adc3_isr
                0x08000fa8                tim3_isr
                0x08000fa8                usart2_isr
                0x08000fa8                usb_lp_can_rx0_isr
                0x08000fa8                i2c2_er_isr
                0x08000fa8                i2c2_ev_isr
                0x08000fa8                uart5_isr
                0x08000fa8                fsmc_isr
                0x08000fa8                dma1_channel1_isr
                0x08000fa8                exti4_isr
                0x08000fa8                mem_manage_handler
                0x08000fa8                can2_tx_isr
                0x08000fa8                exti9_5_isr
                0x08000fa8                dma2_channel3_isr
                0x08000fa8                dma1_channel7_isr
                0x08000fa8                tim1_up_isr
                0x08000fa8                can2_sce_isr
                0x08000fa8                tim4_isr
                0x08000fa8                dma1_channel2_isr
                0x08000fa8                i2c1_er_isr
                0x08000fa8                can_sce_isr
                0x08000fa8                tim8_cc_isr
                0x08000fa8                tamper_isr
                0x08000fa8                eth_wkup_isr
                0x08000fa8                bus_fault_handler
                0x08000fa8                wwdg_isr
                0x08000fa8                dma1_channel3_isr
                0x08000fa8                spi3_isr
                0x08000fa8                tim2_isr
                0x08000fa8                exti0_isr
 .text.null_handler
                0x08000faa        0x2 ../libopencm3/lib\libopencm3_stm32f1.a(vector.o)
                0x08000faa                sv_call_handler
                0x08000faa                pend_sv_handler
                0x08000faa                debug_monitor_handler
                0x08000faa                nmi_handler
                0x08000faa                null_handler
 .text.reset_handler
                0x08000fac       0x94 ../libopencm3/lib\libopencm3_stm32f1.a(vector.o)
                0x08000fac                reset_handler
 .text.systick_set_reload
                0x08001040        0xc ../libopencm3/lib\libopencm3_stm32f1.a(systick.o)
                0x08001040                systick_set_reload
 .text.systick_set_clocksource
                0x0800104c       0x14 ../libopencm3/lib\libopencm3_stm32f1.a(systick.o)
                0x0800104c                systick_set_clocksource
 .text.systick_interrupt_enable
                0x08001060        0xe ../libopencm3/lib\libopencm3_stm32f1.a(systick.o)
                0x08001060                systick_interrupt_enable
 .text.systick_interrupt_disable
                0x0800106e        0xe ../libopencm3/lib\libopencm3_stm32f1.a(systick.o)
                0x0800106e                systick_interrupt_disable
 .text.systick_counter_enable
                0x0800107c        0xe ../libopencm3/lib\libopencm3_stm32f1.a(systick.o)
                0x0800107c                systick_counter_enable
 .text.systick_counter_disable
                0x0800108a        0xe ../libopencm3/lib\libopencm3_stm32f1.a(systick.o)
                0x0800108a                systick_counter_disable
 .text.systick_clear
                0x08001098        0xa ../libopencm3/lib\libopencm3_stm32f1.a(systick.o)
                0x08001098                systick_clear
 .text.nvic_enable_irq
                0x080010a2       0x18 ../libopencm3/lib\libopencm3_stm32f1.a(nvic.o)
                0x080010a2                nvic_enable_irq
 *fill*         0x080010ba        0x2 
 .text.nvic_disable_irq
                0x080010bc       0x18 ../libopencm3/lib\libopencm3_stm32f1.a(nvic.o)
                0x080010bc                nvic_disable_irq
 .text.desig_get_flash_size
                0x080010d4       0x10 ../libopencm3/lib\libopencm3_stm32f1.a(desig_common_v1.o)
                0x080010d4                desig_get_flash_size
 .text.flash_set_ws
                0x080010e4       0x14 ../libopencm3/lib\libopencm3_stm32f1.a(flash_common_all.o)
                0x080010e4                flash_set_ws
 .text.memset   0x080010f8       0x88 D:/bin/../lib/gcc/arm-none-eabi/15.3.1/../../../../arm-none-eabi/lib/thumb/v7-m/nofp\libc.a(libc_a-memset.o)
                0x080010f8                memset
                0x08001180                        . = ALIGN (0x4)
 *(.rodata*)
 .rodata.uart_write_hex32.str1.1
                0x08001180       0x7a src/bootloader.o
                                  0x3 (size before relaxing)
 .rodata.main.str1.1
                0x080011fa        0x0 src/bootloader.o
                                 0x77 (size before relaxing)
 .rodata.hex_digits.0
                0x080011fa       0x11 src/bootloader.o
 *fill*         0x0800120b        0x1 
 .rodata.rcc_hse_configs
                0x0800120c       0x8c ../libopencm3/lib\libopencm3_stm32f1.a(rcc.o)
                0x0800120c                rcc_hse_configs
                0x08001298                        . = ALIGN (0x4)

.glue_7         0x08001298        0x0
 .glue_7        0x08001298        0x0 linker stubs

.glue_7t        0x08001298        0x0
 .glue_7t       0x08001298        0x0 linker stubs

.vfp11_veneer   0x08001298        0x0
 .vfp11_veneer  0x08001298        0x0 linker stubs

.v4_bx          0x08001298        0x0
 .v4_bx         0x08001298        0x0 linker stubs

.iplt           0x08001298        0x0
 .iplt          0x08001298        0x0 src/bootloader.o

.rel.dyn        0x08001298        0x0
 .rel.iplt      0x08001298        0x0 src/bootloader.o

.preinit_array  0x08001298        0x0
                0x08001298                        . = ALIGN (0x4)
                0x08001298                        __preinit_array_start = .
 *(.preinit_array)
                0x08001298                        __preinit_array_end = .

.init_array     0x08001298        0x0
                0x08001298                        . = ALIGN (0x4)
                0x08001298                        __init_array_start = .
 *(SORT_BY_NAME(.init_array.*))
 *(.init_array)
                0x08001298                        __init_array_end = .

.fini_array     0x08001298        0x0
                0x08001298                        . = ALIGN (0x4)
                0x08001298                        __fini_array_start = .
 *(.fini_array)
 *(SORT_BY_NAME(.fini_array.*))
                0x08001298                        __fini_array_end = .

.ARM.extab
 *(.ARM.extab*)

.ARM.exidx      0x08001298        0x0
                0x08001298                        __exidx_start = .
 *(.ARM.exidx*)
                0x08001298                        __exidx_end = .
                0x08001298                        . = ALIGN (0x4)
                0x08001298                        _etext = .

.noinit
 *(.noinit*)
                0x08001298                        . = ALIGN (0x4)

.data           0x20000000        0xc load address 0x08001298
                0x20000000                        _data = .
 *(.data*)
 .data.rcc_ahb_frequency
                0x20000000        0x4 ../libopencm3/lib\libopencm3_stm32f1.a(rcc.o)
                0x20000000                rcc_ahb_frequency
 .data.rcc_apb2_frequency
                0x20000004        0x4 ../libopencm3/lib\libopencm3_stm32f1.a(rcc.o)
                0x20000004                rcc_apb2_frequency
 .data.rcc_apb1_frequency
                0x20000008        0x4 ../libopencm3/lib\libopencm3_stm32f1.a(rcc.o)
                0x20000008                rcc_apb1_frequency
 *(.ramtext*)
                0x2000000c                        . = ALIGN (0x4)
                0x2000000c                        _edata = .
                0x08001298                        _data_loadaddr = LOADADDR (.data)

.igot.plt       0x2000000c        0x0 load address 0x080012a4
 .igot.plt      0x2000000c        0x0 src/bootloader.o

.bss            0x20000010      0x17c load address 0x080012a4
 *(.bss*)
 .bss.packet    0x20000010       0x12 src/bootloader.o
 *fill*         0x20000022        0x6 
 .bss.timer     0x20000028       0x18 src/bootloader.o
 .bss.sync_seq  0x20000040        0x4 src/bootloader.o
 .bss.update_successful
                0x20000044        0x1 src/bootloader.o
 *fill*         0x20000045        0x3 
 .bss.bytes_written
                0x20000048        0x4 src/bootloader.o
 .bss.fw_length
                0x2000004c        0x4 src/bootloader.o
 .bss.state     0x20000050        0x1 src/bootloader.o
 *fill*         0x20000051        0x3 
 .bss.packet_write_index
                0x20000054        0x4 src/comms.o
 .bss.packet_read_index
                0x20000058        0x4 src/comms.o
 .bss.packet_buffer
                0x2000005c       0x90 src/comms.o
 .bss.last_transmitted_packet_valid
                0x200000ec        0x1 src/comms.o
 .bss.last_transmitted_packet
                0x200000ed       0x12 src/comms.o
 .bss.ack_packet
                0x200000ff       0x12 src/comms.o
 .bss.retx_packet
                0x20000111       0x12 src/comms.o
 .bss.temporary_packet
                0x20000123       0x12 src/comms.o
 .bss.data_byte_count
                0x20000135        0x1 src/comms.o
 .bss.state     0x20000136        0x1 src/comms.o
 *fill*         0x20000137        0x1 
 .bss.ms_ticks  0x20000138        0x4 ../shared/src/core/system.o
 .bss.rb        0x2000013c       0x10 ../shared/src/core/uart.o
 .bss.data_buffer
                0x2000014c       0x40 ../shared/src/core/uart.o
 *(COMMON)
                0x2000018c                        . = ALIGN (0x4)
                0x2000018c                        _ebss = .

/DISCARD/
 *(.eh_frame)
                0x2000018c                        . = ALIGN (0x4)
                0x2000018c                        end = .
                0x20010000                        PROVIDE (_stack = (ORIGIN (ram) + LENGTH (ram)))
OUTPUT(bootloader.elf elf32-littlearm)
LOAD linker stubs

.debug_info     0x00000000     0x5b23
 .debug_info    0x00000000      0xb54 src/bootloader.o
 .debug_info    0x00000b54      0x1fc src/bl-flash.o
 .debug_info    0x00000d50      0x76e src/comms.o
 .debug_info    0x000014be      0x35b ../shared/src/core/system.o
 .debug_info    0x00001819      0x8fa ../shared/src/core/uart.o
 .debug_info    0x00002113      0x24a ../shared/src/core/ring-buffer.o
 .debug_info    0x0000235d      0x12b ../shared/src/core/crc8.o
 .debug_info    0x00002488      0x20f ../shared/src/core/simple-timer.o
 .debug_info    0x00002697      0x31f ../libopencm3/lib\libopencm3_stm32f1.a(flash.o)
 .debug_info    0x000029b6       0xb9 ../libopencm3/lib\libopencm3_stm32f1.a(flash_common_f.o)
 .debug_info    0x00002a6f      0x20d ../libopencm3/lib\libopencm3_stm32f1.a(flash_common_f01.o)
 .debug_info    0x00002c7c      0x1fd ../libopencm3/lib\libopencm3_stm32f1.a(gpio.o)
 .debug_info    0x00002e79     0x14d0 ../libopencm3/lib\libopencm3_stm32f1.a(rcc.o)
 .debug_info    0x00004349      0x60d ../libopencm3/lib\libopencm3_stm32f1.a(rcc_common_all.o)
 .debug_info    0x00004956      0x6d1 ../libopencm3/lib\libopencm3_stm32f1.a(usart_common_all.o)
 .debug_info    0x00005027      0x192 ../libopencm3/lib\libopencm3_stm32f1.a(usart_common_f124.o)
 .debug_info    0x000051b9      0x2c4 ../libopencm3/lib\libopencm3_stm32f1.a(vector.o)
 .debug_info    0x0000547d      0x28f ../libopencm3/lib\libopencm3_stm32f1.a(systick.o)
 .debug_info    0x0000570c      0x239 ../libopencm3/lib\libopencm3_stm32f1.a(nvic.o)
 .debug_info    0x00005945       0xe8 ../libopencm3/lib\libopencm3_stm32f1.a(desig_common_v1.o)
 .debug_info    0x00005a2d       0xf6 ../libopencm3/lib\libopencm3_stm32f1.a(flash_common_all.o)

.debug_abbrev   0x00000000     0x1d4e
 .debug_abbrev  0x00000000      0x32a src/bootloader.o
 .debug_abbrev  0x0000032a      0x135 src/bl-flash.o
 .debug_abbrev  0x0000045f      0x315 src/comms.o
 .debug_abbrev  0x00000774      0x1f2 ../shared/src/core/system.o
 .debug_abbrev  0x00000966      0x254 ../shared/src/core/uart.o
 .debug_abbrev  0x00000bba       0xfa ../shared/src/core/ring-buffer.o
 .debug_abbrev  0x00000cb4       0x9c ../shared/src/core/crc8.o
 .debug_abbrev  0x00000d50      0x150 ../shared/src/core/simple-timer.o
 .debug_abbrev  0x00000ea0      0x160 ../libopencm3/lib\libopencm3_stm32f1.a(flash.o)
 .debug_abbrev  0x00001000       0x56 ../libopencm3/lib\libopencm3_stm32f1.a(flash_common_f.o)
 .debug_abbrev  0x00001056       0xf5 ../libopencm3/lib\libopencm3_stm32f1.a(flash_common_f01.o)
 .debug_abbrev  0x0000114b       0xd3 ../libopencm3/lib\libopencm3_stm32f1.a(gpio.o)
 .debug_abbrev  0x0000121e      0x2be ../libopencm3/lib\libopencm3_stm32f1.a(rcc.o)
 .debug_abbrev  0x000014dc      0x185 ../libopencm3/lib\libopencm3_stm32f1.a(rcc_common_all.o)
 .debug_abbrev  0x00001661      0x1bf ../libopencm3/lib\libopencm3_stm32f1.a(usart_common_all.o)
 .debug_abbrev  0x00001820       0xb6 ../libopencm3/lib\libopencm3_stm32f1.a(usart_common_f124.o)
 .debug_abbrev  0x000018d6      0x149 ../libopencm3/lib\libopencm3_stm32f1.a(vector.o)
 .debug_abbrev  0x00001a1f      0x14e ../libopencm3/lib\libopencm3_stm32f1.a(systick.o)
 .debug_abbrev  0x00001b6d       0xb6 ../libopencm3/lib\libopencm3_stm32f1.a(nvic.o)
 .debug_abbrev  0x00001c23       0x8e ../libopencm3/lib\libopencm3_stm32f1.a(desig_common_v1.o)
 .debug_abbrev  0x00001cb1       0x9d ../libopencm3/lib\libopencm3_stm32f1.a(flash_common_all.o)

.debug_loclists
                0x00000000     0x1454
 .debug_loclists
                0x00000000      0x19b src/bootloader.o
 .debug_loclists
                0x0000019b       0xe6 src/bl-flash.o
 .debug_loclists
                0x00000281      0x254 src/comms.o
 .debug_loclists
                0x000004d5       0x17 ../shared/src/core/system.o
 .debug_loclists
                0x000004ec      0x14a ../shared/src/core/uart.o
 .debug_loclists
                0x00000636      0x14b ../shared/src/core/ring-buffer.o
 .debug_loclists
                0x00000781       0xcd ../shared/src/core/crc8.o
 .debug_loclists
                0x0000084e       0xbb ../shared/src/core/simple-timer.o
 .debug_loclists
                0x00000909       0x71 ../libopencm3/lib\libopencm3_stm32f1.a(flash.o)
 .debug_loclists
                0x0000097a       0xa5 ../libopencm3/lib\libopencm3_stm32f1.a(flash_common_f01.o)
 .debug_loclists
                0x00000a1f      0x107 ../libopencm3/lib\libopencm3_stm32f1.a(gpio.o)
 .debug_loclists
                0x00000b26      0x2cb ../libopencm3/lib\libopencm3_stm32f1.a(rcc.o)
 .debug_loclists
                0x00000df1       0x97 ../libopencm3/lib\libopencm3_stm32f1.a(rcc_common_all.o)
 .debug_loclists
                0x00000e88      0x1b8 ../libopencm3/lib\libopencm3_stm32f1.a(usart_common_all.o)
 .debug_loclists
                0x00001040       0x79 ../libopencm3/lib\libopencm3_stm32f1.a(usart_common_f124.o)
 .debug_loclists
                0x000010b9       0xa8 ../libopencm3/lib\libopencm3_stm32f1.a(vector.o)
 .debug_loclists
                0x00001161      0x192 ../libopencm3/lib\libopencm3_stm32f1.a(systick.o)
 .debug_loclists
                0x000012f3      0x111 ../libopencm3/lib\libopencm3_stm32f1.a(nvic.o)
 .debug_loclists
                0x00001404       0x2b ../libopencm3/lib\libopencm3_stm32f1.a(desig_common_v1.o)
 .debug_loclists
                0x0000142f       0x25 ../libopencm3/lib\libopencm3_stm32f1.a(flash_common_all.o)

.debug_aranges  0x00000000      0x7a8
 .debug_aranges
                0x00000000       0x48 src/bootloader.o
 .debug_aranges
                0x00000048       0x28 src/bl-flash.o
 .debug_aranges
                0x00000070       0x70 src/comms.o
 .debug_aranges
                0x000000e0       0x38 ../shared/src/core/system.o
 .debug_aranges
                0x00000118       0x50 ../shared/src/core/uart.o
 .debug_aranges
                0x00000168       0x38 ../shared/src/core/ring-buffer.o
 .debug_aranges
                0x000001a0       0x20 ../shared/src/core/crc8.o
 .debug_aranges
                0x000001c0       0x30 ../shared/src/core/simple-timer.o
 .debug_aranges
                0x000001f0       0x78 ../libopencm3/lib\libopencm3_stm32f1.a(flash.o)
 .debug_aranges
                0x00000268       0x30 ../libopencm3/lib\libopencm3_stm32f1.a(flash_common_f.o)
 .debug_aranges
                0x00000298       0x48 ../libopencm3/lib\libopencm3_stm32f1.a(flash_common_f01.o)
 .debug_aranges
                0x000002e0       0x38 ../libopencm3/lib\libopencm3_stm32f1.a(gpio.o)
 .debug_aranges
                0x00000318      0x170 ../libopencm3/lib\libopencm3_stm32f1.a(rcc.o)
 .debug_aranges
                0x00000488       0x80 ../libopencm3/lib\libopencm3_stm32f1.a(rcc_common_all.o)
 .debug_aranges
                0x00000508       0xf8 ../libopencm3/lib\libopencm3_stm32f1.a(usart_common_all.o)
 .debug_aranges
                0x00000600       0x40 ../libopencm3/lib\libopencm3_stm32f1.a(usart_common_f124.o)
 .debug_aranges
                0x00000640       0x30 ../libopencm3/lib\libopencm3_stm32f1.a(vector.o)
 .debug_aranges
                0x00000670       0x78 ../libopencm3/lib\libopencm3_stm32f1.a(systick.o)
 .debug_aranges
                0x000006e8       0x60 ../libopencm3/lib\libopencm3_stm32f1.a(nvic.o)
 .debug_aranges
                0x00000748       0x28 ../libopencm3/lib\libopencm3_stm32f1.a(desig_common_v1.o)
 .debug_aranges
                0x00000770       0x38 ../libopencm3/lib\libopencm3_stm32f1.a(flash_common_all.o)

.debug_rnglists
                0x00000000      0x665
 .debug_rnglists
                0x00000000       0x4b src/bootloader.o
 .debug_rnglists
                0x0000004b       0x28 src/bl-flash.o
 .debug_rnglists
                0x00000073       0x98 src/comms.o
 .debug_rnglists
                0x0000010b       0x3d ../shared/src/core/system.o
 .debug_rnglists
                0x00000148       0x50 ../shared/src/core/uart.o
 .debug_rnglists
                0x00000198       0x25 ../shared/src/core/ring-buffer.o
 .debug_rnglists
                0x000001bd       0x22 ../shared/src/core/crc8.o
 .debug_rnglists
                0x000001df       0x1f ../shared/src/core/simple-timer.o
 .debug_rnglists
                0x000001fe       0x55 ../libopencm3/lib\libopencm3_stm32f1.a(flash.o)
 .debug_rnglists
                0x00000253       0x1f ../libopencm3/lib\libopencm3_stm32f1.a(flash_common_f.o)
 .debug_rnglists
                0x00000272       0x31 ../libopencm3/lib\libopencm3_stm32f1.a(flash_common_f01.o)
 .debug_rnglists
                0x000002a3       0x25 ../libopencm3/lib\libopencm3_stm32f1.a(gpio.o)
 .debug_rnglists
                0x000002c8      0x160 ../libopencm3/lib\libopencm3_stm32f1.a(rcc.o)
 .debug_rnglists
                0x00000428       0x5b ../libopencm3/lib\libopencm3_stm32f1.a(rcc_common_all.o)
 .debug_rnglists
                0x00000483       0xb5 ../libopencm3/lib\libopencm3_stm32f1.a(usart_common_all.o)
 .debug_rnglists
                0x00000538       0x2b ../libopencm3/lib\libopencm3_stm32f1.a(usart_common_f124.o)
 .debug_rnglists
                0x00000563       0x20 ../libopencm3/lib\libopencm3_stm32f1.a(vector.o)
 .debug_rnglists
                0x00000583       0x61 ../libopencm3/lib\libopencm3_stm32f1.a(systick.o)
 .debug_rnglists
                0x000005e4       0x43 ../libopencm3/lib\libopencm3_stm32f1.a(nvic.o)
 .debug_rnglists
                0x00000627       0x19 ../libopencm3/lib\libopencm3_stm32f1.a(desig_common_v1.o)
 .debug_rnglists
                0x00000640       0x25 ../libopencm3/lib\libopencm3_stm32f1.a(flash_common_all.o)

.debug_macro    0x00000000     0x575c
 .debug_macro   0x00000000      0x162 src/bootloader.o
 .debug_macro   0x00000162      0xad2 src/bootloader.o
 .debug_macro   0x00000c34       0x22 src/bootloader.o
 .debug_macro   0x00000c56       0x56 src/bootloader.o
 .debug_macro   0x00000cac       0x6d src/bootloader.o
 .debug_macro   0x00000d19      0x103 src/bootloader.o
 .debug_macro   0x00000e1c       0x6a src/bootloader.o
 .debug_macro   0x00000e86      0x1d0 src/bootloader.o
 .debug_macro   0x00001056       0x22 src/bootloader.o
 .debug_macro   0x00001078      0x100 src/bootloader.o
 .debug_macro   0x00001178       0x76 src/bootloader.o
 .debug_macro   0x000011ee       0x68 src/bootloader.o
 .debug_macro   0x00001256      0x1a2 src/bootloader.o
 .debug_macro   0x000013f8      0x3a9 src/bootloader.o
 .debug_macro   0x000017a1       0x6f src/bootloader.o
 .debug_macro   0x00001810      0x1ba src/bootloader.o
 .debug_macro   0x000019ca       0x10 src/bootloader.o
 .debug_macro   0x000019da       0x52 src/bootloader.o
 .debug_macro   0x00001a2c       0xec src/bl-flash.o
 .debug_macro   0x00001b18       0x1c src/bl-flash.o
 .debug_macro   0x00001b34       0xe8 src/bl-flash.o
 .debug_macro   0x00001c1c      0x1b4 src/bl-flash.o
 .debug_macro   0x00001dd0       0xee src/bl-flash.o
 .debug_macro   0x00001ebe       0x82 src/bl-flash.o
 .debug_macro   0x00001f40      0x15e src/comms.o
 .debug_macro   0x0000209e       0x75 src/comms.o
 .debug_macro   0x00002113       0x24 src/comms.o
 .debug_macro   0x00002137       0x5c src/comms.o
 .debug_macro   0x00002193       0x3c src/comms.o
 .debug_macro   0x000021cf       0x34 src/comms.o
 .debug_macro   0x00002203      0x189 src/comms.o
 .debug_macro   0x0000238c       0x73 src/comms.o
 .debug_macro   0x000023ff      0x372 src/comms.o
 .debug_macro   0x00002771       0x16 src/comms.o
 .debug_macro   0x00002787       0x4a src/comms.o
 .debug_macro   0x000027d1       0x34 src/comms.o
 .debug_macro   0x00002805       0x10 src/comms.o
 .debug_macro   0x00002815       0x58 src/comms.o
 .debug_macro   0x0000286d      0x1e5 src/comms.o
 .debug_macro   0x00002a52       0x10 src/comms.o
 .debug_macro   0x00002a62       0x3c src/comms.o
 .debug_macro   0x00002a9e       0xd7 ../shared/src/core/system.o
 .debug_macro   0x00002b75      0x8c6 ../shared/src/core/system.o
 .debug_macro   0x0000343b      0x144 ../shared/src/core/uart.o
 .debug_macro   0x0000357f       0x76 ../shared/src/core/uart.o
 .debug_macro   0x000035f5      0xe2e ../shared/src/core/uart.o
 .debug_macro   0x00004423       0x94 ../shared/src/core/uart.o
 .debug_macro   0x000044b7      0x29e ../shared/src/core/uart.o
 .debug_macro   0x00004755       0x6e ../shared/src/core/uart.o
 .debug_macro   0x000047c3       0x89 ../shared/src/core/ring-buffer.o
 .debug_macro   0x0000484c       0x80 ../shared/src/core/crc8.o
 .debug_macro   0x000048cc       0x89 ../shared/src/core/simple-timer.o
 .debug_macro   0x00004955       0xca ../libopencm3/lib\libopencm3_stm32f1.a(flash.o)
 .debug_macro   0x00004a1f       0xc0 ../libopencm3/lib\libopencm3_stm32f1.a(flash_common_f.o)
 .debug_macro   0x00004adf       0xc0 ../libopencm3/lib\libopencm3_stm32f1.a(flash_common_f01.o)
 .debug_macro   0x00004b9f       0xb8 ../libopencm3/lib\libopencm3_stm32f1.a(gpio.o)
 .debug_macro   0x00004c57       0xe7 ../libopencm3/lib\libopencm3_stm32f1.a(rcc.o)
 .debug_macro   0x00004d3e       0x16 ../libopencm3/lib\libopencm3_stm32f1.a(rcc.o)
 .debug_macro   0x00004d54       0xce ../libopencm3/lib\libopencm3_stm32f1.a(rcc_common_all.o)
 .debug_macro   0x00004e22       0xda ../libopencm3/lib\libopencm3_stm32f1.a(usart_common_all.o)
 .debug_macro   0x00004efc       0xda ../libopencm3/lib\libopencm3_stm32f1.a(usart_common_f124.o)
 .debug_macro   0x00004fd6       0xcf ../libopencm3/lib\libopencm3_stm32f1.a(vector.o)
 .debug_macro   0x000050a5      0x3a3 ../libopencm3/lib\libopencm3_stm32f1.a(vector.o)
 .debug_macro   0x00005448       0x92 ../libopencm3/lib\libopencm3_stm32f1.a(systick.o)
 .debug_macro   0x000054da       0x69 ../libopencm3/lib\libopencm3_stm32f1.a(systick.o)
 .debug_macro   0x00005543       0xb3 ../libopencm3/lib\libopencm3_stm32f1.a(nvic.o)
 .debug_macro   0x000055f6       0xa6 ../libopencm3/lib\libopencm3_stm32f1.a(desig_common_v1.o)
 .debug_macro   0x0000569c       0xc0 ../libopencm3/lib\libopencm3_stm32f1.a(flash_common_all.o)

.debug_line     0x00000000     0x56dc
 .debug_line    0x00000000      0x6e8 src/bootloader.o
 .debug_line    0x000006e8      0x334 src/bl-flash.o
 .debug_line    0x00000a1c      0x641 src/comms.o
 .debug_line    0x0000105d      0x321 ../shared/src/core/system.o
 .debug_line    0x0000137e      0x4cf ../shared/src/core/uart.o
 .debug_line    0x0000184d      0x2f8 ../shared/src/core/ring-buffer.o
 .debug_line    0x00001b45      0x1e1 ../shared/src/core/crc8.o
 .debug_line    0x00001d26      0x24c ../shared/src/core/simple-timer.o
 .debug_line    0x00001f72      0x53a ../libopencm3/lib\libopencm3_stm32f1.a(flash.o)
 .debug_line    0x000024ac      0x2a8 ../libopencm3/lib\libopencm3_stm32f1.a(flash_common_f.o)
 .debug_line    0x00002754      0x36a ../libopencm3/lib\libopencm3_stm32f1.a(flash_common_f01.o)
 .debug_line    0x00002abe      0x374 ../libopencm3/lib\libopencm3_stm32f1.a(gpio.o)
 .debug_line    0x00002e32      0xcdf ../libopencm3/lib\libopencm3_stm32f1.a(rcc.o)
 .debug_line    0x00003b11      0x3d1 ../libopencm3/lib\libopencm3_stm32f1.a(rcc_common_all.o)
 .debug_line    0x00003ee2      0x626 ../libopencm3/lib\libopencm3_stm32f1.a(usart_common_all.o)
 .debug_line    0x00004508      0x314 ../libopencm3/lib\libopencm3_stm32f1.a(usart_common_f124.o)
 .debug_line    0x0000481c      0x348 ../libopencm3/lib\libopencm3_stm32f1.a(vector.o)
 .debug_line    0x00004b64      0x325 ../libopencm3/lib\libopencm3_stm32f1.a(systick.o)
 .debug_line    0x00004e89      0x355 ../libopencm3/lib\libopencm3_stm32f1.a(nvic.o)
 .debug_line    0x000051de      0x22b ../libopencm3/lib\libopencm3_stm32f1.a(desig_common_v1.o)
 .debug_line    0x00005409      0x2d3 ../libopencm3/lib\libopencm3_stm32f1.a(flash_common_all.o)

.debug_str      0x00000000    0x13963
 .debug_str     0x00000000    0x13963 src/bootloader.o
                               0x7340 (size before relaxing)
 .debug_str     0x00013963        0x0 src/bl-flash.o
                               0x5828 (size before relaxing)
 .debug_str     0x00013963        0x0 src/comms.o
                               0x70f8 (size before relaxing)
 .debug_str     0x00013963        0x0 ../shared/src/core/system.o
                               0x7a38 (size before relaxing)
 .debug_str     0x00013963        0x0 ../shared/src/core/uart.o
                               0xcd7f (size before relaxing)
 .debug_str     0x00013963        0x0 ../shared/src/core/ring-buffer.o
                               0x41b6 (size before relaxing)
 .debug_str     0x00013963        0x0 ../shared/src/core/crc8.o
                               0x3dc0 (size before relaxing)
 .debug_str     0x00013963        0x0 ../shared/src/core/simple-timer.o
                               0x3e80 (size before relaxing)
 .debug_str     0x00013963        0x0 ../libopencm3/lib\libopencm3_stm32f1.a(flash.o)
                               0x588a (size before relaxing)
 .debug_str     0x00013963        0x0 ../libopencm3/lib\libopencm3_stm32f1.a(flash_common_f.o)
                               0x56ef (size before relaxing)
 .debug_str     0x00013963        0x0 ../libopencm3/lib\libopencm3_stm32f1.a(flash_common_f01.o)
                               0x57c4 (size before relaxing)
 .debug_str     0x00013963        0x0 ../libopencm3/lib\libopencm3_stm32f1.a(gpio.o)
                               0x87e5 (size before relaxing)
 .debug_str     0x00013963        0x0 ../libopencm3/lib\libopencm3_stm32f1.a(rcc.o)
                               0x843a (size before relaxing)
 .debug_str     0x00013963        0x0 ../libopencm3/lib\libopencm3_stm32f1.a(rcc_common_all.o)
                               0x7b48 (size before relaxing)
 .debug_str     0x00013963        0x0 ../libopencm3/lib\libopencm3_stm32f1.a(usart_common_all.o)
                               0x87ac (size before relaxing)
 .debug_str     0x00013963        0x0 ../libopencm3/lib\libopencm3_stm32f1.a(usart_common_f124.o)
                               0x84fd (size before relaxing)
 .debug_str     0x00013963        0x0 ../libopencm3/lib\libopencm3_stm32f1.a(vector.o)
                               0x687e (size before relaxing)
 .debug_str     0x00013963        0x0 ../libopencm3/lib\libopencm3_stm32f1.a(systick.o)
                               0x470f (size before relaxing)
 .debug_str     0x00013963        0x0 ../libopencm3/lib\libopencm3_stm32f1.a(nvic.o)
                               0x5e60 (size before relaxing)
 .debug_str     0x00013963        0x0 ../libopencm3/lib\libopencm3_stm32f1.a(desig_common_v1.o)
                               0x4f64 (size before relaxing)
 .debug_str     0x00013963        0x0 ../libopencm3/lib\libopencm3_stm32f1.a(flash_common_all.o)
                               0x571e (size before relaxing)

.comment        0x00000000       0x46
 .comment       0x00000000       0x46 src/bootloader.o
                                 0x47 (size before relaxing)
 .comment       0x00000046        0x0 src/bl-flash.o
                                 0x47 (size before relaxing)
 .comment       0x00000046        0x0 src/comms.o
                                 0x47 (size before relaxing)
 .comment       0x00000046        0x0 ../shared/src/core/system.o
                                 0x47 (size before relaxing)
 .comment       0x00000046        0x0 ../shared/src/core/uart.o
                                 0x47 (size before relaxing)
 .comment       0x00000046        0x0 ../shared/src/core/ring-buffer.o
                                 0x47 (size before relaxing)
 .comment       0x00000046        0x0 ../shared/src/core/crc8.o
                                 0x47 (size before relaxing)
 .comment       0x00000046        0x0 ../shared/src/core/simple-timer.o
                                 0x47 (size before relaxing)
 .comment       0x00000046        0x0 ../libopencm3/lib\libopencm3_stm32f1.a(flash.o)
                                 0x47 (size before relaxing)
 .comment       0x00000046        0x0 ../libopencm3/lib\libopencm3_stm32f1.a(flash_common_f.o)
                                 0x47 (size before relaxing)
 .comment       0x00000046        0x0 ../libopencm3/lib\libopencm3_stm32f1.a(flash_common_f01.o)
                                 0x47 (size before relaxing)
 .comment       0x00000046        0x0 ../libopencm3/lib\libopencm3_stm32f1.a(gpio.o)
                                 0x47 (size before relaxing)
 .comment       0x00000046        0x0 ../libopencm3/lib\libopencm3_stm32f1.a(rcc.o)
                                 0x47 (size before relaxing)
 .comment       0x00000046        0x0 ../libopencm3/lib\libopencm3_stm32f1.a(rcc_common_all.o)
                                 0x47 (size before relaxing)
 .comment       0x00000046        0x0 ../libopencm3/lib\libopencm3_stm32f1.a(usart_common_all.o)
                                 0x47 (size before relaxing)
 .comment       0x00000046        0x0 ../libopencm3/lib\libopencm3_stm32f1.a(usart_common_f124.o)
                                 0x47 (size before relaxing)
 .comment       0x00000046        0x0 ../libopencm3/lib\libopencm3_stm32f1.a(vector.o)
                                 0x47 (size before relaxing)
 .comment       0x00000046        0x0 ../libopencm3/lib\libopencm3_stm32f1.a(systick.o)
                                 0x47 (size before relaxing)
 .comment       0x00000046        0x0 ../libopencm3/lib\libopencm3_stm32f1.a(nvic.o)
                                 0x47 (size before relaxing)
 .comment       0x00000046        0x0 ../libopencm3/lib\libopencm3_stm32f1.a(desig_common_v1.o)
                                 0x47 (size before relaxing)
 .comment       0x00000046        0x0 ../libopencm3/lib\libopencm3_stm32f1.a(flash_common_all.o)
                                 0x47 (size before relaxing)

.ARM.attributes
                0x00000000       0x2d
 .ARM.attributes
                0x00000000       0x2d src/bootloader.o
 .ARM.attributes
                0x0000002d       0x2d src/bl-flash.o
 .ARM.attributes
                0x0000005a       0x2d src/comms.o
 .ARM.attributes
                0x00000087       0x2d ../shared/src/core/system.o
 .ARM.attributes
                0x000000b4       0x2d ../shared/src/core/uart.o
 .ARM.attributes
                0x000000e1       0x2d ../shared/src/core/ring-buffer.o
 .ARM.attributes
                0x0000010e       0x2d ../shared/src/core/crc8.o
 .ARM.attributes
                0x0000013b       0x2d ../shared/src/core/simple-timer.o
 .ARM.attributes
                0x00000168       0x2d ../libopencm3/lib\libopencm3_stm32f1.a(flash.o)
 .ARM.attributes
                0x00000195       0x2d ../libopencm3/lib\libopencm3_stm32f1.a(flash_common_f.o)
 .ARM.attributes
                0x000001c2       0x2d ../libopencm3/lib\libopencm3_stm32f1.a(flash_common_f01.o)
 .ARM.attributes
                0x000001ef       0x2d ../libopencm3/lib\libopencm3_stm32f1.a(gpio.o)
 .ARM.attributes
                0x0000021c       0x2d ../libopencm3/lib\libopencm3_stm32f1.a(rcc.o)
 .ARM.attributes
                0x00000249       0x2d ../libopencm3/lib\libopencm3_stm32f1.a(rcc_common_all.o)
 .ARM.attributes
                0x00000276       0x2d ../libopencm3/lib\libopencm3_stm32f1.a(usart_common_all.o)
 .ARM.attributes
                0x000002a3       0x2d ../libopencm3/lib\libopencm3_stm32f1.a(usart_common_f124.o)
 .ARM.attributes
                0x000002d0       0x2d ../libopencm3/lib\libopencm3_stm32f1.a(vector.o)
 .ARM.attributes
                0x000002fd       0x2d ../libopencm3/lib\libopencm3_stm32f1.a(systick.o)
 .ARM.attributes
                0x0000032a       0x2d ../libopencm3/lib\libopencm3_stm32f1.a(nvic.o)
 .ARM.attributes
                0x00000357       0x2d ../libopencm3/lib\libopencm3_stm32f1.a(desig_common_v1.o)
 .ARM.attributes
                0x00000384       0x2d ../libopencm3/lib\libopencm3_stm32f1.a(flash_common_all.o)
 .ARM.attributes
                0x000003b1       0x2d D:/bin/../lib/gcc/arm-none-eabi/15.3.1/../../../../arm-none-eabi/lib/thumb/v7-m/nofp\libc.a(libc_a-memset.o)

.debug_frame    0x00000000      0xf7c
 .debug_frame   0x00000000       0xb0 src/bootloader.o
 .debug_frame   0x000000b0       0x60 src/bl-flash.o
 .debug_frame   0x00000110      0x128 src/comms.o
 .debug_frame   0x00000238       0x5c ../shared/src/core/system.o
 .debug_frame   0x00000294       0xc8 ../shared/src/core/uart.o
 .debug_frame   0x0000035c       0x64 ../shared/src/core/ring-buffer.o
 .debug_frame   0x000003c0       0x28 ../shared/src/core/crc8.o
 .debug_frame   0x000003e8       0x5c ../shared/src/core/simple-timer.o
 .debug_frame   0x00000444      0x128 ../libopencm3/lib\libopencm3_stm32f1.a(flash.o)
 .debug_frame   0x0000056c       0x40 ../libopencm3/lib\libopencm3_stm32f1.a(flash_common_f.o)
 .debug_frame   0x000005ac       0xa0 ../libopencm3/lib\libopencm3_stm32f1.a(flash_common_f01.o)
 .debug_frame   0x0000064c       0x64 ../libopencm3/lib\libopencm3_stm32f1.a(gpio.o)
 .debug_frame   0x000006b0      0x318 ../libopencm3/lib\libopencm3_stm32f1.a(rcc.o)
 .debug_frame   0x000009c8       0xe0 ../libopencm3/lib\libopencm3_stm32f1.a(rcc_common_all.o)
 .debug_frame   0x00000aa8      0x204 ../libopencm3/lib\libopencm3_stm32f1.a(usart_common_all.o)
 .debug_frame   0x00000cac       0x60 ../libopencm3/lib\libopencm3_stm32f1.a(usart_common_f124.o)
 .debug_frame   0x00000d0c       0x4c ../libopencm3/lib\libopencm3_stm32f1.a(vector.o)
 .debug_frame   0x00000d58       0xd8 ../libopencm3/lib\libopencm3_stm32f1.a(systick.o)
 .debug_frame   0x00000e30       0xa0 ../libopencm3/lib\libopencm3_stm32f1.a(nvic.o)
 .debug_frame   0x00000ed0       0x30 ../libopencm3/lib\libopencm3_stm32f1.a(desig_common_v1.o)
 .debug_frame   0x00000f00       0x50 ../libopencm3/lib\libopencm3_stm32f1.a(flash_common_all.o)
 .debug_frame   0x00000f50       0x2c D:/bin/../lib/gcc/arm-none-eabi/15.3.1/../../../../arm-none-eabi/lib/thumb/v7-m/nofp\libc.a(libc_a-memset.o)

Cross Reference Table

Symbol                                            File
__fini_array_end                                  ../libopencm3/lib\libopencm3_stm32f1.a(vector.o)
__fini_array_start                                ../libopencm3/lib\libopencm3_stm32f1.a(vector.o)
__init_array_end                                  ../libopencm3/lib\libopencm3_stm32f1.a(vector.o)
__init_array_start                                ../libopencm3/lib\libopencm3_stm32f1.a(vector.o)
__preinit_array_end                               ../libopencm3/lib\libopencm3_stm32f1.a(vector.o)
__preinit_array_start                             ../libopencm3/lib\libopencm3_stm32f1.a(vector.o)
_data                                             ../libopencm3/lib\libopencm3_stm32f1.a(vector.o)
_data_loadaddr                                    ../libopencm3/lib\libopencm3_stm32f1.a(vector.o)
_ebss                                             ../libopencm3/lib\libopencm3_stm32f1.a(vector.o)
_edata                                            ../libopencm3/lib\libopencm3_stm32f1.a(vector.o)
_stack                                            ../libopencm3/lib\libopencm3_stm32f1.a(vector.o)
adc1_2_isr                                        ../libopencm3/lib\libopencm3_stm32f1.a(vector.o)
adc3_isr                                          ../libopencm3/lib\libopencm3_stm32f1.a(vector.o)
bl_flash_erase_main_application                   src/bl-flash.o
                                                  src/bootloader.o
bl_flash_write                                    src/bl-flash.o
                                                  src/bootloader.o
blocking_handler                                  ../libopencm3/lib\libopencm3_stm32f1.a(vector.o)
bus_fault_handler                                 ../libopencm3/lib\libopencm3_stm32f1.a(vector.o)
can2_rx0_isr                                      ../libopencm3/lib\libopencm3_stm32f1.a(vector.o)
can2_rx1_isr                                      ../libopencm3/lib\libopencm3_stm32f1.a(vector.o)
can2_sce_isr                                      ../libopencm3/lib\libopencm3_stm32f1.a(vector.o)
can2_tx_isr                                       ../libopencm3/lib\libopencm3_stm32f1.a(vector.o)
can_rx1_isr                                       ../libopencm3/lib\libopencm3_stm32f1.a(vector.o)
can_sce_isr                                       ../libopencm3/lib\libopencm3_stm32f1.a(vector.o)
cm3_assert_failed                                 ../libopencm3/lib\libopencm3_stm32f1.a(assert.o)
                                                  ../libopencm3/lib\libopencm3_stm32f1.a(rcc.o)
cm3_assert_failed_verbose                         ../libopencm3/lib\libopencm3_stm32f1.a(assert.o)
comms_compute_crc                                 src/comms.o
comms_create_single_byte_packet                   src/comms.o
                                                  src/bootloader.o
comms_is_single_byte_packet                       src/comms.o
                                                  src/bootloader.o
comms_packets_available                           src/comms.o
                                                  src/bootloader.o
comms_read                                        src/comms.o
                                                  src/bootloader.o
comms_setup                                       src/comms.o
                                                  src/bootloader.o
comms_update                                      src/comms.o
                                                  src/bootloader.o
comms_write                                       src/comms.o
                                                  src/bootloader.o
comms_write_corrupt_crc                           src/comms.o
crc8                                              ../shared/src/core/crc8.o
                                                  src/comms.o
debug_monitor_handler                             ../libopencm3/lib\libopencm3_stm32f1.a(vector.o)
desig_get_flash_size                              ../libopencm3/lib\libopencm3_stm32f1.a(desig_common_v1.o)
                                                  ../libopencm3/lib\libopencm3_stm32f1.a(flash.o)
desig_get_unique_id                               ../libopencm3/lib\libopencm3_stm32f1.a(desig_common_v1.o)
dma1_channel1_isr                                 ../libopencm3/lib\libopencm3_stm32f1.a(vector.o)
dma1_channel2_isr                                 ../libopencm3/lib\libopencm3_stm32f1.a(vector.o)
dma1_channel3_isr                                 ../libopencm3/lib\libopencm3_stm32f1.a(vector.o)
dma1_channel4_isr                                 ../libopencm3/lib\libopencm3_stm32f1.a(vector.o)
dma1_channel5_isr                                 ../libopencm3/lib\libopencm3_stm32f1.a(vector.o)
dma1_channel6_isr                                 ../libopencm3/lib\libopencm3_stm32f1.a(vector.o)
dma1_channel7_isr                                 ../libopencm3/lib\libopencm3_stm32f1.a(vector.o)
dma2_channel1_isr                                 ../libopencm3/lib\libopencm3_stm32f1.a(vector.o)
dma2_channel2_isr                                 ../libopencm3/lib\libopencm3_stm32f1.a(vector.o)
dma2_channel3_isr                                 ../libopencm3/lib\libopencm3_stm32f1.a(vector.o)
dma2_channel4_5_isr                               ../libopencm3/lib\libopencm3_stm32f1.a(vector.o)
dma2_channel5_isr                                 ../libopencm3/lib\libopencm3_stm32f1.a(vector.o)
eth_isr                                           ../libopencm3/lib\libopencm3_stm32f1.a(vector.o)
eth_wkup_isr                                      ../libopencm3/lib\libopencm3_stm32f1.a(vector.o)
exti0_isr                                         ../libopencm3/lib\libopencm3_stm32f1.a(vector.o)
exti15_10_isr                                     ../libopencm3/lib\libopencm3_stm32f1.a(vector.o)
exti1_isr                                         ../libopencm3/lib\libopencm3_stm32f1.a(vector.o)
exti2_isr                                         ../libopencm3/lib\libopencm3_stm32f1.a(vector.o)
exti3_isr                                         ../libopencm3/lib\libopencm3_stm32f1.a(vector.o)
exti4_isr                                         ../libopencm3/lib\libopencm3_stm32f1.a(vector.o)
exti9_5_isr                                       ../libopencm3/lib\libopencm3_stm32f1.a(vector.o)
flash_clear_eop_flag                              ../libopencm3/lib\libopencm3_stm32f1.a(flash_common_f.o)
                                                  ../libopencm3/lib\libopencm3_stm32f1.a(flash.o)
flash_clear_eop_flag_upper                        ../libopencm3/lib\libopencm3_stm32f1.a(flash.o)
flash_clear_pgerr_flag                            ../libopencm3/lib\libopencm3_stm32f1.a(flash_common_f01.o)
                                                  ../libopencm3/lib\libopencm3_stm32f1.a(flash.o)
flash_clear_pgerr_flag_upper                      ../libopencm3/lib\libopencm3_stm32f1.a(flash.o)
flash_clear_status_flags                          ../libopencm3/lib\libopencm3_stm32f1.a(flash.o)
flash_clear_wrprterr_flag                         ../libopencm3/lib\libopencm3_stm32f1.a(flash_common_f01.o)
                                                  ../libopencm3/lib\libopencm3_stm32f1.a(flash.o)
flash_clear_wrprterr_flag_upper                   ../libopencm3/lib\libopencm3_stm32f1.a(flash.o)
flash_erase_all_pages                             ../libopencm3/lib\libopencm3_stm32f1.a(flash.o)
flash_erase_option_bytes                          ../libopencm3/lib\libopencm3_stm32f1.a(flash_common_f01.o)
flash_erase_page                                  ../libopencm3/lib\libopencm3_stm32f1.a(flash.o)
                                                  src/bl-flash.o
flash_get_status_flags                            ../libopencm3/lib\libopencm3_stm32f1.a(flash.o)
                                                  ../libopencm3/lib\libopencm3_stm32f1.a(flash_common_f01.o)
flash_halfcycle_disable                           ../libopencm3/lib\libopencm3_stm32f1.a(flash.o)
flash_halfcycle_enable                            ../libopencm3/lib\libopencm3_stm32f1.a(flash.o)
flash_isr                                         ../libopencm3/lib\libopencm3_stm32f1.a(vector.o)
flash_lock                                        ../libopencm3/lib\libopencm3_stm32f1.a(flash_common_f.o)
                                                  src/bl-flash.o
flash_lock_upper                                  ../libopencm3/lib\libopencm3_stm32f1.a(flash.o)
flash_prefetch_disable                            ../libopencm3/lib\libopencm3_stm32f1.a(flash_common_all.o)
flash_prefetch_enable                             ../libopencm3/lib\libopencm3_stm32f1.a(flash_common_all.o)
flash_program_half_word                           ../libopencm3/lib\libopencm3_stm32f1.a(flash.o)
                                                  ../libopencm3/lib\libopencm3_stm32f1.a(flash_common_f01.o)
                                                  src/bl-flash.o
flash_program_option_bytes                        ../libopencm3/lib\libopencm3_stm32f1.a(flash_common_f01.o)
flash_program_word                                ../libopencm3/lib\libopencm3_stm32f1.a(flash_common_f01.o)
flash_set_ws                                      ../libopencm3/lib\libopencm3_stm32f1.a(flash_common_all.o)
                                                  ../libopencm3/lib\libopencm3_stm32f1.a(rcc.o)
flash_unlock                                      ../libopencm3/lib\libopencm3_stm32f1.a(flash_common_f.o)
                                                  src/bl-flash.o
flash_unlock_option_bytes                         ../libopencm3/lib\libopencm3_stm32f1.a(flash_common_all.o)
                                                  ../libopencm3/lib\libopencm3_stm32f1.a(flash_common_f01.o)
flash_unlock_upper                                ../libopencm3/lib\libopencm3_stm32f1.a(flash.o)
flash_wait_for_last_operation                     ../libopencm3/lib\libopencm3_stm32f1.a(flash_common_f01.o)
                                                  ../libopencm3/lib\libopencm3_stm32f1.a(flash.o)
fsmc_isr                                          ../libopencm3/lib\libopencm3_stm32f1.a(vector.o)
gpio_primary_remap                                ../libopencm3/lib\libopencm3_stm32f1.a(gpio.o)
gpio_secondary_remap                              ../libopencm3/lib\libopencm3_stm32f1.a(gpio.o)
gpio_set_eventout                                 ../libopencm3/lib\libopencm3_stm32f1.a(gpio.o)
gpio_set_mode                                     ../libopencm3/lib\libopencm3_stm32f1.a(gpio.o)
                                                  ../shared/src/core/uart.o
hard_fault_handler                                ../libopencm3/lib\libopencm3_stm32f1.a(vector.o)
i2c1_er_isr                                       ../libopencm3/lib\libopencm3_stm32f1.a(vector.o)
i2c1_ev_isr                                       ../libopencm3/lib\libopencm3_stm32f1.a(vector.o)
i2c2_er_isr                                       ../libopencm3/lib\libopencm3_stm32f1.a(vector.o)
i2c2_ev_isr                                       ../libopencm3/lib\libopencm3_stm32f1.a(vector.o)
main                                              src/bootloader.o
                                                  ../libopencm3/lib\libopencm3_stm32f1.a(vector.o)
mem_manage_handler                                ../libopencm3/lib\libopencm3_stm32f1.a(vector.o)
memset                                            D:/bin/../lib/gcc/arm-none-eabi/15.3.1/../../../../arm-none-eabi/lib/thumb/v7-m/nofp\libc.a(libc_a-memset.o)
                                                  src/comms.o
nmi_handler                                       ../libopencm3/lib\libopencm3_stm32f1.a(vector.o)
null_handler                                      ../libopencm3/lib\libopencm3_stm32f1.a(vector.o)
nvic_clear_pending_irq                            ../libopencm3/lib\libopencm3_stm32f1.a(nvic.o)
nvic_disable_irq                                  ../libopencm3/lib\libopencm3_stm32f1.a(nvic.o)
                                                  src/bootloader.o
nvic_enable_irq                                   ../libopencm3/lib\libopencm3_stm32f1.a(nvic.o)
                                                  ../shared/src/core/uart.o
nvic_generate_software_interrupt                  ../libopencm3/lib\libopencm3_stm32f1.a(nvic.o)
nvic_get_active_irq                               ../libopencm3/lib\libopencm3_stm32f1.a(nvic.o)
nvic_get_irq_enabled                              ../libopencm3/lib\libopencm3_stm32f1.a(nvic.o)
nvic_get_pending_irq                              ../libopencm3/lib\libopencm3_stm32f1.a(nvic.o)
nvic_set_pending_irq                              ../libopencm3/lib\libopencm3_stm32f1.a(nvic.o)
nvic_set_priority                                 ../libopencm3/lib\libopencm3_stm32f1.a(nvic.o)
otg_fs_isr                                        ../libopencm3/lib\libopencm3_stm32f1.a(vector.o)
pend_sv_handler                                   ../libopencm3/lib\libopencm3_stm32f1.a(vector.o)
pvd_isr                                           ../libopencm3/lib\libopencm3_stm32f1.a(vector.o)
rcc_ahb_frequency                                 ../libopencm3/lib\libopencm3_stm32f1.a(rcc.o)
rcc_apb1_frequency                                ../libopencm3/lib\libopencm3_stm32f1.a(rcc.o)
rcc_apb2_frequency                                ../libopencm3/lib\libopencm3_stm32f1.a(rcc.o)
rcc_backupdomain_reset                            ../libopencm3/lib\libopencm3_stm32f1.a(rcc.o)
rcc_clock_setup_in_hse_12mhz_out_72mhz            ../libopencm3/lib\libopencm3_stm32f1.a(rcc.o)
rcc_clock_setup_in_hse_16mhz_out_72mhz            ../libopencm3/lib\libopencm3_stm32f1.a(rcc.o)
rcc_clock_setup_in_hse_25mhz_out_72mhz            ../libopencm3/lib\libopencm3_stm32f1.a(rcc.o)
rcc_clock_setup_in_hse_8mhz_out_24mhz             ../libopencm3/lib\libopencm3_stm32f1.a(rcc.o)
rcc_clock_setup_in_hse_8mhz_out_72mhz             ../libopencm3/lib\libopencm3_stm32f1.a(rcc.o)
rcc_clock_setup_in_hsi_out_24mhz                  ../libopencm3/lib\libopencm3_stm32f1.a(rcc.o)
rcc_clock_setup_in_hsi_out_48mhz                  ../libopencm3/lib\libopencm3_stm32f1.a(rcc.o)
rcc_clock_setup_in_hsi_out_64mhz                  ../libopencm3/lib\libopencm3_stm32f1.a(rcc.o)
rcc_clock_setup_pll                               ../libopencm3/lib\libopencm3_stm32f1.a(rcc.o)
                                                  ../shared/src/core/system.o
rcc_css_disable                                   ../libopencm3/lib\libopencm3_stm32f1.a(rcc.o)
rcc_css_enable                                    ../libopencm3/lib\libopencm3_stm32f1.a(rcc.o)
rcc_css_int_clear                                 ../libopencm3/lib\libopencm3_stm32f1.a(rcc.o)
rcc_css_int_flag                                  ../libopencm3/lib\libopencm3_stm32f1.a(rcc.o)
rcc_enable_rtc_clock                              ../libopencm3/lib\libopencm3_stm32f1.a(rcc.o)
rcc_get_div_from_hpre                             ../libopencm3/lib\libopencm3_stm32f1.a(rcc_common_all.o)
rcc_get_i2c_clk_freq                              ../libopencm3/lib\libopencm3_stm32f1.a(rcc.o)
rcc_get_timer_clk_freq                            ../libopencm3/lib\libopencm3_stm32f1.a(rcc.o)
rcc_get_usart_clk_freq                            ../libopencm3/lib\libopencm3_stm32f1.a(rcc.o)
                                                  ../libopencm3/lib\libopencm3_stm32f1.a(usart_common_all.o)
rcc_hse_configs                                   ../libopencm3/lib\libopencm3_stm32f1.a(rcc.o)
                                                  ../shared/src/core/system.o
rcc_hsi_configs                                   ../libopencm3/lib\libopencm3_stm32f1.a(rcc.o)
rcc_is_osc_ready                                  ../libopencm3/lib\libopencm3_stm32f1.a(rcc.o)
rcc_isr                                           ../libopencm3/lib\libopencm3_stm32f1.a(vector.o)
rcc_osc_bypass_disable                            ../libopencm3/lib\libopencm3_stm32f1.a(rcc_common_all.o)
rcc_osc_bypass_enable                             ../libopencm3/lib\libopencm3_stm32f1.a(rcc_common_all.o)
rcc_osc_off                                       ../libopencm3/lib\libopencm3_stm32f1.a(rcc.o)
rcc_osc_on                                        ../libopencm3/lib\libopencm3_stm32f1.a(rcc.o)
rcc_osc_ready_int_clear                           ../libopencm3/lib\libopencm3_stm32f1.a(rcc.o)
rcc_osc_ready_int_disable                         ../libopencm3/lib\libopencm3_stm32f1.a(rcc.o)
rcc_osc_ready_int_enable                          ../libopencm3/lib\libopencm3_stm32f1.a(rcc.o)
rcc_osc_ready_int_flag                            ../libopencm3/lib\libopencm3_stm32f1.a(rcc.o)
rcc_periph_clock_disable                          ../libopencm3/lib\libopencm3_stm32f1.a(rcc_common_all.o)
rcc_periph_clock_enable                           ../libopencm3/lib\libopencm3_stm32f1.a(rcc_common_all.o)
                                                  ../shared/src/core/uart.o
rcc_periph_reset_hold                             ../libopencm3/lib\libopencm3_stm32f1.a(rcc_common_all.o)
rcc_periph_reset_pulse                            ../libopencm3/lib\libopencm3_stm32f1.a(rcc_common_all.o)
rcc_periph_reset_release                          ../libopencm3/lib\libopencm3_stm32f1.a(rcc_common_all.o)
rcc_peripheral_clear_reset                        ../libopencm3/lib\libopencm3_stm32f1.a(rcc_common_all.o)
rcc_peripheral_disable_clock                      ../libopencm3/lib\libopencm3_stm32f1.a(rcc_common_all.o)
rcc_peripheral_enable_clock                       ../libopencm3/lib\libopencm3_stm32f1.a(rcc_common_all.o)
rcc_peripheral_reset                              ../libopencm3/lib\libopencm3_stm32f1.a(rcc_common_all.o)
rcc_rtc_clock_enabled_flag                        ../libopencm3/lib\libopencm3_stm32f1.a(rcc.o)
rcc_set_adcpre                                    ../libopencm3/lib\libopencm3_stm32f1.a(rcc.o)
rcc_set_hpre                                      ../libopencm3/lib\libopencm3_stm32f1.a(rcc.o)
rcc_set_mco                                       ../libopencm3/lib\libopencm3_stm32f1.a(rcc_common_all.o)
rcc_set_pll2_multiplication_factor                ../libopencm3/lib\libopencm3_stm32f1.a(rcc.o)
rcc_set_pll3_multiplication_factor                ../libopencm3/lib\libopencm3_stm32f1.a(rcc.o)
rcc_set_pll_multiplication_factor                 ../libopencm3/lib\libopencm3_stm32f1.a(rcc.o)
rcc_set_pll_source                                ../libopencm3/lib\libopencm3_stm32f1.a(rcc.o)
rcc_set_pllxtpre                                  ../libopencm3/lib\libopencm3_stm32f1.a(rcc.o)
rcc_set_ppre1                                     ../libopencm3/lib\libopencm3_stm32f1.a(rcc.o)
rcc_set_ppre2                                     ../libopencm3/lib\libopencm3_stm32f1.a(rcc.o)
rcc_set_prediv1                                   ../libopencm3/lib\libopencm3_stm32f1.a(rcc.o)
rcc_set_prediv1_source                            ../libopencm3/lib\libopencm3_stm32f1.a(rcc.o)
rcc_set_prediv2                                   ../libopencm3/lib\libopencm3_stm32f1.a(rcc.o)
rcc_set_rtc_clock_source                          ../libopencm3/lib\libopencm3_stm32f1.a(rcc.o)
rcc_set_sysclk_source                             ../libopencm3/lib\libopencm3_stm32f1.a(rcc.o)
rcc_set_usbpre                                    ../libopencm3/lib\libopencm3_stm32f1.a(rcc.o)
rcc_system_clock_source                           ../libopencm3/lib\libopencm3_stm32f1.a(rcc.o)
rcc_wait_for_osc_ready                            ../libopencm3/lib\libopencm3_stm32f1.a(rcc.o)
reset_handler                                     ../libopencm3/lib\libopencm3_stm32f1.a(vector.o)
ring_buffer_empty                                 ../shared/src/core/ring-buffer.o
                                                  ../shared/src/core/uart.o
ring_buffer_read                                  ../shared/src/core/ring-buffer.o
                                                  ../shared/src/core/uart.o
ring_buffer_setup                                 ../shared/src/core/ring-buffer.o
                                                  ../shared/src/core/uart.o
ring_buffer_write                                 ../shared/src/core/ring-buffer.o
                                                  ../shared/src/core/uart.o
rtc_alarm_isr                                     ../libopencm3/lib\libopencm3_stm32f1.a(vector.o)
rtc_isr                                           ../libopencm3/lib\libopencm3_stm32f1.a(vector.o)
sdio_isr                                          ../libopencm3/lib\libopencm3_stm32f1.a(vector.o)
simple_timer_has_elapsed                          ../shared/src/core/simple-timer.o
                                                  src/bootloader.o
simple_timer_reset                                ../shared/src/core/simple-timer.o
                                                  src/bootloader.o
simple_timer_setup                                ../shared/src/core/simple-timer.o
                                                  src/bootloader.o
spi1_isr                                          ../libopencm3/lib\libopencm3_stm32f1.a(vector.o)
spi2_isr                                          ../libopencm3/lib\libopencm3_stm32f1.a(vector.o)
spi3_isr                                          ../libopencm3/lib\libopencm3_stm32f1.a(vector.o)
sv_call_handler                                   ../libopencm3/lib\libopencm3_stm32f1.a(vector.o)
sys_tick_handler                                  ../shared/src/core/system.o
system_delay                                      ../shared/src/core/system.o
system_get_ticks                                  ../shared/src/core/system.o
                                                  ../shared/src/core/simple-timer.o
system_setup                                      ../shared/src/core/system.o
                                                  src/bootloader.o
systick_clear                                     ../libopencm3/lib\libopencm3_stm32f1.a(systick.o)
                                                  ../shared/src/core/system.o
systick_counter_disable                           ../libopencm3/lib\libopencm3_stm32f1.a(systick.o)
                                                  src/bootloader.o
systick_counter_enable                            ../libopencm3/lib\libopencm3_stm32f1.a(systick.o)
                                                  ../shared/src/core/system.o
systick_get_calib                                 ../libopencm3/lib\libopencm3_stm32f1.a(systick.o)
systick_get_countflag                             ../libopencm3/lib\libopencm3_stm32f1.a(systick.o)
systick_get_reload                                ../libopencm3/lib\libopencm3_stm32f1.a(systick.o)
systick_get_value                                 ../libopencm3/lib\libopencm3_stm32f1.a(systick.o)
systick_interrupt_disable                         ../libopencm3/lib\libopencm3_stm32f1.a(systick.o)
                                                  src/bootloader.o
systick_interrupt_enable                          ../libopencm3/lib\libopencm3_stm32f1.a(systick.o)
                                                  ../shared/src/core/system.o
systick_set_clocksource                           ../libopencm3/lib\libopencm3_stm32f1.a(systick.o)
                                                  ../shared/src/core/system.o
systick_set_frequency                             ../libopencm3/lib\libopencm3_stm32f1.a(systick.o)
systick_set_reload                                ../libopencm3/lib\libopencm3_stm32f1.a(systick.o)
                                                  ../shared/src/core/system.o
tamper_isr                                        ../libopencm3/lib\libopencm3_stm32f1.a(vector.o)
tim1_brk_isr                                      ../libopencm3/lib\libopencm3_stm32f1.a(vector.o)
tim1_cc_isr                                       ../libopencm3/lib\libopencm3_stm32f1.a(vector.o)
tim1_trg_com_isr                                  ../libopencm3/lib\libopencm3_stm32f1.a(vector.o)
tim1_up_isr                                       ../libopencm3/lib\libopencm3_stm32f1.a(vector.o)
tim2_isr                                          ../libopencm3/lib\libopencm3_stm32f1.a(vector.o)
tim3_isr                                          ../libopencm3/lib\libopencm3_stm32f1.a(vector.o)
tim4_isr                                          ../libopencm3/lib\libopencm3_stm32f1.a(vector.o)
tim5_isr                                          ../libopencm3/lib\libopencm3_stm32f1.a(vector.o)
tim6_isr                                          ../libopencm3/lib\libopencm3_stm32f1.a(vector.o)
tim7_isr                                          ../libopencm3/lib\libopencm3_stm32f1.a(vector.o)
tim8_brk_isr                                      ../libopencm3/lib\libopencm3_stm32f1.a(vector.o)
tim8_cc_isr                                       ../libopencm3/lib\libopencm3_stm32f1.a(vector.o)
tim8_trg_com_isr                                  ../libopencm3/lib\libopencm3_stm32f1.a(vector.o)
tim8_up_isr                                       ../libopencm3/lib\libopencm3_stm32f1.a(vector.o)
uart4_isr                                         ../libopencm3/lib\libopencm3_stm32f1.a(vector.o)
uart5_isr                                         ../libopencm3/lib\libopencm3_stm32f1.a(vector.o)
uart_data_available                               ../shared/src/core/uart.o
                                                  src/comms.o
                                                  src/bootloader.o
uart_read                                         ../shared/src/core/uart.o
uart_read_byte                                    ../shared/src/core/uart.o
                                                  src/comms.o
                                                  src/bootloader.o
uart_setup                                        ../shared/src/core/uart.o
                                                  src/bootloader.o
uart_write                                        ../shared/src/core/uart.o
                                                  src/comms.o
uart_write_byte                                   ../shared/src/core/uart.o
                                                  src/bootloader.o
usage_fault_handler                               ../libopencm3/lib\libopencm3_stm32f1.a(vector.o)
usart1_isr                                        ../shared/src/core/uart.o
usart2_isr                                        ../libopencm3/lib\libopencm3_stm32f1.a(vector.o)
usart3_isr                                        ../libopencm3/lib\libopencm3_stm32f1.a(vector.o)
usart_disable                                     ../libopencm3/lib\libopencm3_stm32f1.a(usart_common_all.o)
usart_disable_error_interrupt                     ../libopencm3/lib\libopencm3_stm32f1.a(usart_common_all.o)
usart_disable_idle_interrupt                      ../libopencm3/lib\libopencm3_stm32f1.a(usart_common_all.o)
usart_disable_rx_dma                              ../libopencm3/lib\libopencm3_stm32f1.a(usart_common_all.o)
usart_disable_rx_interrupt                        ../libopencm3/lib\libopencm3_stm32f1.a(usart_common_all.o)
usart_disable_tx_complete_interrupt               ../libopencm3/lib\libopencm3_stm32f1.a(usart_common_all.o)
usart_disable_tx_dma                              ../libopencm3/lib\libopencm3_stm32f1.a(usart_common_all.o)
usart_disable_tx_interrupt                        ../libopencm3/lib\libopencm3_stm32f1.a(usart_common_all.o)
usart_enable                                      ../libopencm3/lib\libopencm3_stm32f1.a(usart_common_all.o)
                                                  ../shared/src/core/uart.o
usart_enable_error_interrupt                      ../libopencm3/lib\libopencm3_stm32f1.a(usart_common_all.o)
usart_enable_idle_interrupt                       ../libopencm3/lib\libopencm3_stm32f1.a(usart_common_all.o)
usart_enable_rx_dma                               ../libopencm3/lib\libopencm3_stm32f1.a(usart_common_all.o)
usart_enable_rx_interrupt                         ../libopencm3/lib\libopencm3_stm32f1.a(usart_common_all.o)
                                                  ../shared/src/core/uart.o
usart_enable_tx_complete_interrupt                ../libopencm3/lib\libopencm3_stm32f1.a(usart_common_all.o)
usart_enable_tx_dma                               ../libopencm3/lib\libopencm3_stm32f1.a(usart_common_all.o)
usart_enable_tx_interrupt                         ../libopencm3/lib\libopencm3_stm32f1.a(usart_common_all.o)
usart_get_baudrate                                ../libopencm3/lib\libopencm3_stm32f1.a(usart_common_all.o)
usart_get_databits                                ../libopencm3/lib\libopencm3_stm32f1.a(usart_common_all.o)
usart_get_flag                                    ../libopencm3/lib\libopencm3_stm32f1.a(usart_common_f124.o)
                                                  ../shared/src/core/uart.o
usart_get_parity                                  ../libopencm3/lib\libopencm3_stm32f1.a(usart_common_all.o)
usart_get_stopbits                                ../libopencm3/lib\libopencm3_stm32f1.a(usart_common_all.o)
usart_recv                                        ../libopencm3/lib\libopencm3_stm32f1.a(usart_common_f124.o)
                                                  ../libopencm3/lib\libopencm3_stm32f1.a(usart_common_all.o)
                                                  ../shared/src/core/uart.o
usart_recv_blocking                               ../libopencm3/lib\libopencm3_stm32f1.a(usart_common_all.o)
usart_send                                        ../libopencm3/lib\libopencm3_stm32f1.a(usart_common_f124.o)
                                                  ../libopencm3/lib\libopencm3_stm32f1.a(usart_common_all.o)
usart_send_blocking                               ../libopencm3/lib\libopencm3_stm32f1.a(usart_common_all.o)
                                                  ../shared/src/core/uart.o
usart_set_baudrate                                ../libopencm3/lib\libopencm3_stm32f1.a(usart_common_all.o)
                                                  ../shared/src/core/uart.o
usart_set_databits                                ../libopencm3/lib\libopencm3_stm32f1.a(usart_common_all.o)
                                                  ../shared/src/core/uart.o
usart_set_flow_control                            ../libopencm3/lib\libopencm3_stm32f1.a(usart_common_all.o)
                                                  ../shared/src/core/uart.o
usart_set_mode                                    ../libopencm3/lib\libopencm3_stm32f1.a(usart_common_all.o)
                                                  ../shared/src/core/uart.o
usart_set_parity                                  ../libopencm3/lib\libopencm3_stm32f1.a(usart_common_all.o)
                                                  ../shared/src/core/uart.o
usart_set_stopbits                                ../libopencm3/lib\libopencm3_stm32f1.a(usart_common_all.o)
                                                  ../shared/src/core/uart.o
usart_wait_recv_ready                             ../libopencm3/lib\libopencm3_stm32f1.a(usart_common_f124.o)
                                                  ../libopencm3/lib\libopencm3_stm32f1.a(usart_common_all.o)
usart_wait_send_ready                             ../libopencm3/lib\libopencm3_stm32f1.a(usart_common_f124.o)
                                                  ../libopencm3/lib\libopencm3_stm32f1.a(usart_common_all.o)
usb_hp_can_tx_isr                                 ../libopencm3/lib\libopencm3_stm32f1.a(vector.o)
usb_lp_can_rx0_isr                                ../libopencm3/lib\libopencm3_stm32f1.a(vector.o)
usb_wakeup_isr                                    ../libopencm3/lib\libopencm3_stm32f1.a(vector.o)
vector_table                                      ../libopencm3/lib\libopencm3_stm32f1.a(vector.o)
wwdg_isr                                          ../libopencm3/lib\libopencm3_stm32f1.a(vector.o)
