Archive member included to satisfy reference by file (symbol)

../libopencm3/lib\libopencm3_stm32f1.a(flash.o)
                              src/bl-flash.o (flash_program_half_word)
../libopencm3/lib\libopencm3_stm32f1.a(flash_common_f.o)
                              src/bl-flash.o (flash_unlock)
../libopencm3/lib\libopencm3_stm32f1.a(flash_common_f01.o)
                              ../libopencm3/lib\libopencm3_stm32f1.a(flash.o) (flash_clear_pgerr_flag)
../libopencm3/lib\libopencm3_stm32f1.a(gpio.o)
                              src/bootloader.o (gpio_set_mode)
../libopencm3/lib\libopencm3_stm32f1.a(rcc.o)
                              ../shared/src/core/system.o (rcc_clock_setup_pll)
../libopencm3/lib\libopencm3_stm32f1.a(rcc_common_all.o)
                              ../shared/src/core/uart.o (rcc_periph_clock_enable)
../libopencm3/lib\libopencm3_stm32f1.a(usart_common_all.o)
                              ../shared/src/core/uart.o (usart_set_baudrate)
../libopencm3/lib\libopencm3_stm32f1.a(usart_common_f124.o)
                              ../libopencm3/lib\libopencm3_stm32f1.a(usart_common_all.o) (usart_send)
../libopencm3/lib\libopencm3_stm32f1.a(vector.o)
                              (reset_handler)
../libopencm3/lib\libopencm3_stm32f1.a(systick.o)
                              ../shared/src/core/system.o (systick_set_reload)
../libopencm3/lib\libopencm3_stm32f1.a(nvic.o)
                              ../shared/src/core/uart.o (nvic_enable_irq)
../libopencm3/lib\libopencm3_stm32f1.a(assert.o)
                              ../libopencm3/lib\libopencm3_stm32f1.a(rcc.o) (cm3_assert_failed)
../libopencm3/lib\libopencm3_stm32f1.a(desig_common_v1.o)
                              ../libopencm3/lib\libopencm3_stm32f1.a(flash.o) (desig_get_flash_size)
../libopencm3/lib\libopencm3_stm32f1.a(flash_common_all.o)
                              ../libopencm3/lib\libopencm3_stm32f1.a(rcc.o) (flash_set_ws)
D:/bin/../lib/gcc/arm-none-eabi/15.3.1/../../../../arm-none-eabi/lib/thumb/v7-m/nofp\libc.a(libc_a-memset.o)
                              src/comms.o (memset)

Discarded input sections

 .group         0x00000000        0xc src/bootloader.o
 .group         0x00000000        0xc src/bootloader.o
 .group         0x00000000        0xc src/bootloader.o
 .group         0x00000000        0xc src/bootloader.o
 .group         0x00000000        0xc src/bootloader.o
 .group         0x00000000        0xc src/bootloader.o
 .group         0x00000000        0xc src/bootloader.o
 .group         0x00000000        0xc src/bootloader.o
 .group         0x00000000        0xc src/bootloader.o
 .group         0x00000000        0xc src/bootloader.o
 .group         0x00000000        0xc src/bootloader.o
 .group         0x00000000        0xc src/bootloader.o
 .group         0x00000000        0xc src/bootloader.o
 .group         0x00000000        0xc src/bootloader.o
 .group         0x00000000        0xc src/bootloader.o
 .group         0x00000000        0xc src/bootloader.o
 .text          0x00000000        0x0 src/bootloader.o
 .data          0x00000000        0x0 src/bootloader.o
 .bss           0x00000000        0x0 src/bootloader.o
 .group         0x00000000        0xc src/bl-flash.o
 .group         0x00000000        0xc src/bl-flash.o
 .group         0x00000000        0xc src/bl-flash.o
 .group         0x00000000        0xc src/bl-flash.o
 .group         0x00000000        0xc src/bl-flash.o
 .group         0x00000000        0xc src/bl-flash.o
 .group         0x00000000        0xc src/bl-flash.o
 .group         0x00000000        0xc src/bl-flash.o
 .group         0x00000000        0xc src/bl-flash.o
 .group         0x00000000        0xc src/bl-flash.o
 .group         0x00000000        0xc src/bl-flash.o
 .group         0x00000000        0xc src/bl-flash.o
 .group         0x00000000        0xc src/bl-flash.o
 .group         0x00000000        0xc src/bl-flash.o
 .text          0x00000000        0x0 src/bl-flash.o
 .data          0x00000000        0x0 src/bl-flash.o
 .bss           0x00000000        0x0 src/bl-flash.o
 .text.bl_flash_erase_main_application
                0x00000000       0x28 src/bl-flash.o
 .text.bl_flash_write
                0x00000000       0x3e src/bl-flash.o
 .debug_info    0x00000000      0x1fc src/bl-flash.o
 .debug_abbrev  0x00000000      0x135 src/bl-flash.o
 .debug_loclists
                0x00000000       0xe6 src/bl-flash.o
 .debug_aranges
                0x00000000       0x28 src/bl-flash.o
 .debug_rnglists
                0x00000000       0x28 src/bl-flash.o
 .debug_macro   0x00000000       0xec src/bl-flash.o
 .debug_macro   0x00000000      0xad2 src/bl-flash.o
 .debug_macro   0x00000000       0x1c src/bl-flash.o
 .debug_macro   0x00000000       0x22 src/bl-flash.o
 .debug_macro   0x00000000       0x56 src/bl-flash.o
 .debug_macro   0x00000000       0x6d src/bl-flash.o
 .debug_macro   0x00000000      0x103 src/bl-flash.o
 .debug_macro   0x00000000       0x6a src/bl-flash.o
[...]
Memory Configuration

Name             Origin             Length             Attributes
ram              0x20000000         0x00010000         xrw
rom              0x08000000         0x00008000         xr
*default*        0x00000000         0xffffffff

Linker script and memory map

LOAD src/bootloader.o
LOAD src/bl-flash.o
LOAD src/comms.o
LOAD ../shared/src/core/system.o
LOAD ../shared/src/core/uart.o
LOAD ../shared/src/core/ring-buffer.o
LOAD ../shared/src/core/crc8.o
LOAD ../libopencm3/lib\libopencm3_stm32f1.a
START GROUP
LOAD D:/bin/../lib/gcc/arm-none-eabi/15.3.1/../../../../arm-none-eabi/lib/thumb/v7-m/nofp\libc.a
LOAD D:/bin/../lib/gcc/arm-none-eabi/15.3.1/thumb/v7-m/nofp\libgcc.a
LOAD D:/bin/../lib/gcc/arm-none-eabi/15.3.1/../../../../arm-none-eabi/lib/thumb/v7-m/nofp\libnosys.a
END GROUP
START GROUP
LOAD D:/bin/../lib/gcc/arm-none-eabi/15.3.1/thumb/v7-m/nofp\libgcc.a
LOAD D:/bin/../lib/gcc/arm-none-eabi/15.3.1/../../../../arm-none-eabi/lib/thumb/v7-m/nofp\libg.a
LOAD D:/bin/../lib/gcc/arm-none-eabi/15.3.1/../../../../arm-none-eabi/lib/thumb/v7-m/nofp\libc.a
END GROUP

.text           0x08000000      0xc5c
 *(.vectors)
 .vectors       0x08000000      0x150 ../libopencm3/lib\libopencm3_stm32f1.a(vector.o)
                0x08000000                vector_table
 *(.text*)
 .text.application_is_valid
                0x08000150       0x3c src/bootloader.o
 .text.uart_write_string
                0x0800018c       0x12 src/bootloader.o
 *fill*         0x0800019e        0x2 
 .text.uart_write_hex32
                0x080001a0       0x2c src/bootloader.o
 .text.startup.main
                0x080001cc       0xcc src/bootloader.o
                0x080001cc                main
 .text.comms_is_single_byte_packet
                0x08000298       0x24 src/comms.o
 .text.comms_compute_crc
                0x080002bc       0x2c src/comms.o
                0x080002bc                comms_compute_crc
 .text.comms_setup
                0x080002e8       0x6c src/comms.o
                0x080002e8                comms_setup
 .text.comms_write
                0x08000354       0x80 src/comms.o
                0x08000354                comms_write
 .text.system_setup
                0x080003d4       0x2c ../shared/src/core/system.o
                0x080003d4                system_setup
 .text.sys_tick_handler
                0x08000400       0x10 ../shared/src/core/system.o
                0x08000400                sys_tick_handler
 .text.system_delay
                0x08000410       0x14 ../shared/src/core/system.o
                0x08000410                system_delay
 .text.uart_setup
                0x08000424       0x98 ../shared/src/core/uart.o
                0x08000424                uart_setup
 .text.usart1_isr
                0x080004bc       0x34 ../shared/src/core/uart.o
                0x080004bc                usart1_isr
 .text.uart_write_byte
                0x080004f0        0xc ../shared/src/core/uart.o
                0x080004f0                uart_write_byte
 .text.uart_write
                0x080004fc       0x18 ../shared/src/core/uart.o
                0x080004fc                uart_write
 .text.ring_buffer_setup
                0x08000514       0x1e ../shared/src/core/ring-buffer.o
                0x08000514                ring_buffer_setup
 .text.ring_buffer_write
                0x08000532       0x22 ../shared/src/core/ring-buffer.o
                0x08000532                ring_buffer_write
 .text.crc8     0x08000554       0x30 ../shared/src/core/crc8.o
                0x08000554                crc8
 .text.gpio_set_mode
                0x08000584       0x6a ../libopencm3/lib\libopencm3_stm32f1.a(gpio.o)
                0x08000584                gpio_set_mode
 *fill*         0x080005ee        0x2 
 .text.rcc_is_osc_ready
                0x080005f0       0x58 ../libopencm3/lib\libopencm3_stm32f1.a(rcc.o)
                0x080005f0                rcc_is_osc_ready
 .text.rcc_wait_for_osc_ready
                0x08000648       0x10 ../libopencm3/lib\libopencm3_stm32f1.a(rcc.o)
                0x08000648                rcc_wait_for_osc_ready
 .text.rcc_osc_on
                0x08000658       0x60 ../libopencm3/lib\libopencm3_stm32f1.a(rcc.o)
                0x08000658                rcc_osc_on
 .text.rcc_set_sysclk_source
                0x080006b8       0x14 ../libopencm3/lib\libopencm3_stm32f1.a(rcc.o)
                0x080006b8                rcc_set_sysclk_source
 .text.rcc_set_pll_multiplication_factor
                0x080006cc       0x14 ../libopencm3/lib\libopencm3_stm32f1.a(rcc.o)
                0x080006cc                rcc_set_pll_multiplication_factor
 .text.rcc_set_pll2_multiplication_factor
                0x080006e0       0x14 ../libopencm3/lib\libopencm3_stm32f1.a(rcc.o)
                0x080006e0                rcc_set_pll2_multiplication_factor
 .text.rcc_set_pll3_multiplication_factor
                0x080006f4       0x14 ../libopencm3/lib\libopencm3_stm32f1.a(rcc.o)
                0x080006f4                rcc_set_pll3_multiplication_factor
 .text.rcc_set_pll_source
                0x08000708       0x14 ../libopencm3/lib\libopencm3_stm32f1.a(rcc.o)
                0x08000708                rcc_set_pll_source
 .text.rcc_set_pllxtpre
                0x0800071c       0x14 ../libopencm3/lib\libopencm3_stm32f1.a(rcc.o)
                0x0800071c                rcc_set_pllxtpre
 .text.rcc_set_adcpre
                0x08000730       0x14 ../libopencm3/lib\libopencm3_stm32f1.a(rcc.o)
                0x08000730                rcc_set_adcpre
 .text.rcc_set_ppre2
                0x08000744       0x14 ../libopencm3/lib\libopencm3_stm32f1.a(rcc.o)
                0x08000744                rcc_set_ppre2
 .text.rcc_set_ppre1
                0x08000758       0x14 ../libopencm3/lib\libopencm3_stm32f1.a(rcc.o)
                0x08000758                rcc_set_ppre1
 .text.rcc_set_hpre
                0x0800076c       0x14 ../libopencm3/lib\libopencm3_stm32f1.a(rcc.o)
                0x0800076c                rcc_set_hpre
 .text.rcc_set_usbpre
                0x08000780       0x18 ../libopencm3/lib\libopencm3_stm32f1.a(rcc.o)
                0x08000780                rcc_set_usbpre
 .text.rcc_set_prediv1
                0x08000798       0x14 ../libopencm3/lib\libopencm3_stm32f1.a(rcc.o)
                0x08000798                rcc_set_prediv1
 .text.rcc_set_prediv2
                0x080007ac       0x14 ../libopencm3/lib\libopencm3_stm32f1.a(rcc.o)
                0x080007ac                rcc_set_prediv2
 .text.rcc_set_prediv1_source
                0x080007c0       0x18 ../libopencm3/lib\libopencm3_stm32f1.a(rcc.o)
                0x080007c0                rcc_set_prediv1_source
 .text.rcc_clock_setup_pll
                0x080007d8       0xbc ../libopencm3/lib\libopencm3_stm32f1.a(rcc.o)
                0x080007d8                rcc_clock_setup_pll
 .text.rcc_get_usart_clk_freq
                0x08000894       0x1c ../libopencm3/lib\libopencm3_stm32f1.a(rcc.o)
                0x08000894                rcc_get_usart_clk_freq
 .text.rcc_periph_clock_enable
                0x080008b0       0x1a ../libopencm3/lib\libopencm3_stm32f1.a(rcc_common_all.o)
                0x080008b0                rcc_periph_clock_enable
 .text.usart_set_baudrate
                0x080008ca       0x16 ../libopencm3/lib\libopencm3_stm32f1.a(usart_common_all.o)
                0x080008ca                usart_set_baudrate
 .text.usart_set_databits
                0x080008e0       0x12 ../libopencm3/lib\libopencm3_stm32f1.a(usart_common_all.o)
                0x080008e0                usart_set_databits
 .text.usart_set_stopbits
                0x080008f2        0xc ../libopencm3/lib\libopencm3_stm32f1.a(usart_common_all.o)
                0x080008f2                usart_set_stopbits
 .text.usart_set_parity
                0x080008fe        0xc ../libopencm3/lib\libopencm3_stm32f1.a(usart_common_all.o)
                0x080008fe                usart_set_parity
 .text.usart_set_mode
                0x0800090a        0xc ../libopencm3/lib\libopencm3_stm32f1.a(usart_common_all.o)
                0x0800090a                usart_set_mode
 .text.usart_set_flow_control
                0x08000916        0xc ../libopencm3/lib\libopencm3_stm32f1.a(usart_common_all.o)
                0x08000916                usart_set_flow_control
 .text.usart_enable
                0x08000922        0xa ../libopencm3/lib\libopencm3_stm32f1.a(usart_common_all.o)
                0x08000922                usart_enable
 .text.usart_send_blocking
                0x0800092c       0x16 ../libopencm3/lib\libopencm3_stm32f1.a(usart_common_all.o)
                0x0800092c                usart_send_blocking
 .text.usart_enable_rx_interrupt
                0x08000942        0xa ../libopencm3/lib\libopencm3_stm32f1.a(usart_common_all.o)
                0x08000942                usart_enable_rx_interrupt
 .text.usart_send
                0x0800094c        0x8 ../libopencm3/lib\libopencm3_stm32f1.a(usart_common_f124.o)
                0x0800094c                usart_send
 .text.usart_recv
                0x08000954        0x8 ../libopencm3/lib\libopencm3_stm32f1.a(usart_common_f124.o)
                0x08000954                usart_recv
 .text.usart_wait_send_ready
                0x0800095c        0x8 ../libopencm3/lib\libopencm3_stm32f1.a(usart_common_f124.o)
                0x0800095c                usart_wait_send_ready
 .text.usart_get_flag
                0x08000964        0xc ../libopencm3/lib\libopencm3_stm32f1.a(usart_common_f124.o)
                0x08000964                usart_get_flag
 .text.blocking_handler
                0x08000970        0x2 ../libopencm3/lib\libopencm3_stm32f1.a(vector.o)
                0x08000970                usart3_isr
                0x08000970                rtc_isr
                0x08000970                tim7_isr
                0x08000970                adc1_2_isr
                0x08000970                tim1_trg_com_isr
                0x08000970                usb_hp_can_tx_isr
                0x08000970                tim6_isr
                0x08000970                usb_wakeup_isr
                0x08000970                blocking_handler
                0x08000970                tim5_isr
                0x08000970                otg_fs_isr
                0x08000970                spi1_isr
                0x08000970                exti2_isr
                0x08000970                dma1_channel6_isr
                0x08000970                can_rx1_isr
                0x08000970                dma1_channel5_isr
                0x08000970                dma2_channel5_isr
                0x08000970                usage_fault_handler
                0x08000970                tim8_trg_com_isr
                0x08000970                can2_rx0_isr
                0x08000970                tim1_brk_isr
                0x08000970                can2_rx1_isr
                0x08000970                tim1_cc_isr
                0x08000970                sdio_isr
                0x08000970                eth_isr
                0x08000970                dma1_channel4_isr
                0x08000970                tim8_brk_isr
                0x08000970                dma2_channel4_5_isr
                0x08000970                pvd_isr
                0x08000970                rcc_isr
                0x08000970                flash_isr
                0x08000970                uart4_isr
                0x08000970                rtc_alarm_isr
                0x08000970                exti15_10_isr
                0x08000970                hard_fault_handler
                0x08000970                exti1_isr
                0x08000970                i2c1_ev_isr
                0x08000970                dma2_channel1_isr
                0x08000970                spi2_isr
                0x08000970                tim8_up_isr
                0x08000970                dma2_channel2_isr
                0x08000970                exti3_isr
                0x08000970                adc3_isr
                0x08000970                tim3_isr
                0x08000970                usart2_isr
                0x08000970                usb_lp_can_rx0_isr
                0x08000970                i2c2_er_isr
                0x08000970                i2c2_ev_isr
                0x08000970                uart5_isr
                0x08000970                fsmc_isr
                0x08000970                dma1_channel1_isr
                0x08000970                exti4_isr
                0x08000970                mem_manage_handler
                0x08000970                can2_tx_isr
                0x08000970                exti9_5_isr
                0x08000970                dma2_channel3_isr
                0x08000970                dma1_channel7_isr
                0x08000970                tim1_up_isr
                0x08000970                can2_sce_isr
                0x08000970                tim4_isr
                0x08000970                dma1_channel2_isr
                0x08000970                i2c1_er_isr
                0x08000970                can_sce_isr
                0x08000970                tim8_cc_isr
                0x08000970                tamper_isr
                0x08000970                eth_wkup_isr
                0x08000970                bus_fault_handler
                0x08000970                wwdg_isr
                0x08000970                dma1_channel3_isr
                0x08000970                spi3_isr
                0x08000970                tim2_isr
                0x08000970                exti0_isr
 .text.null_handler
                0x08000972        0x2 ../libopencm3/lib\libopencm3_stm32f1.a(vector.o)
                0x08000972                sv_call_handler
                0x08000972                pend_sv_handler
                0x08000972                debug_monitor_handler
                0x08000972                nmi_handler
                0x08000972                null_handler
 .text.reset_handler
                0x08000974       0x94 ../libopencm3/lib\libopencm3_stm32f1.a(vector.o)
                0x08000974                reset_handler
 .text.systick_set_reload
                0x08000a08        0xc ../libopencm3/lib\libopencm3_stm32f1.a(systick.o)
                0x08000a08                systick_set_reload
 .text.systick_set_clocksource
                0x08000a14       0x14 ../libopencm3/lib\libopencm3_stm32f1.a(systick.o)
                0x08000a14                systick_set_clocksource
 .text.systick_interrupt_enable
                0x08000a28        0xe ../libopencm3/lib\libopencm3_stm32f1.a(systick.o)
                0x08000a28                systick_interrupt_enable
 .text.systick_counter_enable
                0x08000a36        0xe ../libopencm3/lib\libopencm3_stm32f1.a(systick.o)
                0x08000a36                systick_counter_enable
 .text.systick_clear
                0x08000a44        0xa ../libopencm3/lib\libopencm3_stm32f1.a(systick.o)
                0x08000a44                systick_clear
 .text.nvic_enable_irq
                0x08000a4e       0x18 ../libopencm3/lib\libopencm3_stm32f1.a(nvic.o)
                0x08000a4e                nvic_enable_irq
 *fill*         0x08000a66        0x2 
 .text.flash_set_ws
                0x08000a68       0x14 ../libopencm3/lib\libopencm3_stm32f1.a(flash_common_all.o)
                0x08000a68                flash_set_ws
 .text.memset   0x08000a7c       0x88 D:/bin/../lib/gcc/arm-none-eabi/15.3.1/../../../../arm-none-eabi/lib/thumb/v7-m/nofp\libc.a(libc_a-memset.o)
                0x08000a7c                memset
                0x08000b04                        . = ALIGN (0x4)
 *(.rodata*)
 .rodata.uart_write_hex32.str1.1
                0x08000b04       0xa9 src/bootloader.o
                                  0x3 (size before relaxing)
 .rodata.main.str1.1
                0x08000bad        0x0 src/bootloader.o
                                 0xa6 (size before relaxing)
 .rodata.hex_digits.0
                0x08000bad       0x11 src/bootloader.o
 .rodata        0x08000bbe       0x12 src/bootloader.o
 .rodata.rcc_hse_configs
                0x08000bd0       0x8c ../libopencm3/lib\libopencm3_stm32f1.a(rcc.o)
                0x08000bd0                rcc_hse_configs
                0x08000c5c                        . = ALIGN (0x4)

.glue_7         0x08000c5c        0x0
 .glue_7        0x08000c5c        0x0 linker stubs

.glue_7t        0x08000c5c        0x0
 .glue_7t       0x08000c5c        0x0 linker stubs

.vfp11_veneer   0x08000c5c        0x0
 .vfp11_veneer  0x08000c5c        0x0 linker stubs

.v4_bx          0x08000c5c        0x0
 .v4_bx         0x08000c5c        0x0 linker stubs

.iplt           0x08000c5c        0x0
 .iplt          0x08000c5c        0x0 src/bootloader.o

.rel.dyn        0x08000c5c        0x0
 .rel.iplt      0x08000c5c        0x0 src/bootloader.o

.preinit_array  0x08000c5c        0x0
                0x08000c5c                        . = ALIGN (0x4)
                0x08000c5c                        __preinit_array_start = .
 *(.preinit_array)
                0x08000c5c                        __preinit_array_end = .

.init_array     0x08000c5c        0x0
                0x08000c5c                        . = ALIGN (0x4)
                0x08000c5c                        __init_array_start = .
 *(SORT_BY_NAME(.init_array.*))
 *(.init_array)
                0x08000c5c                        __init_array_end = .

.fini_array     0x08000c5c        0x0
                0x08000c5c                        . = ALIGN (0x4)
                0x08000c5c                        __fini_array_start = .
 *(.fini_array)
 *(SORT_BY_NAME(.fini_array.*))
                0x08000c5c                        __fini_array_end = .

.ARM.extab
 *(.ARM.extab*)

.ARM.exidx      0x08000c5c        0x0
                0x08000c5c                        __exidx_start = .
 *(.ARM.exidx*)
                0x08000c5c                        __exidx_end = .
                0x08000c5c                        . = ALIGN (0x4)
                0x08000c5c                        _etext = .

.noinit
 *(.noinit*)
                0x08000c5c                        . = ALIGN (0x4)

.data           0x20000000        0xc load address 0x08000c5c
                0x20000000                        _data = .
 *(.data*)
 .data.rcc_ahb_frequency
                0x20000000        0x4 ../libopencm3/lib\libopencm3_stm32f1.a(rcc.o)
                0x20000000                rcc_ahb_frequency
 .data.rcc_apb2_frequency
                0x20000004        0x4 ../libopencm3/lib\libopencm3_stm32f1.a(rcc.o)
                0x20000004                rcc_apb2_frequency
 .data.rcc_apb1_frequency
                0x20000008        0x4 ../libopencm3/lib\libopencm3_stm32f1.a(rcc.o)
                0x20000008                rcc_apb1_frequency
 *(.ramtext*)
                0x2000000c                        . = ALIGN (0x4)
                0x2000000c                        _edata = .
                0x08000c5c                        _data_loadaddr = LOADADDR (.data)

.igot.plt       0x2000000c        0x0 load address 0x08000c68
 .igot.plt      0x2000000c        0x0 src/bootloader.o

.bss            0x2000000c       0x98 load address 0x08000c68
 *(.bss*)
 .bss.packet_write_index
                0x2000000c        0x4 src/comms.o
 .bss.packet_read_index
                0x20000010        0x4 src/comms.o
 .bss.last_transmitted_packet_valid
                0x20000014        0x1 src/comms.o
 .bss.last_transmitted_packet
                0x20000015       0x12 src/comms.o
 .bss.ack_packet
                0x20000027       0x12 src/comms.o
 .bss.retx_packet
                0x20000039       0x12 src/comms.o
 .bss.data_byte_count
                0x2000004b        0x1 src/comms.o
 .bss.state     0x2000004c        0x1 src/comms.o
 *fill*         0x2000004d        0x3 
 .bss.ms_ticks  0x20000050        0x4 ../shared/src/core/system.o
 .bss.rb        0x20000054       0x10 ../shared/src/core/uart.o
 .bss.data_buffer
                0x20000064       0x40 ../shared/src/core/uart.o
 *(COMMON)
                0x200000a4                        . = ALIGN (0x4)
                0x200000a4                        _ebss = .

/DISCARD/
 *(.eh_frame)
                0x200000a4                        . = ALIGN (0x4)
                0x200000a4                        end = .
                0x20010000                        PROVIDE (_stack = (ORIGIN (ram) + LENGTH (ram)))
OUTPUT(bootloader.elf elf32-littlearm)
LOAD linker stubs

.debug_info     0x00000000     0x4849
 .debug_info    0x00000000      0x4e9 src/bootloader.o
 .debug_info    0x000004e9      0x5d7 src/comms.o
 .debug_info    0x00000ac0      0x35b ../shared/src/core/system.o
 .debug_info    0x00000e1b      0x8fa ../shared/src/core/uart.o
 .debug_info    0x00001715      0x24a ../shared/src/core/ring-buffer.o
 .debug_info    0x0000195f      0x12b ../shared/src/core/crc8.o
 .debug_info    0x00001a8a      0x1fd ../libopencm3/lib\libopencm3_stm32f1.a(gpio.o)
 .debug_info    0x00001c87     0x14d0 ../libopencm3/lib\libopencm3_stm32f1.a(rcc.o)
 .debug_info    0x00003157      0x60d ../libopencm3/lib\libopencm3_stm32f1.a(rcc_common_all.o)
 .debug_info    0x00003764      0x6d1 ../libopencm3/lib\libopencm3_stm32f1.a(usart_common_all.o)
 .debug_info    0x00003e35      0x192 ../libopencm3/lib\libopencm3_stm32f1.a(usart_common_f124.o)
 .debug_info    0x00003fc7      0x2c4 ../libopencm3/lib\libopencm3_stm32f1.a(vector.o)
 .debug_info    0x0000428b      0x28f ../libopencm3/lib\libopencm3_stm32f1.a(systick.o)
 .debug_info    0x0000451a      0x239 ../libopencm3/lib\libopencm3_stm32f1.a(nvic.o)
 .debug_info    0x00004753       0xf6 ../libopencm3/lib\libopencm3_stm32f1.a(flash_common_all.o)

.debug_abbrev   0x00000000     0x1689
 .debug_abbrev  0x00000000      0x26a src/bootloader.o
 .debug_abbrev  0x0000026a      0x2ce src/comms.o
 .debug_abbrev  0x00000538      0x1f2 ../shared/src/core/system.o
 .debug_abbrev  0x0000072a      0x254 ../shared/src/core/uart.o
 .debug_abbrev  0x0000097e       0xfa ../shared/src/core/ring-buffer.o
 .debug_abbrev  0x00000a78       0x9c ../shared/src/core/crc8.o
 .debug_abbrev  0x00000b14       0xd3 ../libopencm3/lib\libopencm3_stm32f1.a(gpio.o)
 .debug_abbrev  0x00000be7      0x2be ../libopencm3/lib\libopencm3_stm32f1.a(rcc.o)
 .debug_abbrev  0x00000ea5      0x185 ../libopencm3/lib\libopencm3_stm32f1.a(rcc_common_all.o)
 .debug_abbrev  0x0000102a      0x1bf ../libopencm3/lib\libopencm3_stm32f1.a(usart_common_all.o)
 .debug_abbrev  0x000011e9       0xb6 ../libopencm3/lib\libopencm3_stm32f1.a(usart_common_f124.o)
 .debug_abbrev  0x0000129f      0x149 ../libopencm3/lib\libopencm3_stm32f1.a(vector.o)
 .debug_abbrev  0x000013e8      0x14e ../libopencm3/lib\libopencm3_stm32f1.a(systick.o)
 .debug_abbrev  0x00001536       0xb6 ../libopencm3/lib\libopencm3_stm32f1.a(nvic.o)
 .debug_abbrev  0x000015ec       0x9d ../libopencm3/lib\libopencm3_stm32f1.a(flash_common_all.o)

.debug_loclists
                0x00000000      0xf93
 .debug_loclists
                0x00000000       0xe5 src/bootloader.o
 .debug_loclists
                0x000000e5      0x12b src/comms.o
 .debug_loclists
                0x00000210       0x17 ../shared/src/core/system.o
 .debug_loclists
                0x00000227      0x14a ../shared/src/core/uart.o
 .debug_loclists
                0x00000371      0x14b ../shared/src/core/ring-buffer.o
 .debug_loclists
                0x000004bc       0xcd ../shared/src/core/crc8.o
 .debug_loclists
                0x00000589      0x107 ../libopencm3/lib\libopencm3_stm32f1.a(gpio.o)
 .debug_loclists
                0x00000690      0x2cb ../libopencm3/lib\libopencm3_stm32f1.a(rcc.o)
 .debug_loclists
                0x0000095b       0x97 ../libopencm3/lib\libopencm3_stm32f1.a(rcc_common_all.o)
 .debug_loclists
                0x000009f2      0x1b8 ../libopencm3/lib\libopencm3_stm32f1.a(usart_common_all.o)
 .debug_loclists
                0x00000baa       0x79 ../libopencm3/lib\libopencm3_stm32f1.a(usart_common_f124.o)
 .debug_loclists
                0x00000c23       0xa8 ../libopencm3/lib\libopencm3_stm32f1.a(vector.o)
 .debug_loclists
                0x00000ccb      0x192 ../libopencm3/lib\libopencm3_stm32f1.a(systick.o)
 .debug_loclists
                0x00000e5d      0x111 ../libopencm3/lib\libopencm3_stm32f1.a(nvic.o)
 .debug_loclists
                0x00000f6e       0x25 ../libopencm3/lib\libopencm3_stm32f1.a(flash_common_all.o)

.debug_aranges  0x00000000      0x608
 .debug_aranges
                0x00000000       0x38 src/bootloader.o
 .debug_aranges
                0x00000038       0x50 src/comms.o
 .debug_aranges
                0x00000088       0x38 ../shared/src/core/system.o
 .debug_aranges
                0x000000c0       0x50 ../shared/src/core/uart.o
 .debug_aranges
                0x00000110       0x38 ../shared/src/core/ring-buffer.o
 .debug_aranges
                0x00000148       0x20 ../shared/src/core/crc8.o
 .debug_aranges
                0x00000168       0x38 ../libopencm3/lib\libopencm3_stm32f1.a(gpio.o)
 .debug_aranges
                0x000001a0      0x170 ../libopencm3/lib\libopencm3_stm32f1.a(rcc.o)
 .debug_aranges
                0x00000310       0x80 ../libopencm3/lib\libopencm3_stm32f1.a(rcc_common_all.o)
 .debug_aranges
                0x00000390       0xf8 ../libopencm3/lib\libopencm3_stm32f1.a(usart_common_all.o)
 .debug_aranges
                0x00000488       0x40 ../libopencm3/lib\libopencm3_stm32f1.a(usart_common_f124.o)
 .debug_aranges
                0x000004c8       0x30 ../libopencm3/lib\libopencm3_stm32f1.a(vector.o)
 .debug_aranges
                0x000004f8       0x78 ../libopencm3/lib\libopencm3_stm32f1.a(systick.o)
 .debug_aranges
                0x00000570       0x60 ../libopencm3/lib\libopencm3_stm32f1.a(nvic.o)
 .debug_aranges
                0x000005d0       0x38 ../libopencm3/lib\libopencm3_stm32f1.a(flash_common_all.o)

.debug_rnglists
                0x00000000      0x512
 .debug_rnglists
                0x00000000       0x26 src/bootloader.o
 .debug_rnglists
                0x00000026       0x6f src/comms.o
 .debug_rnglists
                0x00000095       0x3d ../shared/src/core/system.o
 .debug_rnglists
                0x000000d2       0x50 ../shared/src/core/uart.o
 .debug_rnglists
                0x00000122       0x25 ../shared/src/core/ring-buffer.o
 .debug_rnglists
                0x00000147       0x22 ../shared/src/core/crc8.o
 .debug_rnglists
                0x00000169       0x25 ../libopencm3/lib\libopencm3_stm32f1.a(gpio.o)
 .debug_rnglists
                0x0000018e      0x160 ../libopencm3/lib\libopencm3_stm32f1.a(rcc.o)
 .debug_rnglists
                0x000002ee       0x5b ../libopencm3/lib\libopencm3_stm32f1.a(rcc_common_all.o)
 .debug_rnglists
                0x00000349       0xb5 ../libopencm3/lib\libopencm3_stm32f1.a(usart_common_all.o)
 .debug_rnglists
                0x000003fe       0x2b ../libopencm3/lib\libopencm3_stm32f1.a(usart_common_f124.o)
 .debug_rnglists
                0x00000429       0x20 ../libopencm3/lib\libopencm3_stm32f1.a(vector.o)
 .debug_rnglists
                0x00000449       0x61 ../libopencm3/lib\libopencm3_stm32f1.a(systick.o)
 .debug_rnglists
                0x000004aa       0x43 ../libopencm3/lib\libopencm3_stm32f1.a(nvic.o)
 .debug_rnglists
                0x000004ed       0x25 ../libopencm3/lib\libopencm3_stm32f1.a(flash_common_all.o)

.debug_macro    0x00000000     0x4536
 .debug_macro   0x00000000      0x11c src/bootloader.o
 .debug_macro   0x0000011c      0xad2 src/bootloader.o
 .debug_macro   0x00000bee       0x22 src/bootloader.o
 .debug_macro   0x00000c10       0x56 src/bootloader.o
 .debug_macro   0x00000c66       0x6d src/bootloader.o
 .debug_macro   0x00000cd3      0x103 src/bootloader.o
 .debug_macro   0x00000dd6       0x6a src/bootloader.o
 .debug_macro   0x00000e40      0x1d0 src/bootloader.o
 .debug_macro   0x00001010       0x22 src/bootloader.o
 .debug_macro   0x00001032       0x76 src/bootloader.o
 .debug_macro   0x000010a8      0x100 src/bootloader.o
 .debug_macro   0x000011a8      0x3a3 src/bootloader.o
 .debug_macro   0x0000154b      0x1ba src/bootloader.o
 .debug_macro   0x00001705       0x10 src/bootloader.o
 .debug_macro   0x00001715       0x16 src/bootloader.o
 .debug_macro   0x0000172b       0x76 src/bootloader.o
 .debug_macro   0x000017a1      0xe2e src/bootloader.o
 .debug_macro   0x000025cf       0xbe src/comms.o
 .debug_macro   0x0000268d      0x189 src/comms.o
 .debug_macro   0x00002816       0xd7 ../shared/src/core/system.o
 .debug_macro   0x000028ed      0x8c6 ../shared/src/core/system.o
 .debug_macro   0x000031b3       0x6f ../shared/src/core/system.o
 .debug_macro   0x00003222      0x144 ../shared/src/core/uart.o
 .debug_macro   0x00003366       0x94 ../shared/src/core/uart.o
 .debug_macro   0x000033fa      0x29e ../shared/src/core/uart.o
 .debug_macro   0x00003698       0x6e ../shared/src/core/uart.o
 .debug_macro   0x00003706      0x1a2 ../shared/src/core/uart.o
 .debug_macro   0x000038a8       0x89 ../shared/src/core/ring-buffer.o
 .debug_macro   0x00003931       0x80 ../shared/src/core/crc8.o
 .debug_macro   0x000039b1       0xb8 ../libopencm3/lib\libopencm3_stm32f1.a(gpio.o)
 .debug_macro   0x00003a69       0xe7 ../libopencm3/lib\libopencm3_stm32f1.a(rcc.o)
 .debug_macro   0x00003b50       0x16 ../libopencm3/lib\libopencm3_stm32f1.a(rcc.o)
 .debug_macro   0x00003b66       0xce ../libopencm3/lib\libopencm3_stm32f1.a(rcc_common_all.o)
 .debug_macro   0x00003c34       0xda ../libopencm3/lib\libopencm3_stm32f1.a(usart_common_all.o)
 .debug_macro   0x00003d0e       0xda ../libopencm3/lib\libopencm3_stm32f1.a(usart_common_f124.o)
 .debug_macro   0x00003de8       0xcf ../libopencm3/lib\libopencm3_stm32f1.a(vector.o)
 .debug_macro   0x00003eb7       0x92 ../libopencm3/lib\libopencm3_stm32f1.a(systick.o)
 .debug_macro   0x00003f49       0x69 ../libopencm3/lib\libopencm3_stm32f1.a(systick.o)
 .debug_macro   0x00003fb2       0xb3 ../libopencm3/lib\libopencm3_stm32f1.a(nvic.o)
 .debug_macro   0x00004065       0x68 ../libopencm3/lib\libopencm3_stm32f1.a(nvic.o)
 .debug_macro   0x000040cd      0x3a9 ../libopencm3/lib\libopencm3_stm32f1.a(nvic.o)
 .debug_macro   0x00004476       0xc0 ../libopencm3/lib\libopencm3_stm32f1.a(flash_common_all.o)

.debug_line     0x00000000     0x3fcd
 .debug_line    0x00000000      0x3f6 src/bootloader.o
 .debug_line    0x000003f6      0x51b src/comms.o
 .debug_line    0x00000911      0x321 ../shared/src/core/system.o
 .debug_line    0x00000c32      0x4cf ../shared/src/core/uart.o
 .debug_line    0x00001101      0x2f8 ../shared/src/core/ring-buffer.o
 .debug_line    0x000013f9      0x1e1 ../shared/src/core/crc8.o
 .debug_line    0x000015da      0x374 ../libopencm3/lib\libopencm3_stm32f1.a(gpio.o)
 .debug_line    0x0000194e      0xcdf ../libopencm3/lib\libopencm3_stm32f1.a(rcc.o)
 .debug_line    0x0000262d      0x3d1 ../libopencm3/lib\libopencm3_stm32f1.a(rcc_common_all.o)
 .debug_line    0x000029fe      0x626 ../libopencm3/lib\libopencm3_stm32f1.a(usart_common_all.o)
 .debug_line    0x00003024      0x314 ../libopencm3/lib\libopencm3_stm32f1.a(usart_common_f124.o)
 .debug_line    0x00003338      0x348 ../libopencm3/lib\libopencm3_stm32f1.a(vector.o)
 .debug_line    0x00003680      0x325 ../libopencm3/lib\libopencm3_stm32f1.a(systick.o)
 .debug_line    0x000039a5      0x355 ../libopencm3/lib\libopencm3_stm32f1.a(nvic.o)
 .debug_line    0x00003cfa      0x2d3 ../libopencm3/lib\libopencm3_stm32f1.a(flash_common_all.o)

.debug_str      0x00000000    0x10694
 .debug_str     0x00000000    0x10694 src/bootloader.o
                               0x9c36 (size before relaxing)
 .debug_str     0x00010694        0x0 src/comms.o
                               0x43c7 (size before relaxing)
 .debug_str     0x00010694        0x0 ../shared/src/core/system.o
                               0x7a38 (size before relaxing)
 .debug_str     0x00010694        0x0 ../shared/src/core/uart.o
                               0xcd7f (size before relaxing)
 .debug_str     0x00010694        0x0 ../shared/src/core/ring-buffer.o
                               0x41b6 (size before relaxing)
 .debug_str     0x00010694        0x0 ../shared/src/core/crc8.o
                               0x3dc0 (size before relaxing)
 .debug_str     0x00010694        0x0 ../libopencm3/lib\libopencm3_stm32f1.a(gpio.o)
                               0x87e5 (size before relaxing)
 .debug_str     0x00010694        0x0 ../libopencm3/lib\libopencm3_stm32f1.a(rcc.o)
                               0x843a (size before relaxing)
 .debug_str     0x00010694        0x0 ../libopencm3/lib\libopencm3_stm32f1.a(rcc_common_all.o)
                               0x7b48 (size before relaxing)
 .debug_str     0x00010694        0x0 ../libopencm3/lib\libopencm3_stm32f1.a(usart_common_all.o)
                               0x87ac (size before relaxing)
 .debug_str     0x00010694        0x0 ../libopencm3/lib\libopencm3_stm32f1.a(usart_common_f124.o)
                               0x84fd (size before relaxing)
 .debug_str     0x00010694        0x0 ../libopencm3/lib\libopencm3_stm32f1.a(vector.o)
                               0x687e (size before relaxing)
 .debug_str     0x00010694        0x0 ../libopencm3/lib\libopencm3_stm32f1.a(systick.o)
                               0x470f (size before relaxing)
 .debug_str     0x00010694        0x0 ../libopencm3/lib\libopencm3_stm32f1.a(nvic.o)
                               0x5e60 (size before relaxing)
 .debug_str     0x00010694        0x0 ../libopencm3/lib\libopencm3_stm32f1.a(flash_common_all.o)
                               0x571e (size before relaxing)

.comment        0x00000000       0x46
 .comment       0x00000000       0x46 src/bootloader.o
                                 0x47 (size before relaxing)
 .comment       0x00000046        0x0 src/comms.o
                                 0x47 (size before relaxing)
 .comment       0x00000046        0x0 ../shared/src/core/system.o
                                 0x47 (size before relaxing)
 .comment       0x00000046        0x0 ../shared/src/core/uart.o
                                 0x47 (size before relaxing)
 .comment       0x00000046        0x0 ../shared/src/core/ring-buffer.o
                                 0x47 (size before relaxing)
 .comment       0x00000046        0x0 ../shared/src/core/crc8.o
                                 0x47 (size before relaxing)
 .comment       0x00000046        0x0 ../libopencm3/lib\libopencm3_stm32f1.a(gpio.o)
                                 0x47 (size before relaxing)
 .comment       0x00000046        0x0 ../libopencm3/lib\libopencm3_stm32f1.a(rcc.o)
                                 0x47 (size before relaxing)
 .comment       0x00000046        0x0 ../libopencm3/lib\libopencm3_stm32f1.a(rcc_common_all.o)
                                 0x47 (size before relaxing)
 .comment       0x00000046        0x0 ../libopencm3/lib\libopencm3_stm32f1.a(usart_common_all.o)
                                 0x47 (size before relaxing)
 .comment       0x00000046        0x0 ../libopencm3/lib\libopencm3_stm32f1.a(usart_common_f124.o)
                                 0x47 (size before relaxing)
 .comment       0x00000046        0x0 ../libopencm3/lib\libopencm3_stm32f1.a(vector.o)
                                 0x47 (size before relaxing)
 .comment       0x00000046        0x0 ../libopencm3/lib\libopencm3_stm32f1.a(systick.o)
                                 0x47 (size before relaxing)
 .comment       0x00000046        0x0 ../libopencm3/lib\libopencm3_stm32f1.a(nvic.o)
                                 0x47 (size before relaxing)
 .comment       0x00000046        0x0 ../libopencm3/lib\libopencm3_stm32f1.a(flash_common_all.o)
                                 0x47 (size before relaxing)

.ARM.attributes
                0x00000000       0x2d
 .ARM.attributes
                0x00000000       0x2d src/bootloader.o
 .ARM.attributes
                0x0000002d       0x2d src/comms.o
 .ARM.attributes
                0x0000005a       0x2d ../shared/src/core/system.o
 .ARM.attributes
                0x00000087       0x2d ../shared/src/core/uart.o
 .ARM.attributes
                0x000000b4       0x2d ../shared/src/core/ring-buffer.o
 .ARM.attributes
                0x000000e1       0x2d ../shared/src/core/crc8.o
 .ARM.attributes
                0x0000010e       0x2d ../libopencm3/lib\libopencm3_stm32f1.a(gpio.o)
 .ARM.attributes
                0x0000013b       0x2d ../libopencm3/lib\libopencm3_stm32f1.a(rcc.o)
 .ARM.attributes
                0x00000168       0x2d ../libopencm3/lib\libopencm3_stm32f1.a(rcc_common_all.o)
 .ARM.attributes
                0x00000195       0x2d ../libopencm3/lib\libopencm3_stm32f1.a(usart_common_all.o)
 .ARM.attributes
                0x000001c2       0x2d ../libopencm3/lib\libopencm3_stm32f1.a(usart_common_f124.o)
 .ARM.attributes
                0x000001ef       0x2d ../libopencm3/lib\libopencm3_stm32f1.a(vector.o)
 .ARM.attributes
                0x0000021c       0x2d ../libopencm3/lib\libopencm3_stm32f1.a(systick.o)
 .ARM.attributes
                0x00000249       0x2d ../libopencm3/lib\libopencm3_stm32f1.a(nvic.o)
 .ARM.attributes
                0x00000276       0x2d ../libopencm3/lib\libopencm3_stm32f1.a(flash_common_all.o)
 .ARM.attributes
                0x000002a3       0x2d D:/bin/../lib/gcc/arm-none-eabi/15.3.1/../../../../arm-none-eabi/lib/thumb/v7-m/nofp\libc.a(libc_a-memset.o)

.debug_frame    0x00000000      0xbdc
 .debug_frame   0x00000000       0x6c src/bootloader.o
 .debug_frame   0x0000006c       0xc0 src/comms.o
 .debug_frame   0x0000012c       0x5c ../shared/src/core/system.o
 .debug_frame   0x00000188       0xc8 ../shared/src/core/uart.o
 .debug_frame   0x00000250       0x64 ../shared/src/core/ring-buffer.o
 .debug_frame   0x000002b4       0x28 ../shared/src/core/crc8.o
 .debug_frame   0x000002dc       0x64 ../libopencm3/lib\libopencm3_stm32f1.a(gpio.o)
 .debug_frame   0x00000340      0x318 ../libopencm3/lib\libopencm3_stm32f1.a(rcc.o)
 .debug_frame   0x00000658       0xe0 ../libopencm3/lib\libopencm3_stm32f1.a(rcc_common_all.o)
 .debug_frame   0x00000738      0x204 ../libopencm3/lib\libopencm3_stm32f1.a(usart_common_all.o)
 .debug_frame   0x0000093c       0x60 ../libopencm3/lib\libopencm3_stm32f1.a(usart_common_f124.o)
 .debug_frame   0x0000099c       0x4c ../libopencm3/lib\libopencm3_stm32f1.a(vector.o)
 .debug_frame   0x000009e8       0xd8 ../libopencm3/lib\libopencm3_stm32f1.a(systick.o)
 .debug_frame   0x00000ac0       0xa0 ../libopencm3/lib\libopencm3_stm32f1.a(nvic.o)
 .debug_frame   0x00000b60       0x50 ../libopencm3/lib\libopencm3_stm32f1.a(flash_common_all.o)
 .debug_frame   0x00000bb0       0x2c D:/bin/../lib/gcc/arm-none-eabi/15.3.1/../../../../arm-none-eabi/lib/thumb/v7-m/nofp\libc.a(libc_a-memset.o)

Cross Reference Table

Symbol                                            File
__fini_array_end                                  ../libopencm3/lib\libopencm3_stm32f1.a(vector.o)
__fini_array_start                                ../libopencm3/lib\libopencm3_stm32f1.a(vector.o)
__init_array_end                                  ../libopencm3/lib\libopencm3_stm32f1.a(vector.o)
__init_array_start                                ../libopencm3/lib\libopencm3_stm32f1.a(vector.o)
__preinit_array_end                               ../libopencm3/lib\libopencm3_stm32f1.a(vector.o)
__preinit_array_start                             ../libopencm3/lib\libopencm3_stm32f1.a(vector.o)
_data                                             ../libopencm3/lib\libopencm3_stm32f1.a(vector.o)
_data_loadaddr                                    ../libopencm3/lib\libopencm3_stm32f1.a(vector.o)
_ebss                                             ../libopencm3/lib\libopencm3_stm32f1.a(vector.o)
_edata                                            ../libopencm3/lib\libopencm3_stm32f1.a(vector.o)
_stack                                            ../libopencm3/lib\libopencm3_stm32f1.a(vector.o)
adc1_2_isr                                        ../libopencm3/lib\libopencm3_stm32f1.a(vector.o)
adc3_isr                                          ../libopencm3/lib\libopencm3_stm32f1.a(vector.o)
bl_flash_erase_main_application                   src/bl-flash.o
bl_flash_write                                    src/bl-flash.o
blocking_handler                                  ../libopencm3/lib\libopencm3_stm32f1.a(vector.o)
bus_fault_handler                                 ../libopencm3/lib\libopencm3_stm32f1.a(vector.o)
can2_rx0_isr                                      ../libopencm3/lib\libopencm3_stm32f1.a(vector.o)
can2_rx1_isr                                      ../libopencm3/lib\libopencm3_stm32f1.a(vector.o)
can2_sce_isr                                      ../libopencm3/lib\libopencm3_stm32f1.a(vector.o)
can2_tx_isr                                       ../libopencm3/lib\libopencm3_stm32f1.a(vector.o)
can_rx1_isr                                       ../libopencm3/lib\libopencm3_stm32f1.a(vector.o)
can_sce_isr                                       ../libopencm3/lib\libopencm3_stm32f1.a(vector.o)
cm3_assert_failed                                 ../libopencm3/lib\libopencm3_stm32f1.a(assert.o)
                                                  ../libopencm3/lib\libopencm3_stm32f1.a(rcc.o)
cm3_assert_failed_verbose                         ../libopencm3/lib\libopencm3_stm32f1.a(assert.o)
comms_compute_crc                                 src/comms.o
                                                  src/bootloader.o
comms_packets_available                           src/comms.o
comms_read                                        src/comms.o
comms_setup                                       src/comms.o
                                                  src/bootloader.o
comms_update                                      src/comms.o
comms_write                                       src/comms.o
                                                  src/bootloader.o
crc8                                              ../shared/src/core/crc8.o
                                                  src/comms.o
debug_monitor_handler                             ../libopencm3/lib\libopencm3_stm32f1.a(vector.o)
desig_get_flash_size                              ../libopencm3/lib\libopencm3_stm32f1.a(desig_common_v1.o)
                                                  ../libopencm3/lib\libopencm3_stm32f1.a(flash.o)
desig_get_unique_id                               ../libopencm3/lib\libopencm3_stm32f1.a(desig_common_v1.o)
dma1_channel1_isr                                 ../libopencm3/lib\libopencm3_stm32f1.a(vector.o)
dma1_channel2_isr                                 ../libopencm3/lib\libopencm3_stm32f1.a(vector.o)
dma1_channel3_isr                                 ../libopencm3/lib\libopencm3_stm32f1.a(vector.o)
dma1_channel4_isr                                 ../libopencm3/lib\libopencm3_stm32f1.a(vector.o)
dma1_channel5_isr                                 ../libopencm3/lib\libopencm3_stm32f1.a(vector.o)
dma1_channel6_isr                                 ../libopencm3/lib\libopencm3_stm32f1.a(vector.o)
dma1_channel7_isr                                 ../libopencm3/lib\libopencm3_stm32f1.a(vector.o)
dma2_channel1_isr                                 ../libopencm3/lib\libopencm3_stm32f1.a(vector.o)
dma2_channel2_isr                                 ../libopencm3/lib\libopencm3_stm32f1.a(vector.o)
dma2_channel3_isr                                 ../libopencm3/lib\libopencm3_stm32f1.a(vector.o)
dma2_channel4_5_isr                               ../libopencm3/lib\libopencm3_stm32f1.a(vector.o)
dma2_channel5_isr                                 ../libopencm3/lib\libopencm3_stm32f1.a(vector.o)
eth_isr                                           ../libopencm3/lib\libopencm3_stm32f1.a(vector.o)
eth_wkup_isr                                      ../libopencm3/lib\libopencm3_stm32f1.a(vector.o)
exti0_isr                                         ../libopencm3/lib\libopencm3_stm32f1.a(vector.o)
exti15_10_isr                                     ../libopencm3/lib\libopencm3_stm32f1.a(vector.o)
exti1_isr                                         ../libopencm3/lib\libopencm3_stm32f1.a(vector.o)
exti2_isr                                         ../libopencm3/lib\libopencm3_stm32f1.a(vector.o)
exti3_isr                                         ../libopencm3/lib\libopencm3_stm32f1.a(vector.o)
exti4_isr                                         ../libopencm3/lib\libopencm3_stm32f1.a(vector.o)
exti9_5_isr                                       ../libopencm3/lib\libopencm3_stm32f1.a(vector.o)
flash_clear_eop_flag                              ../libopencm3/lib\libopencm3_stm32f1.a(flash_common_f.o)
                                                  ../libopencm3/lib\libopencm3_stm32f1.a(flash.o)
flash_clear_eop_flag_upper                        ../libopencm3/lib\libopencm3_stm32f1.a(flash.o)
flash_clear_pgerr_flag                            ../libopencm3/lib\libopencm3_stm32f1.a(flash_common_f01.o)
                                                  ../libopencm3/lib\libopencm3_stm32f1.a(flash.o)
flash_clear_pgerr_flag_upper                      ../libopencm3/lib\libopencm3_stm32f1.a(flash.o)
flash_clear_status_flags                          ../libopencm3/lib\libopencm3_stm32f1.a(flash.o)
flash_clear_wrprterr_flag                         ../libopencm3/lib\libopencm3_stm32f1.a(flash_common_f01.o)
                                                  ../libopencm3/lib\libopencm3_stm32f1.a(flash.o)
flash_clear_wrprterr_flag_upper                   ../libopencm3/lib\libopencm3_stm32f1.a(flash.o)
flash_erase_all_pages                             ../libopencm3/lib\libopencm3_stm32f1.a(flash.o)
flash_erase_option_bytes                          ../libopencm3/lib\libopencm3_stm32f1.a(flash_common_f01.o)
flash_erase_page                                  ../libopencm3/lib\libopencm3_stm32f1.a(flash.o)
                                                  src/bl-flash.o
flash_get_status_flags                            ../libopencm3/lib\libopencm3_stm32f1.a(flash.o)
                                                  ../libopencm3/lib\libopencm3_stm32f1.a(flash_common_f01.o)
flash_halfcycle_disable                           ../libopencm3/lib\libopencm3_stm32f1.a(flash.o)
flash_halfcycle_enable                            ../libopencm3/lib\libopencm3_stm32f1.a(flash.o)
flash_isr                                         ../libopencm3/lib\libopencm3_stm32f1.a(vector.o)
flash_lock                                        ../libopencm3/lib\libopencm3_stm32f1.a(flash_common_f.o)
                                                  src/bl-flash.o
flash_lock_upper                                  ../libopencm3/lib\libopencm3_stm32f1.a(flash.o)
flash_prefetch_disable                            ../libopencm3/lib\libopencm3_stm32f1.a(flash_common_all.o)
flash_prefetch_enable                             ../libopencm3/lib\libopencm3_stm32f1.a(flash_common_all.o)
flash_program_half_word                           ../libopencm3/lib\libopencm3_stm32f1.a(flash.o)
                                                  ../libopencm3/lib\libopencm3_stm32f1.a(flash_common_f01.o)
                                                  src/bl-flash.o
flash_program_option_bytes                        ../libopencm3/lib\libopencm3_stm32f1.a(flash_common_f01.o)
flash_program_word                                ../libopencm3/lib\libopencm3_stm32f1.a(flash_common_f01.o)
flash_set_ws                                      ../libopencm3/lib\libopencm3_stm32f1.a(flash_common_all.o)
                                                  ../libopencm3/lib\libopencm3_stm32f1.a(rcc.o)
flash_unlock                                      ../libopencm3/lib\libopencm3_stm32f1.a(flash_common_f.o)
                                                  src/bl-flash.o
flash_unlock_option_bytes                         ../libopencm3/lib\libopencm3_stm32f1.a(flash_common_all.o)
                                                  ../libopencm3/lib\libopencm3_stm32f1.a(flash_common_f01.o)
flash_unlock_upper                                ../libopencm3/lib\libopencm3_stm32f1.a(flash.o)
flash_wait_for_last_operation                     ../libopencm3/lib\libopencm3_stm32f1.a(flash_common_f01.o)
                                                  ../libopencm3/lib\libopencm3_stm32f1.a(flash.o)
fsmc_isr                                          ../libopencm3/lib\libopencm3_stm32f1.a(vector.o)
gpio_primary_remap                                ../libopencm3/lib\libopencm3_stm32f1.a(gpio.o)
gpio_secondary_remap                              ../libopencm3/lib\libopencm3_stm32f1.a(gpio.o)
gpio_set_eventout                                 ../libopencm3/lib\libopencm3_stm32f1.a(gpio.o)
gpio_set_mode                                     ../libopencm3/lib\libopencm3_stm32f1.a(gpio.o)
                                                  ../shared/src/core/uart.o
                                                  src/bootloader.o
hard_fault_handler                                ../libopencm3/lib\libopencm3_stm32f1.a(vector.o)
i2c1_er_isr                                       ../libopencm3/lib\libopencm3_stm32f1.a(vector.o)
i2c1_ev_isr                                       ../libopencm3/lib\libopencm3_stm32f1.a(vector.o)
i2c2_er_isr                                       ../libopencm3/lib\libopencm3_stm32f1.a(vector.o)
i2c2_ev_isr                                       ../libopencm3/lib\libopencm3_stm32f1.a(vector.o)
main                                              src/bootloader.o
                                                  ../libopencm3/lib\libopencm3_stm32f1.a(vector.o)
mem_manage_handler                                ../libopencm3/lib\libopencm3_stm32f1.a(vector.o)
memset                                            D:/bin/../lib/gcc/arm-none-eabi/15.3.1/../../../../arm-none-eabi/lib/thumb/v7-m/nofp\libc.a(libc_a-memset.o)
                                                  src/comms.o
nmi_handler                                       ../libopencm3/lib\libopencm3_stm32f1.a(vector.o)
null_handler                                      ../libopencm3/lib\libopencm3_stm32f1.a(vector.o)
nvic_clear_pending_irq                            ../libopencm3/lib\libopencm3_stm32f1.a(nvic.o)
nvic_disable_irq                                  ../libopencm3/lib\libopencm3_stm32f1.a(nvic.o)
nvic_enable_irq                                   ../libopencm3/lib\libopencm3_stm32f1.a(nvic.o)
                                                  ../shared/src/core/uart.o
nvic_generate_software_interrupt                  ../libopencm3/lib\libopencm3_stm32f1.a(nvic.o)
nvic_get_active_irq                               ../libopencm3/lib\libopencm3_stm32f1.a(nvic.o)
nvic_get_irq_enabled                              ../libopencm3/lib\libopencm3_stm32f1.a(nvic.o)
nvic_get_pending_irq                              ../libopencm3/lib\libopencm3_stm32f1.a(nvic.o)
nvic_set_pending_irq                              ../libopencm3/lib\libopencm3_stm32f1.a(nvic.o)
nvic_set_priority                                 ../libopencm3/lib\libopencm3_stm32f1.a(nvic.o)
otg_fs_isr                                        ../libopencm3/lib\libopencm3_stm32f1.a(vector.o)
pend_sv_handler                                   ../libopencm3/lib\libopencm3_stm32f1.a(vector.o)
pvd_isr                                           ../libopencm3/lib\libopencm3_stm32f1.a(vector.o)
rcc_ahb_frequency                                 ../libopencm3/lib\libopencm3_stm32f1.a(rcc.o)
rcc_apb1_frequency                                ../libopencm3/lib\libopencm3_stm32f1.a(rcc.o)
rcc_apb2_frequency                                ../libopencm3/lib\libopencm3_stm32f1.a(rcc.o)
rcc_backupdomain_reset                            ../libopencm3/lib\libopencm3_stm32f1.a(rcc.o)
rcc_clock_setup_in_hse_12mhz_out_72mhz            ../libopencm3/lib\libopencm3_stm32f1.a(rcc.o)
rcc_clock_setup_in_hse_16mhz_out_72mhz            ../libopencm3/lib\libopencm3_stm32f1.a(rcc.o)
rcc_clock_setup_in_hse_25mhz_out_72mhz            ../libopencm3/lib\libopencm3_stm32f1.a(rcc.o)
rcc_clock_setup_in_hse_8mhz_out_24mhz             ../libopencm3/lib\libopencm3_stm32f1.a(rcc.o)
rcc_clock_setup_in_hse_8mhz_out_72mhz             ../libopencm3/lib\libopencm3_stm32f1.a(rcc.o)
rcc_clock_setup_in_hsi_out_24mhz                  ../libopencm3/lib\libopencm3_stm32f1.a(rcc.o)
rcc_clock_setup_in_hsi_out_48mhz                  ../libopencm3/lib\libopencm3_stm32f1.a(rcc.o)
rcc_clock_setup_in_hsi_out_64mhz                  ../libopencm3/lib\libopencm3_stm32f1.a(rcc.o)
rcc_clock_setup_pll                               ../libopencm3/lib\libopencm3_stm32f1.a(rcc.o)
                                                  ../shared/src/core/system.o
rcc_css_disable                                   ../libopencm3/lib\libopencm3_stm32f1.a(rcc.o)
rcc_css_enable                                    ../libopencm3/lib\libopencm3_stm32f1.a(rcc.o)
rcc_css_int_clear                                 ../libopencm3/lib\libopencm3_stm32f1.a(rcc.o)
rcc_css_int_flag                                  ../libopencm3/lib\libopencm3_stm32f1.a(rcc.o)
rcc_enable_rtc_clock                              ../libopencm3/lib\libopencm3_stm32f1.a(rcc.o)
rcc_get_div_from_hpre                             ../libopencm3/lib\libopencm3_stm32f1.a(rcc_common_all.o)
rcc_get_i2c_clk_freq                              ../libopencm3/lib\libopencm3_stm32f1.a(rcc.o)
rcc_get_timer_clk_freq                            ../libopencm3/lib\libopencm3_stm32f1.a(rcc.o)
rcc_get_usart_clk_freq                            ../libopencm3/lib\libopencm3_stm32f1.a(rcc.o)
                                                  ../libopencm3/lib\libopencm3_stm32f1.a(usart_common_all.o)
rcc_hse_configs                                   ../libopencm3/lib\libopencm3_stm32f1.a(rcc.o)
                                                  ../shared/src/core/system.o
rcc_hsi_configs                                   ../libopencm3/lib\libopencm3_stm32f1.a(rcc.o)
rcc_is_osc_ready                                  ../libopencm3/lib\libopencm3_stm32f1.a(rcc.o)
rcc_isr                                           ../libopencm3/lib\libopencm3_stm32f1.a(vector.o)
rcc_osc_bypass_disable                            ../libopencm3/lib\libopencm3_stm32f1.a(rcc_common_all.o)
rcc_osc_bypass_enable                             ../libopencm3/lib\libopencm3_stm32f1.a(rcc_common_all.o)
rcc_osc_off                                       ../libopencm3/lib\libopencm3_stm32f1.a(rcc.o)
rcc_osc_on                                        ../libopencm3/lib\libopencm3_stm32f1.a(rcc.o)
rcc_osc_ready_int_clear                           ../libopencm3/lib\libopencm3_stm32f1.a(rcc.o)
rcc_osc_ready_int_disable                         ../libopencm3/lib\libopencm3_stm32f1.a(rcc.o)
rcc_osc_ready_int_enable                          ../libopencm3/lib\libopencm3_stm32f1.a(rcc.o)
rcc_osc_ready_int_flag                            ../libopencm3/lib\libopencm3_stm32f1.a(rcc.o)
rcc_periph_clock_disable                          ../libopencm3/lib\libopencm3_stm32f1.a(rcc_common_all.o)
rcc_periph_clock_enable                           ../libopencm3/lib\libopencm3_stm32f1.a(rcc_common_all.o)
                                                  ../shared/src/core/uart.o
rcc_periph_reset_hold                             ../libopencm3/lib\libopencm3_stm32f1.a(rcc_common_all.o)
rcc_periph_reset_pulse                            ../libopencm3/lib\libopencm3_stm32f1.a(rcc_common_all.o)
rcc_periph_reset_release                          ../libopencm3/lib\libopencm3_stm32f1.a(rcc_common_all.o)
rcc_peripheral_clear_reset                        ../libopencm3/lib\libopencm3_stm32f1.a(rcc_common_all.o)
rcc_peripheral_disable_clock                      ../libopencm3/lib\libopencm3_stm32f1.a(rcc_common_all.o)
rcc_peripheral_enable_clock                       ../libopencm3/lib\libopencm3_stm32f1.a(rcc_common_all.o)
rcc_peripheral_reset                              ../libopencm3/lib\libopencm3_stm32f1.a(rcc_common_all.o)
rcc_rtc_clock_enabled_flag                        ../libopencm3/lib\libopencm3_stm32f1.a(rcc.o)
rcc_set_adcpre                                    ../libopencm3/lib\libopencm3_stm32f1.a(rcc.o)
rcc_set_hpre                                      ../libopencm3/lib\libopencm3_stm32f1.a(rcc.o)
rcc_set_mco                                       ../libopencm3/lib\libopencm3_stm32f1.a(rcc_common_all.o)
rcc_set_pll2_multiplication_factor                ../libopencm3/lib\libopencm3_stm32f1.a(rcc.o)
rcc_set_pll3_multiplication_factor                ../libopencm3/lib\libopencm3_stm32f1.a(rcc.o)
rcc_set_pll_multiplication_factor                 ../libopencm3/lib\libopencm3_stm32f1.a(rcc.o)
rcc_set_pll_source                                ../libopencm3/lib\libopencm3_stm32f1.a(rcc.o)
rcc_set_pllxtpre                                  ../libopencm3/lib\libopencm3_stm32f1.a(rcc.o)
rcc_set_ppre1                                     ../libopencm3/lib\libopencm3_stm32f1.a(rcc.o)
rcc_set_ppre2                                     ../libopencm3/lib\libopencm3_stm32f1.a(rcc.o)
rcc_set_prediv1                                   ../libopencm3/lib\libopencm3_stm32f1.a(rcc.o)
rcc_set_prediv1_source                            ../libopencm3/lib\libopencm3_stm32f1.a(rcc.o)
rcc_set_prediv2                                   ../libopencm3/lib\libopencm3_stm32f1.a(rcc.o)
rcc_set_rtc_clock_source                          ../libopencm3/lib\libopencm3_stm32f1.a(rcc.o)
rcc_set_sysclk_source                             ../libopencm3/lib\libopencm3_stm32f1.a(rcc.o)
rcc_set_usbpre                                    ../libopencm3/lib\libopencm3_stm32f1.a(rcc.o)
rcc_system_clock_source                           ../libopencm3/lib\libopencm3_stm32f1.a(rcc.o)
rcc_wait_for_osc_ready                            ../libopencm3/lib\libopencm3_stm32f1.a(rcc.o)
reset_handler                                     ../libopencm3/lib\libopencm3_stm32f1.a(vector.o)
ring_buffer_empty                                 ../shared/src/core/ring-buffer.o
                                                  ../shared/src/core/uart.o
ring_buffer_read                                  ../shared/src/core/ring-buffer.o
                                                  ../shared/src/core/uart.o
ring_buffer_setup                                 ../shared/src/core/ring-buffer.o
                                                  ../shared/src/core/uart.o
ring_buffer_write                                 ../shared/src/core/ring-buffer.o
                                                  ../shared/src/core/uart.o
rtc_alarm_isr                                     ../libopencm3/lib\libopencm3_stm32f1.a(vector.o)
rtc_isr                                           ../libopencm3/lib\libopencm3_stm32f1.a(vector.o)
sdio_isr                                          ../libopencm3/lib\libopencm3_stm32f1.a(vector.o)
spi1_isr                                          ../libopencm3/lib\libopencm3_stm32f1.a(vector.o)
spi2_isr                                          ../libopencm3/lib\libopencm3_stm32f1.a(vector.o)
spi3_isr                                          ../libopencm3/lib\libopencm3_stm32f1.a(vector.o)
sv_call_handler                                   ../libopencm3/lib\libopencm3_stm32f1.a(vector.o)
sys_tick_handler                                  ../shared/src/core/system.o
system_delay                                      ../shared/src/core/system.o
                                                  src/bootloader.o
system_get_ticks                                  ../shared/src/core/system.o
system_setup                                      ../shared/src/core/system.o
                                                  src/bootloader.o
systick_clear                                     ../libopencm3/lib\libopencm3_stm32f1.a(systick.o)
                                                  ../shared/src/core/system.o
systick_counter_disable                           ../libopencm3/lib\libopencm3_stm32f1.a(systick.o)
systick_counter_enable                            ../libopencm3/lib\libopencm3_stm32f1.a(systick.o)
                                                  ../shared/src/core/system.o
systick_get_calib                                 ../libopencm3/lib\libopencm3_stm32f1.a(systick.o)
systick_get_countflag                             ../libopencm3/lib\libopencm3_stm32f1.a(systick.o)
systick_get_reload                                ../libopencm3/lib\libopencm3_stm32f1.a(systick.o)
systick_get_value                                 ../libopencm3/lib\libopencm3_stm32f1.a(systick.o)
systick_interrupt_disable                         ../libopencm3/lib\libopencm3_stm32f1.a(systick.o)
systick_interrupt_enable                          ../libopencm3/lib\libopencm3_stm32f1.a(systick.o)
                                                  ../shared/src/core/system.o
systick_set_clocksource                           ../libopencm3/lib\libopencm3_stm32f1.a(systick.o)
                                                  ../shared/src/core/system.o
systick_set_frequency                             ../libopencm3/lib\libopencm3_stm32f1.a(systick.o)
systick_set_reload                                ../libopencm3/lib\libopencm3_stm32f1.a(systick.o)
                                                  ../shared/src/core/system.o
tamper_isr                                        ../libopencm3/lib\libopencm3_stm32f1.a(vector.o)
tim1_brk_isr                                      ../libopencm3/lib\libopencm3_stm32f1.a(vector.o)
tim1_cc_isr                                       ../libopencm3/lib\libopencm3_stm32f1.a(vector.o)
tim1_trg_com_isr                                  ../libopencm3/lib\libopencm3_stm32f1.a(vector.o)
tim1_up_isr                                       ../libopencm3/lib\libopencm3_stm32f1.a(vector.o)
tim2_isr                                          ../libopencm3/lib\libopencm3_stm32f1.a(vector.o)
tim3_isr                                          ../libopencm3/lib\libopencm3_stm32f1.a(vector.o)
tim4_isr                                          ../libopencm3/lib\libopencm3_stm32f1.a(vector.o)
tim5_isr                                          ../libopencm3/lib\libopencm3_stm32f1.a(vector.o)
tim6_isr                                          ../libopencm3/lib\libopencm3_stm32f1.a(vector.o)
tim7_isr                                          ../libopencm3/lib\libopencm3_stm32f1.a(vector.o)
tim8_brk_isr                                      ../libopencm3/lib\libopencm3_stm32f1.a(vector.o)
tim8_cc_isr                                       ../libopencm3/lib\libopencm3_stm32f1.a(vector.o)
tim8_trg_com_isr                                  ../libopencm3/lib\libopencm3_stm32f1.a(vector.o)
tim8_up_isr                                       ../libopencm3/lib\libopencm3_stm32f1.a(vector.o)
uart4_isr                                         ../libopencm3/lib\libopencm3_stm32f1.a(vector.o)
uart5_isr                                         ../libopencm3/lib\libopencm3_stm32f1.a(vector.o)
uart_data_available                               ../shared/src/core/uart.o
                                                  src/comms.o
uart_read                                         ../shared/src/core/uart.o
uart_read_byte                                    ../shared/src/core/uart.o
                                                  src/comms.o
uart_setup                                        ../shared/src/core/uart.o
                                                  src/bootloader.o
uart_write                                        ../shared/src/core/uart.o
                                                  src/comms.o
uart_write_byte                                   ../shared/src/core/uart.o
                                                  src/bootloader.o
usage_fault_handler                               ../libopencm3/lib\libopencm3_stm32f1.a(vector.o)
usart1_isr                                        ../shared/src/core/uart.o
usart2_isr                                        ../libopencm3/lib\libopencm3_stm32f1.a(vector.o)
usart3_isr                                        ../libopencm3/lib\libopencm3_stm32f1.a(vector.o)
usart_disable                                     ../libopencm3/lib\libopencm3_stm32f1.a(usart_common_all.o)
usart_disable_error_interrupt                     ../libopencm3/lib\libopencm3_stm32f1.a(usart_common_all.o)
usart_disable_idle_interrupt                      ../libopencm3/lib\libopencm3_stm32f1.a(usart_common_all.o)
usart_disable_rx_dma                              ../libopencm3/lib\libopencm3_stm32f1.a(usart_common_all.o)
usart_disable_rx_interrupt                        ../libopencm3/lib\libopencm3_stm32f1.a(usart_common_all.o)
usart_disable_tx_complete_interrupt               ../libopencm3/lib\libopencm3_stm32f1.a(usart_common_all.o)
usart_disable_tx_dma                              ../libopencm3/lib\libopencm3_stm32f1.a(usart_common_all.o)
usart_disable_tx_interrupt                        ../libopencm3/lib\libopencm3_stm32f1.a(usart_common_all.o)
usart_enable                                      ../libopencm3/lib\libopencm3_stm32f1.a(usart_common_all.o)
                                                  ../shared/src/core/uart.o
usart_enable_error_interrupt                      ../libopencm3/lib\libopencm3_stm32f1.a(usart_common_all.o)
usart_enable_idle_interrupt                       ../libopencm3/lib\libopencm3_stm32f1.a(usart_common_all.o)
usart_enable_rx_dma                               ../libopencm3/lib\libopencm3_stm32f1.a(usart_common_all.o)
usart_enable_rx_interrupt                         ../libopencm3/lib\libopencm3_stm32f1.a(usart_common_all.o)
                                                  ../shared/src/core/uart.o
usart_enable_tx_complete_interrupt                ../libopencm3/lib\libopencm3_stm32f1.a(usart_common_all.o)
usart_enable_tx_dma                               ../libopencm3/lib\libopencm3_stm32f1.a(usart_common_all.o)
usart_enable_tx_interrupt                         ../libopencm3/lib\libopencm3_stm32f1.a(usart_common_all.o)
usart_get_baudrate                                ../libopencm3/lib\libopencm3_stm32f1.a(usart_common_all.o)
usart_get_databits                                ../libopencm3/lib\libopencm3_stm32f1.a(usart_common_all.o)
usart_get_flag                                    ../libopencm3/lib\libopencm3_stm32f1.a(usart_common_f124.o)
                                                  ../shared/src/core/uart.o
usart_get_parity                                  ../libopencm3/lib\libopencm3_stm32f1.a(usart_common_all.o)
usart_get_stopbits                                ../libopencm3/lib\libopencm3_stm32f1.a(usart_common_all.o)
usart_recv                                        ../libopencm3/lib\libopencm3_stm32f1.a(usart_common_f124.o)
                                                  ../libopencm3/lib\libopencm3_stm32f1.a(usart_common_all.o)
                                                  ../shared/src/core/uart.o
usart_recv_blocking                               ../libopencm3/lib\libopencm3_stm32f1.a(usart_common_all.o)
usart_send                                        ../libopencm3/lib\libopencm3_stm32f1.a(usart_common_f124.o)
                                                  ../libopencm3/lib\libopencm3_stm32f1.a(usart_common_all.o)
usart_send_blocking                               ../libopencm3/lib\libopencm3_stm32f1.a(usart_common_all.o)
                                                  ../shared/src/core/uart.o
usart_set_baudrate                                ../libopencm3/lib\libopencm3_stm32f1.a(usart_common_all.o)
                                                  ../shared/src/core/uart.o
usart_set_databits                                ../libopencm3/lib\libopencm3_stm32f1.a(usart_common_all.o)
                                                  ../shared/src/core/uart.o
usart_set_flow_control                            ../libopencm3/lib\libopencm3_stm32f1.a(usart_common_all.o)
                                                  ../shared/src/core/uart.o
usart_set_mode                                    ../libopencm3/lib\libopencm3_stm32f1.a(usart_common_all.o)
                                                  ../shared/src/core/uart.o
usart_set_parity                                  ../libopencm3/lib\libopencm3_stm32f1.a(usart_common_all.o)
                                                  ../shared/src/core/uart.o
usart_set_stopbits                                ../libopencm3/lib\libopencm3_stm32f1.a(usart_common_all.o)
                                                  ../shared/src/core/uart.o
usart_wait_recv_ready                             ../libopencm3/lib\libopencm3_stm32f1.a(usart_common_f124.o)
                                                  ../libopencm3/lib\libopencm3_stm32f1.a(usart_common_all.o)
usart_wait_send_ready                             ../libopencm3/lib\libopencm3_stm32f1.a(usart_common_f124.o)
                                                  ../libopencm3/lib\libopencm3_stm32f1.a(usart_common_all.o)
usb_hp_can_tx_isr                                 ../libopencm3/lib\libopencm3_stm32f1.a(vector.o)
usb_lp_can_rx0_isr                                ../libopencm3/lib\libopencm3_stm32f1.a(vector.o)
usb_wakeup_isr                                    ../libopencm3/lib\libopencm3_stm32f1.a(vector.o)
vector_table                                      ../libopencm3/lib\libopencm3_stm32f1.a(vector.o)
wwdg_isr                                          ../libopencm3/lib\libopencm3_stm32f1.a(vector.o)
