Archive member included to satisfy reference by file (symbol)

../libopencm3/lib\libopencm3_stm32f1.a(vector.o)
                              (reset_handler)

Discarded input sections

 .group         0x00000000        0xc src/bootloader.o
 .group         0x00000000        0xc src/bootloader.o
 .group         0x00000000        0xc src/bootloader.o
 .group         0x00000000        0xc src/bootloader.o
 .group         0x00000000        0xc src/bootloader.o
 .group         0x00000000        0xc src/bootloader.o
 .group         0x00000000        0xc src/bootloader.o
 .group         0x00000000        0xc src/bootloader.o
 .group         0x00000000        0xc src/bootloader.o
 .group         0x00000000        0xc src/bootloader.o
 .group         0x00000000        0xc src/bootloader.o
 .group         0x00000000        0xc src/bootloader.o
 .text          0x00000000        0x0 src/bootloader.o
 .data          0x00000000        0x0 src/bootloader.o
 .bss           0x00000000        0x0 src/bootloader.o
 .group         0x00000000        0xc ../libopencm3/lib\libopencm3_stm32f1.a(vector.o)
 .group         0x00000000        0xc ../libopencm3/lib\libopencm3_stm32f1.a(vector.o)
 .group         0x00000000        0xc ../libopencm3/lib\libopencm3_stm32f1.a(vector.o)
 .group         0x00000000        0xc ../libopencm3/lib\libopencm3_stm32f1.a(vector.o)
 .group         0x00000000        0xc ../libopencm3/lib\libopencm3_stm32f1.a(vector.o)
 .group         0x00000000        0xc ../libopencm3/lib\libopencm3_stm32f1.a(vector.o)
 .group         0x00000000        0xc ../libopencm3/lib\libopencm3_stm32f1.a(vector.o)
 .group         0x00000000        0xc ../libopencm3/lib\libopencm3_stm32f1.a(vector.o)
 .group         0x00000000        0xc ../libopencm3/lib\libopencm3_stm32f1.a(vector.o)
 .group         0x00000000        0xc ../libopencm3/lib\libopencm3_stm32f1.a(vector.o)
 .group         0x00000000        0xc ../libopencm3/lib\libopencm3_stm32f1.a(vector.o)
 .group         0x00000000        0xc ../libopencm3/lib\libopencm3_stm32f1.a(vector.o)
 .group         0x00000000        0xc ../libopencm3/lib\libopencm3_stm32f1.a(vector.o)
 .group         0x00000000        0xc ../libopencm3/lib\libopencm3_stm32f1.a(vector.o)
 .text          0x00000000        0x0 ../libopencm3/lib\libopencm3_stm32f1.a(vector.o)
 .data          0x00000000        0x0 ../libopencm3/lib\libopencm3_stm32f1.a(vector.o)
 .bss           0x00000000        0x0 ../libopencm3/lib\libopencm3_stm32f1.a(vector.o)
 .debug_macro   0x00000000      0xad2 ../libopencm3/lib\libopencm3_stm32f1.a(vector.o)
 .debug_macro   0x00000000       0x76 ../libopencm3/lib\libopencm3_stm32f1.a(vector.o)
 .debug_macro   0x00000000       0x22 ../libopencm3/lib\libopencm3_stm32f1.a(vector.o)
 .debug_macro   0x00000000       0x56 ../libopencm3/lib\libopencm3_stm32f1.a(vector.o)
 .debug_macro   0x00000000       0x6d ../libopencm3/lib\libopencm3_stm32f1.a(vector.o)
 .debug_macro   0x00000000      0x103 ../libopencm3/lib\libopencm3_stm32f1.a(vector.o)
 .debug_macro   0x00000000       0x6a ../libopencm3/lib\libopencm3_stm32f1.a(vector.o)
 .debug_macro   0x00000000      0x1d0 ../libopencm3/lib\libopencm3_stm32f1.a(vector.o)
 .debug_macro   0x00000000       0x22 ../libopencm3/lib\libopencm3_stm32f1.a(vector.o)
 .debug_macro   0x00000000      0x3a3 ../libopencm3/lib\libopencm3_stm32f1.a(vector.o)

Memory Configuration

Name             Origin             Length             Attributes
ram              0x20000000         0x00010000         xrw
rom              0x08000000         0x00008000         xr
*default*        0x00000000         0xffffffff

Linker script and memory map

LOAD src/bootloader.o
LOAD ../libopencm3/lib\libopencm3_stm32f1.a
START GROUP
LOAD D:/bin/../lib/gcc/arm-none-eabi/15.3.1/../../../../arm-none-eabi/lib/thumb/v7-m/nofp\libc.a
LOAD D:/bin/../lib/gcc/arm-none-eabi/15.3.1/thumb/v7-m/nofp\libgcc.a
LOAD D:/bin/../lib/gcc/arm-none-eabi/15.3.1/../../../../arm-none-eabi/lib/thumb/v7-m/nofp\libnosys.a
END GROUP
START GROUP
LOAD D:/bin/../lib/gcc/arm-none-eabi/15.3.1/thumb/v7-m/nofp\libgcc.a
LOAD D:/bin/../lib/gcc/arm-none-eabi/15.3.1/../../../../arm-none-eabi/lib/thumb/v7-m/nofp\libg.a
LOAD D:/bin/../lib/gcc/arm-none-eabi/15.3.1/../../../../arm-none-eabi/lib/thumb/v7-m/nofp\libc.a
END GROUP

.text           0x08000000      0x228
 *(.vectors)
 .vectors       0x08000000      0x150 ../libopencm3/lib\libopencm3_stm32f1.a(vector.o)
                0x08000000                vector_table
 *(.text*)
 .text.startup.main
                0x08000150       0x40 src/bootloader.o
                0x08000150                main
 .text.blocking_handler
                0x08000190        0x2 ../libopencm3/lib\libopencm3_stm32f1.a(vector.o)
                0x08000190                usart3_isr
                0x08000190                rtc_isr
                0x08000190                tim7_isr
                0x08000190                adc1_2_isr
                0x08000190                tim1_trg_com_isr
                0x08000190                usb_hp_can_tx_isr
                0x08000190                tim6_isr
                0x08000190                usb_wakeup_isr
                0x08000190                blocking_handler
                0x08000190                tim5_isr
                0x08000190                otg_fs_isr
                0x08000190                spi1_isr
                0x08000190                exti2_isr
                0x08000190                dma1_channel6_isr
                0x08000190                can_rx1_isr
                0x08000190                dma1_channel5_isr
                0x08000190                dma2_channel5_isr
                0x08000190                usart1_isr
                0x08000190                usage_fault_handler
                0x08000190                tim8_trg_com_isr
                0x08000190                can2_rx0_isr
                0x08000190                tim1_brk_isr
                0x08000190                can2_rx1_isr
                0x08000190                tim1_cc_isr
                0x08000190                sdio_isr
                0x08000190                eth_isr
                0x08000190                dma1_channel4_isr
                0x08000190                tim8_brk_isr
                0x08000190                dma2_channel4_5_isr
                0x08000190                pvd_isr
                0x08000190                rcc_isr
                0x08000190                flash_isr
                0x08000190                uart4_isr
                0x08000190                rtc_alarm_isr
                0x08000190                exti15_10_isr
                0x08000190                hard_fault_handler
                0x08000190                exti1_isr
                0x08000190                i2c1_ev_isr
                0x08000190                dma2_channel1_isr
                0x08000190                spi2_isr
                0x08000190                tim8_up_isr
                0x08000190                dma2_channel2_isr
                0x08000190                exti3_isr
                0x08000190                adc3_isr
                0x08000190                tim3_isr
                0x08000190                usart2_isr
                0x08000190                usb_lp_can_rx0_isr
                0x08000190                i2c2_er_isr
                0x08000190                i2c2_ev_isr
                0x08000190                uart5_isr
                0x08000190                fsmc_isr
                0x08000190                dma1_channel1_isr
                0x08000190                exti4_isr
                0x08000190                mem_manage_handler
                0x08000190                can2_tx_isr
                0x08000190                exti9_5_isr
                0x08000190                dma2_channel3_isr
                0x08000190                dma1_channel7_isr
                0x08000190                tim1_up_isr
                0x08000190                can2_sce_isr
                0x08000190                tim4_isr
                0x08000190                dma1_channel2_isr
                0x08000190                i2c1_er_isr
                0x08000190                can_sce_isr
                0x08000190                tim8_cc_isr
                0x08000190                tamper_isr
                0x08000190                eth_wkup_isr
                0x08000190                bus_fault_handler
                0x08000190                wwdg_isr
                0x08000190                dma1_channel3_isr
                0x08000190                spi3_isr
                0x08000190                tim2_isr
                0x08000190                exti0_isr
 .text.null_handler
                0x08000192        0x2 ../libopencm3/lib\libopencm3_stm32f1.a(vector.o)
                0x08000192                sv_call_handler
                0x08000192                pend_sv_handler
                0x08000192                debug_monitor_handler
                0x08000192                sys_tick_handler
                0x08000192                nmi_handler
                0x08000192                null_handler
 .text.reset_handler
                0x08000194       0x94 ../libopencm3/lib\libopencm3_stm32f1.a(vector.o)
                0x08000194                reset_handler
                0x08000228                        . = ALIGN (0x4)
 *(.rodata*)
                0x08000228                        . = ALIGN (0x4)

.glue_7         0x08000228        0x0
 .glue_7        0x08000228        0x0 linker stubs

.glue_7t        0x08000228        0x0
 .glue_7t       0x08000228        0x0 linker stubs

.vfp11_veneer   0x08000228        0x0
 .vfp11_veneer  0x08000228        0x0 linker stubs

.v4_bx          0x08000228        0x0
 .v4_bx         0x08000228        0x0 linker stubs

.iplt           0x08000228        0x0
 .iplt          0x08000228        0x0 ../libopencm3/lib\libopencm3_stm32f1.a(vector.o)

.rel.dyn        0x08000228        0x0
 .rel.iplt      0x08000228        0x0 ../libopencm3/lib\libopencm3_stm32f1.a(vector.o)

.preinit_array  0x08000228        0x0
                0x08000228                        . = ALIGN (0x4)
                0x08000228                        __preinit_array_start = .
 *(.preinit_array)
                0x08000228                        __preinit_array_end = .

.init_array     0x08000228        0x0
                0x08000228                        . = ALIGN (0x4)
                0x08000228                        __init_array_start = .
 *(SORT_BY_NAME(.init_array.*))
 *(.init_array)
                0x08000228                        __init_array_end = .

.fini_array     0x08000228        0x0
                0x08000228                        . = ALIGN (0x4)
                0x08000228                        __fini_array_start = .
 *(.fini_array)
 *(SORT_BY_NAME(.fini_array.*))
                0x08000228                        __fini_array_end = .

.ARM.extab
 *(.ARM.extab*)

.ARM.exidx      0x08000228        0x0
                0x08000228                        __exidx_start = .
 *(.ARM.exidx*)
                0x08000228                        __exidx_end = .
                0x08000228                        . = ALIGN (0x4)
                0x08000228                        _etext = .

.noinit
 *(.noinit*)
                0x08000228                        . = ALIGN (0x4)

.data           0x20000000        0x0 load address 0x08000228
                0x20000000                        _data = .
 *(.data*)
 *(.ramtext*)
                0x20000000                        . = ALIGN (0x4)
                0x20000000                        _edata = .
                0x08000228                        _data_loadaddr = LOADADDR (.data)

.igot.plt       0x20000000        0x0 load address 0x08000228
 .igot.plt      0x20000000        0x0 ../libopencm3/lib\libopencm3_stm32f1.a(vector.o)

.bss            0x20000000        0x0 load address 0x08000228
 *(.bss*)
 *(COMMON)
                0x20000000                        . = ALIGN (0x4)
                0x20000000                        _ebss = .

/DISCARD/
 *(.eh_frame)
                0x20000000                        . = ALIGN (0x4)
                0x20000000                        end = .
                0x20010000                        PROVIDE (_stack = (ORIGIN (ram) + LENGTH (ram)))
OUTPUT(bootloader.elf elf32-littlearm)
LOAD linker stubs

.debug_info     0x00000000      0x4b7
 .debug_info    0x00000000      0x1f3 src/bootloader.o
 .debug_info    0x000001f3      0x2c4 ../libopencm3/lib\libopencm3_stm32f1.a(vector.o)

.debug_abbrev   0x00000000      0x247
 .debug_abbrev  0x00000000       0xfe src/bootloader.o
 .debug_abbrev  0x000000fe      0x149 ../libopencm3/lib\libopencm3_stm32f1.a(vector.o)

.debug_loclists
                0x00000000      0x117
 .debug_loclists
                0x00000000       0x6f src/bootloader.o
 .debug_loclists
                0x0000006f       0xa8 ../libopencm3/lib\libopencm3_stm32f1.a(vector.o)

.debug_aranges  0x00000000       0x50
 .debug_aranges
                0x00000000       0x20 src/bootloader.o
 .debug_aranges
                0x00000020       0x30 ../libopencm3/lib\libopencm3_stm32f1.a(vector.o)

.debug_rnglists
                0x00000000       0x33
 .debug_rnglists
                0x00000000       0x13 src/bootloader.o
 .debug_rnglists
                0x00000013       0x20 ../libopencm3/lib\libopencm3_stm32f1.a(vector.o)

.debug_macro    0x00000000     0x1a94
 .debug_macro   0x00000000       0xc8 src/bootloader.o
 .debug_macro   0x000000c8      0xad2 src/bootloader.o
 .debug_macro   0x00000b9a       0x22 src/bootloader.o
 .debug_macro   0x00000bbc       0x56 src/bootloader.o
 .debug_macro   0x00000c12       0x6d src/bootloader.o
 .debug_macro   0x00000c7f      0x103 src/bootloader.o
 .debug_macro   0x00000d82       0x6a src/bootloader.o
 .debug_macro   0x00000dec      0x1d0 src/bootloader.o
 .debug_macro   0x00000fbc       0x22 src/bootloader.o
 .debug_macro   0x00000fde       0x76 src/bootloader.o
 .debug_macro   0x00001054      0x100 src/bootloader.o
 .debug_macro   0x00001154      0x3a3 src/bootloader.o
 .debug_macro   0x000014f7      0x1ba src/bootloader.o
 .debug_macro   0x000016b1       0xcf ../libopencm3/lib\libopencm3_stm32f1.a(vector.o)
 .debug_macro   0x00001780       0x1c ../libopencm3/lib\libopencm3_stm32f1.a(vector.o)
 .debug_macro   0x0000179c       0xe8 ../libopencm3/lib\libopencm3_stm32f1.a(vector.o)
 .debug_macro   0x00001884       0x6e ../libopencm3/lib\libopencm3_stm32f1.a(vector.o)
 .debug_macro   0x000018f2      0x1a2 ../libopencm3/lib\libopencm3_stm32f1.a(vector.o)

.debug_line     0x00000000      0x5b0
 .debug_line    0x00000000      0x268 src/bootloader.o
 .debug_line    0x00000268      0x348 ../libopencm3/lib\libopencm3_stm32f1.a(vector.o)

.debug_str      0x00000000     0x7433
 .debug_str     0x00000000     0x7433 src/bootloader.o
                               0x6251 (size before relaxing)
 .debug_str     0x00007433        0x0 ../libopencm3/lib\libopencm3_stm32f1.a(vector.o)
                               0x687e (size before relaxing)

.comment        0x00000000       0x46
 .comment       0x00000000       0x46 src/bootloader.o
                                 0x47 (size before relaxing)
 .comment       0x00000046        0x0 ../libopencm3/lib\libopencm3_stm32f1.a(vector.o)
                                 0x47 (size before relaxing)

.ARM.attributes
                0x00000000       0x2d
 .ARM.attributes
                0x00000000       0x2d src/bootloader.o
 .ARM.attributes
                0x0000002d       0x2d ../libopencm3/lib\libopencm3_stm32f1.a(vector.o)

.debug_frame    0x00000000       0x6c
 .debug_frame   0x00000000       0x20 src/bootloader.o
 .debug_frame   0x00000020       0x4c ../libopencm3/lib\libopencm3_stm32f1.a(vector.o)

Cross Reference Table

Symbol                                            File
__fini_array_end                                  ../libopencm3/lib\libopencm3_stm32f1.a(vector.o)
__fini_array_start                                ../libopencm3/lib\libopencm3_stm32f1.a(vector.o)
__init_array_end                                  ../libopencm3/lib\libopencm3_stm32f1.a(vector.o)
__init_array_start                                ../libopencm3/lib\libopencm3_stm32f1.a(vector.o)
__preinit_array_end                               ../libopencm3/lib\libopencm3_stm32f1.a(vector.o)
__preinit_array_start                             ../libopencm3/lib\libopencm3_stm32f1.a(vector.o)
_data                                             ../libopencm3/lib\libopencm3_stm32f1.a(vector.o)
_data_loadaddr                                    ../libopencm3/lib\libopencm3_stm32f1.a(vector.o)
_ebss                                             ../libopencm3/lib\libopencm3_stm32f1.a(vector.o)
_edata                                            ../libopencm3/lib\libopencm3_stm32f1.a(vector.o)
_stack                                            ../libopencm3/lib\libopencm3_stm32f1.a(vector.o)
adc1_2_isr                                        ../libopencm3/lib\libopencm3_stm32f1.a(vector.o)
adc3_isr                                          ../libopencm3/lib\libopencm3_stm32f1.a(vector.o)
blocking_handler                                  ../libopencm3/lib\libopencm3_stm32f1.a(vector.o)
bus_fault_handler                                 ../libopencm3/lib\libopencm3_stm32f1.a(vector.o)
can2_rx0_isr                                      ../libopencm3/lib\libopencm3_stm32f1.a(vector.o)
can2_rx1_isr                                      ../libopencm3/lib\libopencm3_stm32f1.a(vector.o)
can2_sce_isr                                      ../libopencm3/lib\libopencm3_stm32f1.a(vector.o)
can2_tx_isr                                       ../libopencm3/lib\libopencm3_stm32f1.a(vector.o)
can_rx1_isr                                       ../libopencm3/lib\libopencm3_stm32f1.a(vector.o)
can_sce_isr                                       ../libopencm3/lib\libopencm3_stm32f1.a(vector.o)
debug_monitor_handler                             ../libopencm3/lib\libopencm3_stm32f1.a(vector.o)
dma1_channel1_isr                                 ../libopencm3/lib\libopencm3_stm32f1.a(vector.o)
dma1_channel2_isr                                 ../libopencm3/lib\libopencm3_stm32f1.a(vector.o)
dma1_channel3_isr                                 ../libopencm3/lib\libopencm3_stm32f1.a(vector.o)
dma1_channel4_isr                                 ../libopencm3/lib\libopencm3_stm32f1.a(vector.o)
dma1_channel5_isr                                 ../libopencm3/lib\libopencm3_stm32f1.a(vector.o)
dma1_channel6_isr                                 ../libopencm3/lib\libopencm3_stm32f1.a(vector.o)
dma1_channel7_isr                                 ../libopencm3/lib\libopencm3_stm32f1.a(vector.o)
dma2_channel1_isr                                 ../libopencm3/lib\libopencm3_stm32f1.a(vector.o)
dma2_channel2_isr                                 ../libopencm3/lib\libopencm3_stm32f1.a(vector.o)
dma2_channel3_isr                                 ../libopencm3/lib\libopencm3_stm32f1.a(vector.o)
dma2_channel4_5_isr                               ../libopencm3/lib\libopencm3_stm32f1.a(vector.o)
dma2_channel5_isr                                 ../libopencm3/lib\libopencm3_stm32f1.a(vector.o)
eth_isr                                           ../libopencm3/lib\libopencm3_stm32f1.a(vector.o)
eth_wkup_isr                                      ../libopencm3/lib\libopencm3_stm32f1.a(vector.o)
exti0_isr                                         ../libopencm3/lib\libopencm3_stm32f1.a(vector.o)
exti15_10_isr                                     ../libopencm3/lib\libopencm3_stm32f1.a(vector.o)
exti1_isr                                         ../libopencm3/lib\libopencm3_stm32f1.a(vector.o)
exti2_isr                                         ../libopencm3/lib\libopencm3_stm32f1.a(vector.o)
exti3_isr                                         ../libopencm3/lib\libopencm3_stm32f1.a(vector.o)
exti4_isr                                         ../libopencm3/lib\libopencm3_stm32f1.a(vector.o)
exti9_5_isr                                       ../libopencm3/lib\libopencm3_stm32f1.a(vector.o)
flash_isr                                         ../libopencm3/lib\libopencm3_stm32f1.a(vector.o)
fsmc_isr                                          ../libopencm3/lib\libopencm3_stm32f1.a(vector.o)
hard_fault_handler                                ../libopencm3/lib\libopencm3_stm32f1.a(vector.o)
i2c1_er_isr                                       ../libopencm3/lib\libopencm3_stm32f1.a(vector.o)
i2c1_ev_isr                                       ../libopencm3/lib\libopencm3_stm32f1.a(vector.o)
i2c2_er_isr                                       ../libopencm3/lib\libopencm3_stm32f1.a(vector.o)
i2c2_ev_isr                                       ../libopencm3/lib\libopencm3_stm32f1.a(vector.o)
main                                              src/bootloader.o
                                                  ../libopencm3/lib\libopencm3_stm32f1.a(vector.o)
mem_manage_handler                                ../libopencm3/lib\libopencm3_stm32f1.a(vector.o)
nmi_handler                                       ../libopencm3/lib\libopencm3_stm32f1.a(vector.o)
null_handler                                      ../libopencm3/lib\libopencm3_stm32f1.a(vector.o)
otg_fs_isr                                        ../libopencm3/lib\libopencm3_stm32f1.a(vector.o)
pend_sv_handler                                   ../libopencm3/lib\libopencm3_stm32f1.a(vector.o)
pvd_isr                                           ../libopencm3/lib\libopencm3_stm32f1.a(vector.o)
rcc_isr                                           ../libopencm3/lib\libopencm3_stm32f1.a(vector.o)
reset_handler                                     ../libopencm3/lib\libopencm3_stm32f1.a(vector.o)
rtc_alarm_isr                                     ../libopencm3/lib\libopencm3_stm32f1.a(vector.o)
rtc_isr                                           ../libopencm3/lib\libopencm3_stm32f1.a(vector.o)
sdio_isr                                          ../libopencm3/lib\libopencm3_stm32f1.a(vector.o)
spi1_isr                                          ../libopencm3/lib\libopencm3_stm32f1.a(vector.o)
spi2_isr                                          ../libopencm3/lib\libopencm3_stm32f1.a(vector.o)
spi3_isr                                          ../libopencm3/lib\libopencm3_stm32f1.a(vector.o)
sv_call_handler                                   ../libopencm3/lib\libopencm3_stm32f1.a(vector.o)
sys_tick_handler                                  ../libopencm3/lib\libopencm3_stm32f1.a(vector.o)
tamper_isr                                        ../libopencm3/lib\libopencm3_stm32f1.a(vector.o)
tim1_brk_isr                                      ../libopencm3/lib\libopencm3_stm32f1.a(vector.o)
tim1_cc_isr                                       ../libopencm3/lib\libopencm3_stm32f1.a(vector.o)
tim1_trg_com_isr                                  ../libopencm3/lib\libopencm3_stm32f1.a(vector.o)
tim1_up_isr                                       ../libopencm3/lib\libopencm3_stm32f1.a(vector.o)
tim2_isr                                          ../libopencm3/lib\libopencm3_stm32f1.a(vector.o)
tim3_isr                                          ../libopencm3/lib\libopencm3_stm32f1.a(vector.o)
tim4_isr                                          ../libopencm3/lib\libopencm3_stm32f1.a(vector.o)
tim5_isr                                          ../libopencm3/lib\libopencm3_stm32f1.a(vector.o)
tim6_isr                                          ../libopencm3/lib\libopencm3_stm32f1.a(vector.o)
tim7_isr                                          ../libopencm3/lib\libopencm3_stm32f1.a(vector.o)
tim8_brk_isr                                      ../libopencm3/lib\libopencm3_stm32f1.a(vector.o)
tim8_cc_isr                                       ../libopencm3/lib\libopencm3_stm32f1.a(vector.o)
tim8_trg_com_isr                                  ../libopencm3/lib\libopencm3_stm32f1.a(vector.o)
tim8_up_isr                                       ../libopencm3/lib\libopencm3_stm32f1.a(vector.o)
uart4_isr                                         ../libopencm3/lib\libopencm3_stm32f1.a(vector.o)
uart5_isr                                         ../libopencm3/lib\libopencm3_stm32f1.a(vector.o)
usage_fault_handler                               ../libopencm3/lib\libopencm3_stm32f1.a(vector.o)
usart1_isr                                        ../libopencm3/lib\libopencm3_stm32f1.a(vector.o)
usart2_isr                                        ../libopencm3/lib\libopencm3_stm32f1.a(vector.o)
usart3_isr                                        ../libopencm3/lib\libopencm3_stm32f1.a(vector.o)
usb_hp_can_tx_isr                                 ../libopencm3/lib\libopencm3_stm32f1.a(vector.o)
usb_lp_can_rx0_isr                                ../libopencm3/lib\libopencm3_stm32f1.a(vector.o)
usb_wakeup_isr                                    ../libopencm3/lib\libopencm3_stm32f1.a(vector.o)
vector_table                                      ../libopencm3/lib\libopencm3_stm32f1.a(vector.o)
wwdg_isr                                          ../libopencm3/lib\libopencm3_stm32f1.a(vector.o)
